<html>
<body>
<pre>
<h1>µVision Build Log</h1>
<h2>Tool Versions:</h2>
IDE-Version: ¦ÌVision V5.18.0.0
Copyright (C) 2016 ARM Ltd and ARM Germany GmbH. All rights reserved.
License Information: ll ll, ll, LIC=BUUII-TQLC3-9TU3L-07FIR-H6EJE-HZQH6
 
Tool Versions:
Toolchain:       MDK-ARM Standard  Version: 5.18
Toolchain Path:  C:\Keil_v5\ARM\ARMCC\Bin
C Compiler:      Armcc.exe V5.06 update 1 (build 61)
Assembler:       Armasm.exe V5.06 update 1 (build 61)
Linker/Locator:  ArmLink.exe V5.06 update 1 (build 61)
Library Manager: ArmAr.exe V5.06 update 1 (build 61)
Hex Converter:   FromElf.exe V5.06 update 1 (build 61)
CPU DLL:         SARMCM3.DLL V5.18
Dialog DLL:      DCM.DLL V1.13.6.0
Target DLL:      Segger\JL2CM3.dll V2.99.18.0
Dialog DLL:      TCM.DLL V1.14.8.0
 
<h2>Project:</h2>
E:\stm32\ucos\stm32f407\Project\stm32f407-usociii.uvprojx
Project File Date:  07/30/2019

<h2>Output:</h2>
*** Using Compiler 'V5.06 update 1 (build 61)', folder: 'C:\Keil_v5\ARM\ARMCC\Bin'
Rebuild target 'Target 1'
compiling os_app_hooks.c...
compiling bsp.c...
compiling app.c...
..\User\APP\app.c(618): warning:  #1035-D: single-precision operand implicitly converted to double-precision
          while (((2.00 * eps) < delta) ||
..\User\APP\app.c(620): warning:  #1035-D: single-precision operand implicitly converted to double-precision
              c   = (a + b) / 2.00;
..\User\APP\app.c(624): warning:  #1035-D: single-precision operand implicitly converted to double-precision
              if (((f_a > 0.0) && (f_c < 0.0)) ||
..\User\APP\app.c(624): warning:  #1035-D: single-precision operand implicitly converted to double-precision
              if (((f_a > 0.0) && (f_c < 0.0)) ||
..\User\APP\app.c(625): warning:  #1035-D: single-precision operand implicitly converted to double-precision
                  ((f_a < 0.0) && (f_c > 0.0))) {
..\User\APP\app.c(625): warning:  #1035-D: single-precision operand implicitly converted to double-precision
                  ((f_a < 0.0) && (f_c > 0.0))) {
..\User\APP\app.c(627): warning:  #1035-D: single-precision operand implicitly converted to double-precision
              } else if (((f_a > 0.0) && (f_c > 0.0)) ||
..\User\APP\app.c(627): warning:  #1035-D: single-precision operand implicitly converted to double-precision
              } else if (((f_a > 0.0) && (f_c > 0.0)) ||
..\User\APP\app.c(628): warning:  #1035-D: single-precision operand implicitly converted to double-precision
                         ((f_a < 0.0) && (f_c < 0.0))) {
..\User\APP\app.c(628): warning:  #1035-D: single-precision operand implicitly converted to double-precision
                         ((f_a < 0.0) && (f_c < 0.0))) {
..\User\APP\app.c(707): warning:  #1035-D: single-precision operand implicitly converted to double-precision
          while ((2.00 * eps) < delta) {
..\User\APP\app.c(708): warning:  #1035-D: single-precision operand implicitly converted to double-precision
              c   = (a + b) / 2.0;
..\User\APP\app.c(709): warning:  #1035-D: single-precision operand implicitly converted to double-precision
              f_a = a * a - 3.0;
..\User\APP\app.c(710): warning:  #1035-D: single-precision operand implicitly converted to double-precision
              f_c = c * c - 3.0;
..\User\APP\app.c(712): warning:  #1035-D: single-precision operand implicitly converted to double-precision
              if (((f_a > 0.0) && (f_c < 0.0)) ||
..\User\APP\app.c(712): warning:  #1035-D: single-precision operand implicitly converted to double-precision
              if (((f_a > 0.0) && (f_c < 0.0)) ||
..\User\APP\app.c(713): warning:  #1035-D: single-precision operand implicitly converted to double-precision
                  ((f_a < 0.0) && (f_c > 0.0))) {
..\User\APP\app.c(713): warning:  #1035-D: single-precision operand implicitly converted to double-precision
                  ((f_a < 0.0) && (f_c > 0.0))) {
..\User\APP\app.c(715): warning:  #1035-D: single-precision operand implicitly converted to double-precision
              } else if (((f_a > 0.0) && (f_c > 0.0)) ||
..\User\APP\app.c(715): warning:  #1035-D: single-precision operand implicitly converted to double-precision
              } else if (((f_a > 0.0) && (f_c > 0.0)) ||
..\User\APP\app.c(716): warning:  #1035-D: single-precision operand implicitly converted to double-precision
                         ((f_a < 0.0) && (f_c < 0.0))) {
..\User\APP\app.c(716): warning:  #1035-D: single-precision operand implicitly converted to double-precision
                         ((f_a < 0.0) && (f_c < 0.0))) {
..\User\APP\app.c: 22 warnings, 0 errors
compiling bsp_int.c...
compiling cpu_bsp.c...
compiling bsp_periph.c...
assembling cpu_a.asm...
compiling cpu_c.c...
assembling lib_mem_a.asm...
compiling cpu_core.c...
compiling lib_ascii.c...
compiling lib_math.c...
compiling lib_mem.c...
assembling os_cpu_a.asm...
compiling lib_str.c...
compiling os_cpu_c.c...
compiling os_cfg_app.c...
compiling os_core.c...
compiling os_dbg.c...
compiling os_flag.c...
compiling os_int.c...
compiling os_mem.c...
compiling os_msg.c...
compiling os_pend_multi.c...
compiling os_prio.c...
compiling os_mutex.c...
compiling os_q.c...
compiling os_stat.c...
compiling os_sem.c...
compiling os_task.c...
compiling os_tick.c...
compiling os_time.c...
compiling os_var.c...
compiling os_tmr.c...
compiling stm32f4xx_hal.c...
compiling stm32f4xx_hal_adc.c...
compiling stm32f4xx_hal_adc_ex.c...
compiling stm32f4xx_hal_cec.c...
compiling stm32f4xx_hal_can.c...
compiling stm32f4xx_hal_cortex.c...
compiling stm32f4xx_hal_crc.c...
compiling stm32f4xx_hal_cryp_ex.c...
compiling stm32f4xx_hal_cryp.c...
compiling stm32f4xx_hal_dac_ex.c...
compiling stm32f4xx_hal_dcmi.c...
compiling stm32f4xx_hal_dac.c...
compiling stm32f4xx_hal_dma_ex.c...
compiling stm32f4xx_hal_dcmi_ex.c...
compiling stm32f4xx_hal_dma.c...
compiling stm32f4xx_hal_dma2d.c...
compiling stm32f4xx_hal_eth.c...
compiling stm32f4xx_hal_flash.c...
compiling stm32f4xx_hal_flash_ex.c...
compiling stm32f4xx_hal_flash_ramfunc.c...
compiling stm32f4xx_hal_fmpi2c.c...
compiling stm32f4xx_hal_hash.c...
compiling stm32f4xx_hal_fmpi2c_ex.c...
compiling stm32f4xx_hal_gpio.c...
compiling stm32f4xx_hal_hash_ex.c...
compiling stm32f4xx_hal_hcd.c...
compiling stm32f4xx_hal_i2c.c...
compiling stm32f4xx_hal_i2c_ex.c...
compiling stm32f4xx_hal_i2s.c...
compiling stm32f4xx_hal_i2s_ex.c...
compiling stm32f4xx_hal_irda.c...
compiling stm32f4xx_hal_iwdg.c...
compiling stm32f4xx_hal_ltdc.c...
compiling stm32f4xx_hal_msp_template.c...
compiling stm32f4xx_hal_nor.c...
compiling stm32f4xx_hal_pccard.c...
compiling stm32f4xx_hal_nand.c...
compiling stm32f4xx_hal_pwr.c...
compiling stm32f4xx_hal_pcd.c...
compiling stm32f4xx_hal_pcd_ex.c...
compiling stm32f4xx_hal_qspi.c...
compiling stm32f4xx_hal_pwr_ex.c...
compiling stm32f4xx_hal_rcc.c...
compiling stm32f4xx_hal_rcc_ex.c...
compiling stm32f4xx_hal_rng.c...
compiling stm32f4xx_hal_rtc.c...
compiling stm32f4xx_hal_rtc_ex.c...
compiling stm32f4xx_hal_sai_ex.c...
compiling stm32f4xx_hal_sai.c...
compiling stm32f4xx_hal_sdram.c...
compiling stm32f4xx_hal_sd.c...
compiling stm32f4xx_hal_smartcard.c...
compiling stm32f4xx_hal_spdifrx.c...
compiling stm32f4xx_hal_sram.c...
compiling stm32f4xx_hal_spi.c...
compiling stm32f4xx_hal_tim_ex.c...
compiling stm32f4xx_hal_uart.c...
compiling stm32f4xx_hal_tim.c...
compiling stm32f4xx_hal_usart.c...
compiling stm32f4xx_hal_wwdg.c...
compiling stm32f4xx_ll_fmc.c...
compiling stm32f4xx_ll_sdmmc.c...
compiling stm32f4xx_ll_fsmc.c...
compiling stm32f4xx_ll_usb.c...
assembling startup_stm32f407xx.s...
compiling system_stm32f4xx.c...
linking...
Program Size: Code=30236 RO-data=1332 RW-data=240 ZI-data=16512  
".\Objects\stm32f407-usociii.axf" - 0 Error(s), 22 Warning(s).

<h2>Software Packages used:</h2>

Package Vendor: ARM
                http://www.keil.com/pack/ARM.CMSIS.4.5.0.pack
                ARM::CMSIS:CORE:4.3.0
                CMSIS (Cortex Microcontroller Software Interface Standard)
   * Component: CORE Version: 4.3.0

Package Vendor: Keil
                http://www.keil.com/pack/Keil.STM32F4xx_DFP.2.13.0.pack
                Keil::Device:Startup:2.6.2
                STMicroelectronics STM32F4 Series Device Support, Drivers and Examples
   * Component: Startup Version: 2.6.2

<h2>Collection of Component include folders:</h2>
  E:\stm32\ucos\stm32f407\Project\RTE
  C:\Keil_v5\ARM\PACK\ARM\CMSIS\4.5.0\CMSIS\Include
  C:\Keil_v5\ARM\PACK\Keil\STM32F4xx_DFP\2.13.0\Drivers\CMSIS\Device\ST\STM32F4xx\Include

<h2>Collection of Component Files used:</h2>

   * Component: ARM::CMSIS:CORE:4.3.0

   * Component: Keil::Device:Startup:2.6.2
      Source file:   MDK\Device\Source\ARM\STM32F40xxx_41xxx_OPT.s
      Include file:  Drivers\CMSIS\Device\ST\STM32F4xx\Include\stm32f4xx.h
      Source file:   Drivers\CMSIS\Device\ST\STM32F4xx\Source\Templates\arm\startup_stm32f407xx.s
      Source file:   MDK\Device\Source\ARM\STM32F4xx_OTP.s
      Source file:   Drivers\CMSIS\Device\ST\STM32F4xx\Source\Templates\system_stm32f4xx.c
Build Time Elapsed:  00:00:51
</pre>
</body>
</html>
