Component: ARM Compiler 5.06 update 1 (build 61) Tool: armlink [4d35a8]

==============================================================================

Section Cross References

    app.o(i.AppObjCreate) refers to os_sem.o(i.OSSemCreate) for OSSemCreate
    app.o(i.AppObjCreate) refers to os_mutex.o(i.OSMutexCreate) for OSMutexCreate
    app.o(i.AppObjCreate) refers to os_q.o(i.OSQCreate) for OSQCreate
    app.o(i.AppObjCreate) refers to os_flag.o(i.OSFlagCreate) for OSFlagCreate
    app.o(i.AppObjCreate) refers to app.o(.bss) for AppTaskObjSem
    app.o(i.AppTaskCreate) refers to os_task.o(i.OSTaskCreate) for OSTaskCreate
    app.o(i.AppTaskCreate) refers to app.o(.bss) for AppTaskObj0Stk
    app.o(i.AppTaskCreate) refers to app.o(i.AppTaskObj0) for AppTaskObj0
    app.o(i.AppTaskCreate) refers to app.o(i.AppTaskObj1) for AppTaskObj1
    app.o(i.AppTaskCreate) refers to app.o(i.AppTaskEq0Fp) for AppTaskEq0Fp
    app.o(i.AppTaskCreate) refers to app.o(i.AppTaskEq1Fp) for AppTaskEq1Fp
    app.o(i.AppTaskEq0Fp) refers to f2d.o(x$fpl$f2d) for __aeabi_f2d
    app.o(i.AppTaskEq0Fp) refers to dmul.o(x$fpl$dmul) for __aeabi_dmul
    app.o(i.AppTaskEq0Fp) refers to d2f.o(x$fpl$d2f) for __aeabi_d2f
    app.o(i.AppTaskEq0Fp) refers to ddiv.o(x$fpl$ddiv) for __aeabi_ddiv
    app.o(i.AppTaskEq0Fp) refers to cos.o(i.__hardfp_cos) for __hardfp_cos
    app.o(i.AppTaskEq0Fp) refers to sin.o(i.__hardfp_sin) for __hardfp_sin
    app.o(i.AppTaskEq0Fp) refers to daddsub_clz.o(x$fpl$dsub) for __aeabi_dsub
    app.o(i.AppTaskEq0Fp) refers to exp.o(i.__hardfp_exp) for __hardfp_exp
    app.o(i.AppTaskEq0Fp) refers to drleqf.o(x$fpl$drleqf) for __aeabi_cdrcmple
    app.o(i.AppTaskEq0Fp) refers to dleqf.o(x$fpl$dleqf) for __aeabi_cdcmple
    app.o(i.AppTaskEq0Fp) refers to lib_math.o(i.Math_Rand) for Math_Rand
    app.o(i.AppTaskEq1Fp) refers to f2d.o(x$fpl$f2d) for __aeabi_f2d
    app.o(i.AppTaskEq1Fp) refers to dmul.o(x$fpl$dmul) for __aeabi_dmul
    app.o(i.AppTaskEq1Fp) refers to d2f.o(x$fpl$d2f) for __aeabi_d2f
    app.o(i.AppTaskEq1Fp) refers to ddiv.o(x$fpl$ddiv) for __aeabi_ddiv
    app.o(i.AppTaskEq1Fp) refers to daddsub_clz.o(x$fpl$dsub) for __aeabi_dsub
    app.o(i.AppTaskEq1Fp) refers to drleqf.o(x$fpl$drleqf) for __aeabi_cdrcmple
    app.o(i.AppTaskEq1Fp) refers to dleqf.o(x$fpl$dleqf) for __aeabi_cdcmple
    app.o(i.AppTaskEq1Fp) refers to lib_math.o(i.Math_Rand) for Math_Rand
    app.o(i.AppTaskObj0) refers to bsp.o(i.BSP_LED_Toggle) for BSP_LED_Toggle
    app.o(i.AppTaskObj0) refers to os_sem.o(i.OSSemPost) for OSSemPost
    app.o(i.AppTaskObj0) refers to os_mutex.o(i.OSMutexPend) for OSMutexPend
    app.o(i.AppTaskObj0) refers to os_time.o(i.OSTimeDlyHMSM) for OSTimeDlyHMSM
    app.o(i.AppTaskObj0) refers to os_mutex.o(i.OSMutexPost) for OSMutexPost
    app.o(i.AppTaskObj0) refers to os_q.o(i.OSQPost) for OSQPost
    app.o(i.AppTaskObj0) refers to os_flag.o(i.OSFlagPost) for OSFlagPost
    app.o(i.AppTaskObj0) refers to app.o(.bss) for AppTaskObjSem
    app.o(i.AppTaskObj1) refers to os_sem.o(i.OSSemPend) for OSSemPend
    app.o(i.AppTaskObj1) refers to os_mutex.o(i.OSMutexPend) for OSMutexPend
    app.o(i.AppTaskObj1) refers to os_mutex.o(i.OSMutexPost) for OSMutexPost
    app.o(i.AppTaskObj1) refers to os_q.o(i.OSQPend) for OSQPend
    app.o(i.AppTaskObj1) refers to os_flag.o(i.OSFlagPend) for OSFlagPend
    app.o(i.AppTaskObj1) refers to os_time.o(i.OSTimeDlyHMSM) for OSTimeDlyHMSM
    app.o(i.AppTaskObj1) refers to app.o(.bss) for AppTaskObjSem
    app.o(i.AppTaskStart) refers to bsp.o(i.BSP_Init) for BSP_Init
    app.o(i.AppTaskStart) refers to cpu_core.o(i.CPU_Init) for CPU_Init
    app.o(i.AppTaskStart) refers to os_stat.o(i.OSStatTaskCPUUsageInit) for OSStatTaskCPUUsageInit
    app.o(i.AppTaskStart) refers to cpu_core.o(i.CPU_IntDisMeasMaxCurReset) for CPU_IntDisMeasMaxCurReset
    app.o(i.AppTaskStart) refers to app.o(i.AppObjCreate) for AppObjCreate
    app.o(i.AppTaskStart) refers to app.o(i.AppTaskCreate) for AppTaskCreate
    app.o(i.AppTaskStart) refers to os_time.o(i.OSTimeDlyHMSM) for OSTimeDlyHMSM
    app.o(i.AppTrace) refers to _printf_percent.o(.ARM.Collect$$_printf_percent$$00000000) for _printf_percent
    app.o(i.AppTrace) refers to _printf_s.o(.ARM.Collect$$_printf_percent$$00000014) for _printf_s
    app.o(i.AppTrace) refers to _printf_str.o(.text) for _printf_str
    app.o(i.AppTrace) refers to vsnprintf.o(.text) for vsnprintf
    app.o(i.AppTrace) refers to os_sem.o(i.OSSemPend) for OSSemPend
    app.o(i.AppTrace) refers to __2printf.o(.text) for __2printf
    app.o(i.AppTrace) refers to os_sem.o(i.OSSemPost) for OSSemPost
    app.o(i.AppTrace) refers to app.o(.bss) for AppTraceSem
    app.o(i.main) refers to stm32f4xx_hal.o(i.HAL_Init) for HAL_Init
    app.o(i.main) refers to lib_mem.o(i.Mem_Init) for Mem_Init
    app.o(i.main) refers to lib_math.o(i.Math_Init) for Math_Init
    app.o(i.main) refers to cpu_core.o(i.CPU_NameSet) for CPU_NameSet
[...]
    __rt_lib_init_alloca_1                   0x08000203   Thumb Code     0  libinit2.o(.ARM.Collect$$libinit$$0000002E)
    __rt_lib_init_argv_1                     0x08000203   Thumb Code     0  libinit2.o(.ARM.Collect$$libinit$$0000002C)
    __rt_lib_init_atexit_1                   0x08000203   Thumb Code     0  libinit2.o(.ARM.Collect$$libinit$$0000001B)
    __rt_lib_init_clock_1                    0x08000203   Thumb Code     0  libinit2.o(.ARM.Collect$$libinit$$00000021)
    __rt_lib_init_cpp_1                      0x08000203   Thumb Code     0  libinit2.o(.ARM.Collect$$libinit$$00000032)
    __rt_lib_init_exceptions_1               0x08000203   Thumb Code     0  libinit2.o(.ARM.Collect$$libinit$$00000030)
    __rt_lib_init_fp_trap_1                  0x08000203   Thumb Code     0  libinit2.o(.ARM.Collect$$libinit$$0000001F)
    __rt_lib_init_getenv_1                   0x08000203   Thumb Code     0  libinit2.o(.ARM.Collect$$libinit$$00000023)
    __rt_lib_init_heap_1                     0x08000203   Thumb Code     0  libinit2.o(.ARM.Collect$$libinit$$0000000A)
    __rt_lib_init_lc_collate_1               0x08000203   Thumb Code     0  libinit2.o(.ARM.Collect$$libinit$$00000011)
    __rt_lib_init_lc_ctype_1                 0x08000203   Thumb Code     0  libinit2.o(.ARM.Collect$$libinit$$00000013)
    __rt_lib_init_lc_monetary_1              0x08000203   Thumb Code     0  libinit2.o(.ARM.Collect$$libinit$$00000015)
    __rt_lib_init_lc_numeric_1               0x08000203   Thumb Code     0  libinit2.o(.ARM.Collect$$libinit$$00000017)
    __rt_lib_init_lc_time_1                  0x08000203   Thumb Code     0  libinit2.o(.ARM.Collect$$libinit$$00000019)
    __rt_lib_init_preinit_1                  0x08000203   Thumb Code     0  libinit2.o(.ARM.Collect$$libinit$$00000004)
    __rt_lib_init_rand_1                     0x08000203   Thumb Code     0  libinit2.o(.ARM.Collect$$libinit$$0000000E)
    __rt_lib_init_return                     0x08000203   Thumb Code     0  libinit2.o(.ARM.Collect$$libinit$$00000033)
    __rt_lib_init_signal_1                   0x08000203   Thumb Code     0  libinit2.o(.ARM.Collect$$libinit$$0000001D)
    __rt_lib_init_stdio_1                    0x08000203   Thumb Code     0  libinit2.o(.ARM.Collect$$libinit$$00000025)
    __rt_lib_init_user_alloc_1               0x08000203   Thumb Code     0  libinit2.o(.ARM.Collect$$libinit$$0000000C)
    __rt_lib_shutdown                        0x08000205   Thumb Code     0  libshutdown.o(.ARM.Collect$$libshutdown$$00000000)
    __rt_lib_shutdown_cpp_1                  0x08000207   Thumb Code     0  libshutdown2.o(.ARM.Collect$$libshutdown$$00000002)
    __rt_lib_shutdown_fp_trap_1              0x08000207   Thumb Code     0  libshutdown2.o(.ARM.Collect$$libshutdown$$00000007)
    __rt_lib_shutdown_heap_1                 0x08000207   Thumb Code     0  libshutdown2.o(.ARM.Collect$$libshutdown$$0000000F)
    __rt_lib_shutdown_return                 0x08000207   Thumb Code     0  libshutdown2.o(.ARM.Collect$$libshutdown$$00000010)
    __rt_lib_shutdown_signal_1               0x08000207   Thumb Code     0  libshutdown2.o(.ARM.Collect$$libshutdown$$0000000A)
    __rt_lib_shutdown_stdio_1                0x08000207   Thumb Code     0  libshutdown2.o(.ARM.Collect$$libshutdown$$00000004)
    __rt_lib_shutdown_user_alloc_1           0x08000207   Thumb Code     0  libshutdown2.o(.ARM.Collect$$libshutdown$$0000000C)
    __rt_entry                               0x08000209   Thumb Code     0  __rtentry.o(.ARM.Collect$$rtentry$$00000000)
    __rt_entry_presh_1                       0x08000209   Thumb Code     0  __rtentry2.o(.ARM.Collect$$rtentry$$00000002)
    __rt_entry_sh                            0x08000209   Thumb Code     0  __rtentry4.o(.ARM.Collect$$rtentry$$00000004)
    __rt_entry_li                            0x0800020f   Thumb Code     0  __rtentry2.o(.ARM.Collect$$rtentry$$0000000A)
    __rt_entry_postsh_1                      0x0800020f   Thumb Code     0  __rtentry2.o(.ARM.Collect$$rtentry$$00000009)
    __rt_entry_main                          0x08000213   Thumb Code     0  __rtentry2.o(.ARM.Collect$$rtentry$$0000000D)
    __rt_entry_postli_1                      0x08000213   Thumb Code     0  __rtentry2.o(.ARM.Collect$$rtentry$$0000000C)
    __rt_exit                                0x0800021b   Thumb Code     0  rtexit.o(.ARM.Collect$$rtexit$$00000000)
    __rt_exit_ls                             0x0800021d   Thumb Code     0  rtexit2.o(.ARM.Collect$$rtexit$$00000003)
    __rt_exit_prels_1                        0x0800021d   Thumb Code     0  rtexit2.o(.ARM.Collect$$rtexit$$00000002)
    __rt_exit_exit                           0x08000221   Thumb Code     0  rtexit2.o(.ARM.Collect$$rtexit$$00000004)
    CPU_IntDis                               0x08000229   Thumb Code     0  cpu_a.o(.text)
    CPU_IntEn                                0x0800022d   Thumb Code     0  cpu_a.o(.text)
    CPU_SR_Save                              0x08000231   Thumb Code     0  cpu_a.o(.text)
    CPU_SR_Restore                           0x08000239   Thumb Code     0  cpu_a.o(.text)
    CPU_WaitForInt                           0x0800023f   Thumb Code     0  cpu_a.o(.text)
    CPU_WaitForExcept                        0x08000243   Thumb Code     0  cpu_a.o(.text)
    CPU_CntLeadZeros                         0x08000247   Thumb Code     0  cpu_a.o(.text)
    CPU_CntTrailZeros                        0x0800024d   Thumb Code     0  cpu_a.o(.text)
    CPU_RevBits                              0x08000257   Thumb Code     0  cpu_a.o(.text)
    Reset_Handler                            0x0800025d   Thumb Code    40  startup_stm32f407xx.o(.text)
    NMI_Handler                              0x08000285   Thumb Code     2  startup_stm32f407xx.o(.text)
    MemManage_Handler                        0x08000289   Thumb Code     2  startup_stm32f407xx.o(.text)
    BusFault_Handler                         0x0800028b   Thumb Code     2  startup_stm32f407xx.o(.text)
    UsageFault_Handler                       0x0800028d   Thumb Code     2  startup_stm32f407xx.o(.text)
    SVC_Handler                              0x0800028f   Thumb Code     2  startup_stm32f407xx.o(.text)
    DebugMon_Handler                         0x08000291   Thumb Code     2  startup_stm32f407xx.o(.text)
    ADC_IRQHandler                           0x08000297   Thumb Code     0  startup_stm32f407xx.o(.text)
    CAN1_RX0_IRQHandler                      0x08000297   Thumb Code     0  startup_stm32f407xx.o(.text)
    CAN1_RX1_IRQHandler                      0x08000297   Thumb Code     0  startup_stm32f407xx.o(.text)
    CAN1_SCE_IRQHandler                      0x08000297   Thumb Code     0  startup_stm32f407xx.o(.text)
    CAN1_TX_IRQHandler                       0x08000297   Thumb Code     0  startup_stm32f407xx.o(.text)
    CAN2_RX0_IRQHandler                      0x08000297   Thumb Code     0  startup_stm32f407xx.o(.text)
    CAN2_RX1_IRQHandler                      0x08000297   Thumb Code     0  startup_stm32f407xx.o(.text)
    CAN2_SCE_IRQHandler                      0x08000297   Thumb Code     0  startup_stm32f407xx.o(.text)
    CAN2_TX_IRQHandler                       0x08000297   Thumb Code     0  startup_stm32f407xx.o(.text)
    DCMI_IRQHandler                          0x08000297   Thumb Code     0  startup_stm32f407xx.o(.text)
    DMA1_Stream0_IRQHandler                  0x08000297   Thumb Code     0  startup_stm32f407xx.o(.text)
    DMA1_Stream1_IRQHandler                  0x08000297   Thumb Code     0  startup_stm32f407xx.o(.text)
    DMA1_Stream2_IRQHandler                  0x08000297   Thumb Code     0  startup_stm32f407xx.o(.text)
    DMA1_Stream3_IRQHandler                  0x08000297   Thumb Code     0  startup_stm32f407xx.o(.text)
    DMA1_Stream4_IRQHandler                  0x08000297   Thumb Code     0  startup_stm32f407xx.o(.text)
    DMA1_Stream5_IRQHandler                  0x08000297   Thumb Code     0  startup_stm32f407xx.o(.text)
    DMA1_Stream6_IRQHandler                  0x08000297   Thumb Code     0  startup_stm32f407xx.o(.text)
    DMA1_Stream7_IRQHandler                  0x08000297   Thumb Code     0  startup_stm32f407xx.o(.text)
    DMA2_Stream0_IRQHandler                  0x08000297   Thumb Code     0  startup_stm32f407xx.o(.text)
    DMA2_Stream1_IRQHandler                  0x08000297   Thumb Code     0  startup_stm32f407xx.o(.text)
    DMA2_Stream2_IRQHandler                  0x08000297   Thumb Code     0  startup_stm32f407xx.o(.text)
    DMA2_Stream3_IRQHandler                  0x08000297   Thumb Code     0  startup_stm32f407xx.o(.text)
    DMA2_Stream4_IRQHandler                  0x08000297   Thumb Code     0  startup_stm32f407xx.o(.text)
    DMA2_Stream5_IRQHandler                  0x08000297   Thumb Code     0  startup_stm32f407xx.o(.text)
    DMA2_Stream6_IRQHandler                  0x08000297   Thumb Code     0  startup_stm32f407xx.o(.text)
    DMA2_Stream7_IRQHandler                  0x08000297   Thumb Code     0  startup_stm32f407xx.o(.text)
    ETH_IRQHandler                           0x08000297   Thumb Code     0  startup_stm32f407xx.o(.text)
    ETH_WKUP_IRQHandler                      0x08000297   Thumb Code     0  startup_stm32f407xx.o(.text)
    EXTI0_IRQHandler                         0x08000297   Thumb Code     0  startup_stm32f407xx.o(.text)
    EXTI15_10_IRQHandler                     0x08000297   Thumb Code     0  startup_stm32f407xx.o(.text)
    EXTI1_IRQHandler                         0x08000297   Thumb Code     0  startup_stm32f407xx.o(.text)
    EXTI2_IRQHandler                         0x08000297   Thumb Code     0  startup_stm32f407xx.o(.text)
    EXTI3_IRQHandler                         0x08000297   Thumb Code     0  startup_stm32f407xx.o(.text)
    EXTI4_IRQHandler                         0x08000297   Thumb Code     0  startup_stm32f407xx.o(.text)
    EXTI9_5_IRQHandler                       0x08000297   Thumb Code     0  startup_stm32f407xx.o(.text)
    FLASH_IRQHandler                         0x08000297   Thumb Code     0  startup_stm32f407xx.o(.text)
    FMC_IRQHandler                           0x08000297   Thumb Code     0  startup_stm32f407xx.o(.text)
    FPU_IRQHandler                           0x08000297   Thumb Code     0  startup_stm32f407xx.o(.text)
    HASH_RNG_IRQHandler                      0x08000297   Thumb Code     0  startup_stm32f407xx.o(.text)
    I2C1_ER_IRQHandler                       0x08000297   Thumb Code     0  startup_stm32f407xx.o(.text)
    I2C1_EV_IRQHandler                       0x08000297   Thumb Code     0  startup_stm32f407xx.o(.text)
    I2C2_ER_IRQHandler                       0x08000297   Thumb Code     0  startup_stm32f407xx.o(.text)
    I2C2_EV_IRQHandler                       0x08000297   Thumb Code     0  startup_stm32f407xx.o(.text)
    I2C3_ER_IRQHandler                       0x08000297   Thumb Code     0  startup_stm32f407xx.o(.text)
    I2C3_EV_IRQHandler                       0x08000297   Thumb Code     0  startup_stm32f407xx.o(.text)
    OTG_FS_IRQHandler                        0x08000297   Thumb Code     0  startup_stm32f407xx.o(.text)
    OTG_FS_WKUP_IRQHandler                   0x08000297   Thumb Code     0  startup_stm32f407xx.o(.text)
    OTG_HS_EP1_IN_IRQHandler                 0x08000297   Thumb Code     0  startup_stm32f407xx.o(.text)
    OTG_HS_EP1_OUT_IRQHandler                0x08000297   Thumb Code     0  startup_stm32f407xx.o(.text)
    OTG_HS_IRQHandler                        0x08000297   Thumb Code     0  startup_stm32f407xx.o(.text)
    OTG_HS_WKUP_IRQHandler                   0x08000297   Thumb Code     0  startup_stm32f407xx.o(.text)
    PVD_IRQHandler                           0x08000297   Thumb Code     0  startup_stm32f407xx.o(.text)
    RCC_IRQHandler                           0x08000297   Thumb Code     0  startup_stm32f407xx.o(.text)
    RTC_Alarm_IRQHandler                     0x08000297   Thumb Code     0  startup_stm32f407xx.o(.text)
    RTC_WKUP_IRQHandler                      0x08000297   Thumb Code     0  startup_stm32f407xx.o(.text)
    SDIO_IRQHandler                          0x08000297   Thumb Code     0  startup_stm32f407xx.o(.text)
    SPI1_IRQHandler                          0x08000297   Thumb Code     0  startup_stm32f407xx.o(.text)
    SPI2_IRQHandler                          0x08000297   Thumb Code     0  startup_stm32f407xx.o(.text)
    SPI3_IRQHandler                          0x08000297   Thumb Code     0  startup_stm32f407xx.o(.text)
    TAMP_STAMP_IRQHandler                    0x08000297   Thumb Code     0  startup_stm32f407xx.o(.text)
    TIM1_BRK_TIM9_IRQHandler                 0x08000297   Thumb Code     0  startup_stm32f407xx.o(.text)
    TIM1_CC_IRQHandler                       0x08000297   Thumb Code     0  startup_stm32f407xx.o(.text)
    TIM1_TRG_COM_TIM11_IRQHandler            0x08000297   Thumb Code     0  startup_stm32f407xx.o(.text)
    TIM1_UP_TIM10_IRQHandler                 0x08000297   Thumb Code     0  startup_stm32f407xx.o(.text)
    TIM2_IRQHandler                          0x08000297   Thumb Code     0  startup_stm32f407xx.o(.text)
    TIM3_IRQHandler                          0x08000297   Thumb Code     0  startup_stm32f407xx.o(.text)
    TIM4_IRQHandler                          0x08000297   Thumb Code     0  startup_stm32f407xx.o(.text)
    TIM5_IRQHandler                          0x08000297   Thumb Code     0  startup_stm32f407xx.o(.text)
    TIM6_DAC_IRQHandler                      0x08000297   Thumb Code     0  startup_stm32f407xx.o(.text)
    TIM7_IRQHandler                          0x08000297   Thumb Code     0  startup_stm32f407xx.o(.text)
    TIM8_BRK_TIM12_IRQHandler                0x08000297   Thumb Code     0  startup_stm32f407xx.o(.text)
    TIM8_CC_IRQHandler                       0x08000297   Thumb Code     0  startup_stm32f407xx.o(.text)
    TIM8_TRG_COM_TIM14_IRQHandler            0x08000297   Thumb Code     0  startup_stm32f407xx.o(.text)
    TIM8_UP_TIM13_IRQHandler                 0x08000297   Thumb Code     0  startup_stm32f407xx.o(.text)
    UART4_IRQHandler                         0x08000297   Thumb Code     0  startup_stm32f407xx.o(.text)
    UART5_IRQHandler                         0x08000297   Thumb Code     0  startup_stm32f407xx.o(.text)
    USART1_IRQHandler                        0x08000297   Thumb Code     0  startup_stm32f407xx.o(.text)
    USART2_IRQHandler                        0x08000297   Thumb Code     0  startup_stm32f407xx.o(.text)
    USART3_IRQHandler                        0x08000297   Thumb Code     0  startup_stm32f407xx.o(.text)
    USART6_IRQHandler                        0x08000297   Thumb Code     0  startup_stm32f407xx.o(.text)
    WWDG_IRQHandler                          0x08000297   Thumb Code     0  startup_stm32f407xx.o(.text)
    __user_initial_stackheap                 0x08000299   Thumb Code     0  startup_stm32f407xx.o(.text)
    __use_two_region_memory                  0x080002c5   Thumb Code     2  heapauxi.o(.text)
    __rt_heap_escrow                         0x080002c7   Thumb Code     2  heapauxi.o(.text)
    __rt_heap_expand                         0x080002c9   Thumb Code     2  heapauxi.o(.text)
    _sys_exit                                0x080002cd   Thumb Code     8  sys_exit.o(.text)
    __aeabi_errno_addr                       0x080002d9   Thumb Code     8  rt_errno_addr_intlibspace.o(.text)
    __errno$intlibspace                      0x080002d9   Thumb Code     0  rt_errno_addr_intlibspace.o(.text)
    __rt_errno_addr$intlibspace              0x080002d9   Thumb Code     0  rt_errno_addr_intlibspace.o(.text)
    __read_errno                             0x080002e1   Thumb Code    10  _rserrno.o(.text)
    __set_errno                              0x080002eb   Thumb Code    12  _rserrno.o(.text)
    __user_libspace                          0x080002f9   Thumb Code     8  libspace.o(.text)
    __user_perproc_libspace                  0x080002f9   Thumb Code     0  libspace.o(.text)
    __user_perthread_libspace                0x080002f9   Thumb Code     0  libspace.o(.text)
    __I$use$semihosting                      0x08000301   Thumb Code     0  use_no_semi.o(.text)
    __use_no_semihosting_swi                 0x08000301   Thumb Code     2  use_no_semi.o(.text)
    __semihosting_library_function           0x08000303   Thumb Code     0  indicate_semi.o(.text)
    __user_setup_stackheap                   0x08000303   Thumb Code    74  sys_stackheap_outer.o(.text)
    exit                                     0x0800034d   Thumb Code    18  exit.o(.text)
    OS_CPU_FP_Reg_Push                       0x08000361   Thumb Code     0  os_cpu_a.o(CODE)
    OS_CPU_FP_Reg_Pop                        0x0800037b   Thumb Code     0  os_cpu_a.o(CODE)
    OSStartHighRdy                           0x0800038d   Thumb Code     0  os_cpu_a.o(CODE)
    OSCtxSw                                  0x08000409   Thumb Code     0  os_cpu_a.o(CODE)
    OSIntCtxSw                               0x08000413   Thumb Code     0  os_cpu_a.o(CODE)
    OS_CPU_PendSVHandler                     0x0800041d   Thumb Code     0  os_cpu_a.o(CODE)
    App_OS_IdleTaskHook                      0x08000d63   Thumb Code     2  os_app_hooks.o(i.App_OS_IdleTaskHook)
    App_OS_SetAllHooks                       0x08000d65   Thumb Code    84  os_app_hooks.o(i.App_OS_SetAllHooks)
    App_OS_StatTaskHook                      0x08000df1   Thumb Code     2  os_app_hooks.o(i.App_OS_StatTaskHook)
    App_OS_TaskCreateHook                    0x08000df3   Thumb Code     2  os_app_hooks.o(i.App_OS_TaskCreateHook)
    App_OS_TaskDelHook                       0x08000df5   Thumb Code     2  os_app_hooks.o(i.App_OS_TaskDelHook)
    App_OS_TaskReturnHook                    0x08000df7   Thumb Code     2  os_app_hooks.o(i.App_OS_TaskReturnHook)
    App_OS_TaskSwHook                        0x08000df9   Thumb Code     2  os_app_hooks.o(i.App_OS_TaskSwHook)
    App_OS_TimeTickHook                      0x08000dfb   Thumb Code     8  os_app_hooks.o(i.App_OS_TimeTickHook)
    BSP_CPU_ClkFreq                          0x08000e03   Thumb Code    12  bsp.o(i.BSP_CPU_ClkFreq)
    BSP_Init                                 0x08000e11   Thumb Code   176  bsp.o(i.BSP_Init)
    BSP_IntDisAll                            0x08000ecd   Thumb Code     8  bsp_int.o(i.BSP_IntDisAll)
    BSP_IntInit                              0x08000ed9   Thumb Code    22  bsp_int.o(i.BSP_IntInit)
    BSP_IntVectSet                           0x08000ef5   Thumb Code    56  bsp_int.o(i.BSP_IntVectSet)
    BSP_LED_Toggle                           0x08000f69   Thumb Code    16  bsp.o(i.BSP_LED_Toggle)
    BSP_PeriphEn                             0x08000f7d   Thumb Code   398  bsp_periph.o(i.BSP_PeriphEn)
    BSP_Tick_Init                            0x08001111   Thumb Code    24  bsp.o(i.BSP_Tick_Init)
    CPU_Init                                 0x0800112d   Thumb Code    16  cpu_core.o(i.CPU_Init)
    CPU_IntDisMeasMaxCurGet                  0x080011dd   Thumb Code    40  cpu_core.o(i.CPU_IntDisMeasMaxCurGet)
    CPU_IntDisMeasMaxCurReset                0x08001209   Thumb Code    40  cpu_core.o(i.CPU_IntDisMeasMaxCurReset)
    CPU_IntDisMeasMaxGet                     0x08001235   Thumb Code    40  cpu_core.o(i.CPU_IntDisMeasMaxGet)
    CPU_IntDisMeasStart                      0x08001261   Thumb Code    38  cpu_core.o(i.CPU_IntDisMeasStart)
    CPU_IntDisMeasStop                       0x08001295   Thumb Code    62  cpu_core.o(i.CPU_IntDisMeasStop)
    CPU_NameClr                              0x080012e9   Thumb Code    50  cpu_core.o(i.CPU_NameClr)
    CPU_NameSet                              0x08001329   Thumb Code   104  cpu_core.o(i.CPU_NameSet)
    CPU_SW_Exception                         0x08001395   Thumb Code     4  cpu_core.o(i.CPU_SW_Exception)
    CPU_TS_TmrFreqSet                        0x080013ad   Thumb Code     6  cpu_core.o(i.CPU_TS_TmrFreqSet)
    CPU_TS_TmrInit                           0x080013b9   Thumb Code    44  cpu_bsp.o(i.CPU_TS_TmrInit)
    CPU_TS_TmrRd                             0x080013ed   Thumb Code     6  cpu_bsp.o(i.CPU_TS_TmrRd)
    HAL_GPIO_Init                            0x080013f9   Thumb Code   472  stm32f4xx_hal_gpio.o(i.HAL_GPIO_Init)
    HAL_GPIO_TogglePin                       0x08001601   Thumb Code     8  stm32f4xx_hal_gpio.o(i.HAL_GPIO_TogglePin)
    HAL_GPIO_WritePin                        0x08001609   Thumb Code    12  stm32f4xx_hal_gpio.o(i.HAL_GPIO_WritePin)
    HAL_GetREVID                             0x08001615   Thumb Code     8  stm32f4xx_hal.o(i.HAL_GetREVID)
    HAL_GetTick                              0x08001621   Thumb Code     6  stm32f4xx_hal.o(i.HAL_GetTick)
    HAL_IncTick                              0x0800162d   Thumb Code    12  stm32f4xx_hal.o(i.HAL_IncTick)
    HAL_Init                                 0x0800163d   Thumb Code    54  stm32f4xx_hal.o(i.HAL_Init)
    HAL_InitTick                             0x08001679   Thumb Code    24  bsp.o(i.HAL_InitTick)
    HAL_MspInit                              0x08001695   Thumb Code     2  stm32f4xx_hal_msp_template.o(i.HAL_MspInit)
    HAL_NVIC_SetPriorityGrouping             0x08001699   Thumb Code    32  stm32f4xx_hal_cortex.o(i.HAL_NVIC_SetPriorityGrouping)
    HAL_RCC_ClockConfig                      0x080016c1   Thumb Code   680  stm32f4xx_hal_rcc.o(i.HAL_RCC_ClockConfig)
    HAL_RCC_DeInit                           0x08001971   Thumb Code    96  stm32f4xx_hal_rcc.o(i.HAL_RCC_DeInit)
    HAL_RCC_GetHCLKFreq                      0x080019e1   Thumb Code    42  stm32f4xx_hal_rcc.o(i.HAL_RCC_GetHCLKFreq)
    HAL_RCC_GetSysClockFreq                  0x08001a19   Thumb Code   168  stm32f4xx_hal_rcc.o(i.HAL_RCC_GetSysClockFreq)
    HAL_RCC_OscConfig                        0x08001acd   Thumb Code  1028  stm32f4xx_hal_rcc.o(i.HAL_RCC_OscConfig)
    HardFault_Handler                        0x08001ed1   Thumb Code    16  bsp.o(i.HardFault_Handler)
    Math_Init                                0x08001ee5   Thumb Code    10  lib_math.o(i.Math_Init)
    Math_Rand                                0x08001ef1   Thumb Code    60  lib_math.o(i.Math_Rand)
    Math_RandSeed                            0x08001f31   Thumb Code    18  lib_math.o(i.Math_RandSeed)
    Math_RandSetSeed                         0x08001f49   Thumb Code    48  lib_math.o(i.Math_RandSetSeed)
    Mem_Clr                                  0x08001f7d   Thumb Code    18  lib_mem.o(i.Mem_Clr)
    Mem_Init                                 0x08001f91   Thumb Code    52  lib_mem.o(i.Mem_Init)
    Mem_SegCreate                            0x08001fd9   Thumb Code    82  lib_mem.o(i.Mem_SegCreate)
    Mem_Set                                  0x0800204d   Thumb Code    84  lib_mem.o(i.Mem_Set)
    OSCfg_Init                               0x080020a1   Thumb Code     2  os_cfg_app.o(i.OSCfg_Init)
    OSFlagCreate                             0x080020a5   Thumb Code    96  os_flag.o(i.OSFlagCreate)
    OSFlagPend                               0x0800210d   Thumb Code   762  os_flag.o(i.OSFlagPend)
    OSFlagPost                               0x08002415   Thumb Code    58  os_flag.o(i.OSFlagPost)
    OSIdleTaskHook                           0x08002455   Thumb Code    16  os_cpu_c.o(i.OSIdleTaskHook)
    OSInit                                   0x08002469   Thumb Code   258  os_core.o(i.OSInit)
    OSInitHook                               0x080025b5   Thumb Code    28  os_cpu_c.o(i.OSInitHook)
    OSIntExit                                0x080025dd   Thumb Code   188  os_core.o(i.OSIntExit)
    OSMutexCreate                            0x080026b9   Thumb Code    98  os_mutex.o(i.OSMutexCreate)
    OSMutexPend                              0x08002725   Thumb Code   480  os_mutex.o(i.OSMutexPend)
    OSMutexPost                              0x08002911   Thumb Code   366  os_mutex.o(i.OSMutexPost)
    OSQCreate                                0x08002a8d   Thumb Code   100  os_q.o(i.OSQCreate)
    OSQPend                                  0x08002af9   Thumb Code   402  os_q.o(i.OSQPend)
    OSQPost                                  0x08002c99   Thumb Code    58  os_q.o(i.OSQPost)
    OSSched                                  0x08002cd9   Thumb Code   134  os_core.o(i.OSSched)
    OSSchedLock                              0x08002d7d   Thumb Code    92  os_core.o(i.OSSchedLock)
    OSSchedUnlock                            0x08002de1   Thumb Code   128  os_core.o(i.OSSchedUnlock)
    OSSemCreate                              0x08002e69   Thumb Code    96  os_sem.o(i.OSSemCreate)
    OSSemPend                                0x08002ed1   Thumb Code   378  os_sem.o(i.OSSemPend)
    OSSemPost                                0x08003059   Thumb Code    54  os_sem.o(i.OSSemPost)
    OSStart                                  0x08003095   Thumb Code    78  os_core.o(i.OSStart)
    OSStatReset                              0x080030fd   Thumb Code   294  os_stat.o(i.OSStatReset)
    OSStatTaskCPUUsageInit                   0x08003245   Thumb Code   228  os_stat.o(i.OSStatTaskCPUUsageInit)
    OSStatTaskHook                           0x08003345   Thumb Code    16  os_cpu_c.o(i.OSStatTaskHook)
    OSTaskCreate                             0x08003359   Thumb Code   312  os_task.o(i.OSTaskCreate)
    OSTaskCreateHook                         0x0800349d   Thumb Code    20  os_cpu_c.o(i.OSTaskCreateHook)
    OSTaskResume                             0x080034b5   Thumb Code    54  os_task.o(i.OSTaskResume)
    OSTaskReturnHook                         0x080034ed   Thumb Code    20  os_cpu_c.o(i.OSTaskReturnHook)
    OSTaskSemPend                            0x08003505   Thumb Code   448  os_task.o(i.OSTaskSemPend)
    OSTaskSemPost                            0x080036cd   Thumb Code    36  os_task.o(i.OSTaskSemPost)
    OSTaskStkChk                             0x080036f1   Thumb Code   184  os_task.o(i.OSTaskStkChk)
    OSTaskStkInit                            0x080037ad   Thumb Code   600  os_cpu_c.o(i.OSTaskStkInit)
    OSTaskSuspend                            0x08003a71   Thumb Code    32  os_task.o(i.OSTaskSuspend)
    OSTaskSwHook                             0x08003a95   Thumb Code   160  os_cpu_c.o(i.OSTaskSwHook)
    OSTimeDly                                0x08003b41   Thumb Code   168  os_time.o(i.OSTimeDly)
    OSTimeDlyHMSM                            0x08003bf1   Thumb Code   262  os_time.o(i.OSTimeDlyHMSM)
    OSTimeTick                               0x08003d05   Thumb Code    50  os_time.o(i.OSTimeTick)
    OSTimeTickHook                           0x08003d49   Thumb Code    16  os_cpu_c.o(i.OSTimeTickHook)
    OS_CPU_SysTickHandler                    0x08003d5d   Thumb Code    60  os_cpu_c.o(i.OS_CPU_SysTickHandler)
    OS_CPU_SysTickInit                       0x08003d9d   Thumb Code    44  os_cpu_c.o(i.OS_CPU_SysTickInit)
    OS_Dbg_Init                              0x08003dcd   Thumb Code   146  os_dbg.o(i.OS_Dbg_Init)
    OS_FlagBlock                             0x08003f75   Thumb Code    56  os_flag.o(i.OS_FlagBlock)
    OS_FlagDbgListAdd                        0x08003fb1   Thumb Code    38  os_flag.o(i.OS_FlagDbgListAdd)
    OS_FlagInit                              0x08003fe1   Thumb Code    14  os_flag.o(i.OS_FlagInit)
    OS_FlagPost                              0x08003ff9   Thumb Code   372  os_flag.o(i.OS_FlagPost)
    OS_FlagTaskRdy                           0x0800416d   Thumb Code   100  os_flag.o(i.OS_FlagTaskRdy)
    OS_IdleTask                              0x080041d1   Thumb Code    66  os_core.o(i.OS_IdleTask)
    OS_IdleTaskInit                          0x0800421d   Thumb Code    66  os_core.o(i.OS_IdleTaskInit)
    OS_MemInit                               0x0800428d   Thumb Code    14  os_mem.o(i.OS_MemInit)
    OS_MsgPoolInit                           0x080042a5   Thumb Code    80  os_msg.o(i.OS_MsgPoolInit)
    OS_MsgQGet                               0x08004301   Thumb Code    98  os_msg.o(i.OS_MsgQGet)
    OS_MsgQInit                              0x08004369   Thumb Code    14  os_msg.o(i.OS_MsgQInit)
    OS_MsgQPut                               0x08004379   Thumb Code   254  os_msg.o(i.OS_MsgQPut)
    OS_MutexDbgListAdd                       0x0800447d   Thumb Code    38  os_mutex.o(i.OS_MutexDbgListAdd)
    OS_MutexGrpAdd                           0x080044ad   Thumb Code     8  os_mutex.o(i.OS_MutexGrpAdd)
    OS_MutexGrpPrioFindHighest               0x080044b5   Thumb Code    44  os_mutex.o(i.OS_MutexGrpPrioFindHighest)
    OS_MutexGrpRemove                        0x080044e1   Thumb Code    28  os_mutex.o(i.OS_MutexGrpRemove)
    OS_MutexInit                             0x080044fd   Thumb Code    14  os_mutex.o(i.OS_MutexInit)
    OS_Pend                                  0x08004515   Thumb Code   100  os_core.o(i.OS_Pend)
    OS_PendDataInit                          0x0800457d   Thumb Code    40  os_core.o(i.OS_PendDataInit)
    OS_PendDbgNameAdd                        0x080045a5   Thumb Code    66  os_core.o(i.OS_PendDbgNameAdd)
    OS_PendDbgNameRemove                     0x08004601   Thumb Code    30  os_core.o(i.OS_PendDbgNameRemove)
    OS_PendListChangePrio                    0x08004625   Thumb Code    58  os_core.o(i.OS_PendListChangePrio)
    OS_PendListInit                          0x0800465f   Thumb Code    10  os_core.o(i.OS_PendListInit)
    OS_PendListInsertPrio                    0x08004669   Thumb Code   102  os_core.o(i.OS_PendListInsertPrio)
    OS_PendListRemove                        0x080046cf   Thumb Code    52  os_core.o(i.OS_PendListRemove)
    OS_PendListRemove1                       0x08004703   Thumb Code    66  os_core.o(i.OS_PendListRemove1)
    OS_Post                                  0x08004745   Thumb Code   214  os_core.o(i.OS_Post)
    OS_Post1                                 0x0800481b   Thumb Code    44  os_core.o(i.OS_Post1)
    OS_PrioGetHighest                        0x08004849   Thumb Code    36  os_prio.o(i.OS_PrioGetHighest)
    OS_PrioInit                              0x08004871   Thumb Code    20  os_prio.o(i.OS_PrioInit)
    OS_PrioInsert                            0x08004889   Thumb Code    32  os_prio.o(i.OS_PrioInsert)
    OS_PrioRemove                            0x080048ad   Thumb Code    32  os_prio.o(i.OS_PrioRemove)
    OS_QDbgListAdd                           0x080048d1   Thumb Code    38  os_q.o(i.OS_QDbgListAdd)
    OS_QInit                                 0x08004901   Thumb Code    14  os_q.o(i.OS_QInit)
    OS_QPost                                 0x08004919   Thumb Code   202  os_q.o(i.OS_QPost)
    OS_RdyListInit                           0x080049e5   Thumb Code    32  os_core.o(i.OS_RdyListInit)
    OS_RdyListInsert                         0x08004a09   Thumb Code    40  os_core.o(i.OS_RdyListInsert)
    OS_RdyListInsertHead                     0x08004a35   Thumb Code    58  os_core.o(i.OS_RdyListInsertHead)
    OS_RdyListInsertTail                     0x08004a75   Thumb Code    56  os_core.o(i.OS_RdyListInsertTail)
    OS_RdyListRemove                         0x08004ab1   Thumb Code    86  os_core.o(i.OS_RdyListRemove)
    OS_SemDbgListAdd                         0x08004b0d   Thumb Code    38  os_sem.o(i.OS_SemDbgListAdd)
    OS_SemInit                               0x08004b3d   Thumb Code    14  os_sem.o(i.OS_SemInit)
    OS_SemPost                               0x08004b55   Thumb Code   318  os_sem.o(i.OS_SemPost)
    OS_StatTask                              0x08004c95   Thumb Code   738  os_stat.o(i.OS_StatTask)
    OS_StatTaskInit                          0x08004fb9   Thumb Code   136  os_stat.o(i.OS_StatTaskInit)
    OS_TaskBlock                             0x08005085   Thumb Code    40  os_core.o(i.OS_TaskBlock)
    OS_TaskChangePrio                        0x080050b1   Thumb Code   232  os_task.o(i.OS_TaskChangePrio)
    OS_TaskDbgListAdd                        0x0800519d   Thumb Code    42  os_task.o(i.OS_TaskDbgListAdd)
    OS_TaskInit                              0x080051cd   Thumb Code    18  os_task.o(i.OS_TaskInit)
    OS_TaskInitTCB                           0x080051ed   Thumb Code   182  os_task.o(i.OS_TaskInitTCB)
    OS_TaskResume                            0x080052b1   Thumb Code   284  os_task.o(i.OS_TaskResume)
    OS_TaskReturn                            0x080053cd   Thumb Code    26  os_task.o(i.OS_TaskReturn)
    OS_TaskSemPost                           0x080053f1   Thumb Code   492  os_task.o(i.OS_TaskSemPost)
    OS_TaskSuspend                           0x080055e1   Thumb Code   304  os_task.o(i.OS_TaskSuspend)
    OS_TickListInsert                        0x08005719   Thumb Code   134  os_tick.o(i.OS_TickListInsert)
    OS_TickListInsertDly                     0x080057a1   Thumb Code   180  os_tick.o(i.OS_TickListInsertDly)
    OS_TickListRemove                        0x0800585d   Thumb Code    88  os_tick.o(i.OS_TickListRemove)
    OS_TickTask                              0x08005a71   Thumb Code    98  os_tick.o(i.OS_TickTask)
    OS_TickTaskInit                          0x08005add   Thumb Code   140  os_tick.o(i.OS_TickTaskInit)
    OS_TmrInit                               0x08005ba5   Thumb Code   200  os_tmr.o(i.OS_TmrInit)
    OS_TmrTask                               0x08005cf1   Thumb Code   134  os_tmr.o(i.OS_TmrTask)
    OS_TmrUnlink                             0x08005d85   Thumb Code    58  os_tmr.o(i.OS_TmrUnlink)
    Str_Copy_N                               0x08005ddd   Thumb Code    70  lib_str.o(i.Str_Copy_N)
    Str_Len_N                                0x08005e23   Thumb Code    28  lib_str.o(i.Str_Len_N)
    SystemInit                               0x08005e41   Thumb Code    82  system_stm32f4xx.o(i.SystemInit)
    __ARM_fpclassify                         0x08005ea5   Thumb Code    48  fpclassify.o(i.__ARM_fpclassify)
    __hardfp_cos                             0x08005ed9   Thumb Code   180  cos.o(i.__hardfp_cos)
    __hardfp_exp                             0x08005fa1   Thumb Code   714  exp.o(i.__hardfp_exp)
    __hardfp_sin                             0x080062f9   Thumb Code   180  sin.o(i.__hardfp_sin)
    __ieee754_rem_pio2                       0x080063c1   Thumb Code   938  rred.o(i.__ieee754_rem_pio2)
    __kernel_cos                             0x080067f9   Thumb Code   322  cos_i.o(i.__kernel_cos)
    __kernel_poly                            0x08006969   Thumb Code   248  poly.o(i.__kernel_poly)
    __kernel_sin                             0x08006a61   Thumb Code   280  sin_i.o(i.__kernel_sin)
    __mathlib_dbl_infnan                     0x08006b91   Thumb Code    20  dunder.o(i.__mathlib_dbl_infnan)
    __mathlib_dbl_invalid                    0x08006ba9   Thumb Code    24  dunder.o(i.__mathlib_dbl_invalid)
    __mathlib_dbl_overflow                   0x08006bc9   Thumb Code    24  dunder.o(i.__mathlib_dbl_overflow)
    __mathlib_dbl_underflow                  0x08006be9   Thumb Code    24  dunder.o(i.__mathlib_dbl_underflow)
    fabs                                     0x08006c09   Thumb Code    24  fabs.o(i.fabs)
    main                                     0x08006c21   Thumb Code    96  app.o(i.main)
    __aeabi_dneg                             0x08006ca9   Thumb Code     0  basic.o(x$fpl$basic)
    _dneg                                    0x08006ca9   Thumb Code     6  basic.o(x$fpl$basic)
    __aeabi_fneg                             0x08006caf   Thumb Code     0  basic.o(x$fpl$basic)
    _fneg                                    0x08006caf   Thumb Code     6  basic.o(x$fpl$basic)
    _dabs                                    0x08006cb5   Thumb Code     6  basic.o(x$fpl$basic)
    _fabs                                    0x08006cbb   Thumb Code     6  basic.o(x$fpl$basic)
    __aeabi_d2f                              0x08006cc1   Thumb Code     0  d2f.o(x$fpl$d2f)
    _d2f                                     0x08006cc1   Thumb Code    98  d2f.o(x$fpl$d2f)
    __aeabi_dadd                             0x08006d25   Thumb Code     0  daddsub_clz.o(x$fpl$dadd)
    _dadd                                    0x08006d25   Thumb Code   332  daddsub_clz.o(x$fpl$dadd)
    __fpl_dcmp_Inf                           0x08006e75   Thumb Code    24  dcmpi.o(x$fpl$dcmpinf)
    __aeabi_ddiv                             0x08006e8d   Thumb Code     0  ddiv.o(x$fpl$ddiv)
    _ddiv                                    0x08006e8d   Thumb Code   552  ddiv.o(x$fpl$ddiv)
    __aeabi_d2iz                             0x0800713d   Thumb Code     0  dfix.o(x$fpl$dfix)
    _dfix                                    0x0800713d   Thumb Code    94  dfix.o(x$fpl$dfix)
    __aeabi_i2d                              0x0800719b   Thumb Code     0  dflt_clz.o(x$fpl$dflt)
    _dflt                                    0x0800719b   Thumb Code    46  dflt_clz.o(x$fpl$dflt)
    __aeabi_ui2d                             0x080071c9   Thumb Code     0  dflt_clz.o(x$fpl$dfltu)
    _dfltu                                   0x080071c9   Thumb Code    38  dflt_clz.o(x$fpl$dfltu)
    __aeabi_cdcmple                          0x080071f1   Thumb Code     0  dleqf.o(x$fpl$dleqf)
    _dcmple                                  0x080071f1   Thumb Code   120  dleqf.o(x$fpl$dleqf)
    __fpl_dcmple_InfNaN                      0x08007253   Thumb Code     0  dleqf.o(x$fpl$dleqf)
    __aeabi_dmul                             0x08007269   Thumb Code     0  dmul.o(x$fpl$dmul)
    _dmul                                    0x08007269   Thumb Code   332  dmul.o(x$fpl$dmul)
    __fpl_dnaninf                            0x080073bd   Thumb Code   156  dnaninf.o(x$fpl$dnaninf)
    __fpl_dretinf                            0x08007459   Thumb Code    12  dretinf.o(x$fpl$dretinf)
    __aeabi_cdrcmple                         0x08007465   Thumb Code     0  drleqf.o(x$fpl$drleqf)
    _drcmple                                 0x08007465   Thumb Code   108  drleqf.o(x$fpl$drleqf)
    __aeabi_drsub                            0x080074d1   Thumb Code     0  daddsub_clz.o(x$fpl$drsb)
    _drsb                                    0x080074d1   Thumb Code    22  daddsub_clz.o(x$fpl$drsb)
    __aeabi_dsub                             0x080074e9   Thumb Code     0  daddsub_clz.o(x$fpl$dsub)
    _dsub                                    0x080074e9   Thumb Code   464  daddsub_clz.o(x$fpl$dsub)
    __aeabi_f2d                              0x080076bd   Thumb Code     0  f2d.o(x$fpl$f2d)
    _f2d                                     0x080076bd   Thumb Code    86  f2d.o(x$fpl$f2d)
    __fpl_fnaninf                            0x08007713   Thumb Code   140  fnaninf.o(x$fpl$fnaninf)
    _fp_init                                 0x0800779f   Thumb Code    10  fpinit.o(x$fpl$fpinit)
    __fplib_config_fpu_vfp                   0x080077a7   Thumb Code     0  fpinit.o(x$fpl$fpinit)
    __fplib_config_pureend_doubles           0x080077a7   Thumb Code     0  fpinit.o(x$fpl$fpinit)
    __fpl_fretinf                            0x080077a9   Thumb Code    10  fretinf.o(x$fpl$fretinf)
    __I$use$fp                               0x080077b2   Number         0  usenofp.o(x$fpl$usenofp)
    OSCfg_IdleTaskStkBasePtr                 0x080077b4   Data           4  os_cfg_app.o(.constdata)
    OSCfg_IdleTaskStkLimit                   0x080077b8   Data           4  os_cfg_app.o(.constdata)
    OSCfg_IdleTaskStkSize                    0x080077bc   Data           4  os_cfg_app.o(.constdata)
    OSCfg_IdleTaskStkSizeRAM                 0x080077c0   Data           4  os_cfg_app.o(.constdata)
    OSCfg_IntQBasePtr                        0x080077c4   Data           4  os_cfg_app.o(.constdata)
    OSCfg_IntQSize                           0x080077c8   Data           2  os_cfg_app.o(.constdata)
    OSCfg_IntQSizeRAM                        0x080077cc   Data           4  os_cfg_app.o(.constdata)
    OSCfg_IntQTaskStkBasePtr                 0x080077d0   Data           4  os_cfg_app.o(.constdata)
    OSCfg_IntQTaskStkLimit                   0x080077d4   Data           4  os_cfg_app.o(.constdata)
    OSCfg_IntQTaskStkSize                    0x080077d8   Data           4  os_cfg_app.o(.constdata)
    OSCfg_IntQTaskStkSizeRAM                 0x080077dc   Data           4  os_cfg_app.o(.constdata)
    OSCfg_ISRStkBasePtr                      0x080077e0   Data           4  os_cfg_app.o(.constdata)
    OSCfg_ISRStkSize                         0x080077e4   Data           4  os_cfg_app.o(.constdata)
    OSCfg_ISRStkSizeRAM                      0x080077e8   Data           4  os_cfg_app.o(.constdata)
    OSCfg_MsgPoolSize                        0x080077ec   Data           2  os_cfg_app.o(.constdata)
    OSCfg_MsgPoolSizeRAM                     0x080077f0   Data           4  os_cfg_app.o(.constdata)
    OSCfg_MsgPoolBasePtr                     0x080077f4   Data           4  os_cfg_app.o(.constdata)
    OSCfg_StatTaskPrio                       0x080077f8   Data           1  os_cfg_app.o(.constdata)
    OSCfg_StatTaskRate_Hz                    0x080077fc   Data           4  os_cfg_app.o(.constdata)
    OSCfg_StatTaskStkBasePtr                 0x08007800   Data           4  os_cfg_app.o(.constdata)
    OSCfg_StatTaskStkLimit                   0x08007804   Data           4  os_cfg_app.o(.constdata)
    OSCfg_StatTaskStkSize                    0x08007808   Data           4  os_cfg_app.o(.constdata)
    OSCfg_StatTaskStkSizeRAM                 0x0800780c   Data           4  os_cfg_app.o(.constdata)
    OSCfg_StkSizeMin                         0x08007810   Data           4  os_cfg_app.o(.constdata)
    OSCfg_TickRate_Hz                        0x08007814   Data           4  os_cfg_app.o(.constdata)
    OSCfg_TickTaskPrio                       0x08007818   Data           1  os_cfg_app.o(.constdata)
    OSCfg_TickTaskStkBasePtr                 0x0800781c   Data           4  os_cfg_app.o(.constdata)
    OSCfg_TickTaskStkLimit                   0x08007820   Data           4  os_cfg_app.o(.constdata)
    OSCfg_TickTaskStkSize                    0x08007824   Data           4  os_cfg_app.o(.constdata)
    OSCfg_TickTaskStkSizeRAM                 0x08007828   Data           4  os_cfg_app.o(.constdata)
    OSCfg_TmrTaskPrio                        0x0800782c   Data           1  os_cfg_app.o(.constdata)
    OSCfg_TmrTaskRate_Hz                     0x08007830   Data           4  os_cfg_app.o(.constdata)
    OSCfg_TmrTaskStkBasePtr                  0x08007834   Data           4  os_cfg_app.o(.constdata)
    OSCfg_TmrTaskStkLimit                    0x08007838   Data           4  os_cfg_app.o(.constdata)
    OSCfg_TmrTaskStkSize                     0x0800783c   Data           4  os_cfg_app.o(.constdata)
    OSCfg_TmrTaskStkSizeRAM                  0x08007840   Data           4  os_cfg_app.o(.constdata)
    OSCfg_DataSizeRAM                        0x08007844   Data           4  os_cfg_app.o(.constdata)
    OSDbg_DbgEn                              0x08007848   Data           1  os_dbg.o(.constdata)
    OSDbg_ArgChkEn                           0x08007849   Data           1  os_dbg.o(.constdata)
    OSDbg_AppHooksEn                         0x0800784a   Data           1  os_dbg.o(.constdata)
    OSDbg_EndiannessTest                     0x0800784c   Data           4  os_dbg.o(.constdata)
    OSDbg_CalledFromISRChkEn                 0x08007850   Data           1  os_dbg.o(.constdata)
    OSDbg_FlagEn                             0x08007851   Data           1  os_dbg.o(.constdata)
    OSDbg_FlagGrp                            0x08007854   Data          40  os_dbg.o(.constdata)
    OSDbg_FlagDelEn                          0x0800787c   Data           1  os_dbg.o(.constdata)
    OSDbg_FlagModeClrEn                      0x0800787d   Data           1  os_dbg.o(.constdata)
    OSDbg_FlagPendAbortEn                    0x0800787e   Data           1  os_dbg.o(.constdata)
    OSDbg_FlagGrpSize                        0x08007880   Data           2  os_dbg.o(.constdata)
    OSDbg_FlagWidth                          0x08007882   Data           2  os_dbg.o(.constdata)
    OSDbg_IntQ                               0x08007884   Data           2  os_dbg.o(.constdata)
    OSDbg_ISRPostDeferredEn                  0x08007886   Data           1  os_dbg.o(.constdata)
    OSDbg_Mem                                0x08007888   Data          32  os_dbg.o(.constdata)
    OSDbg_MemEn                              0x080078a8   Data           1  os_dbg.o(.constdata)
    OSDbg_MemSize                            0x080078aa   Data           2  os_dbg.o(.constdata)
    OSDbg_MsgEn                              0x080078ac   Data           1  os_dbg.o(.constdata)
    OSDbg_MsgSize                            0x080078ae   Data           2  os_dbg.o(.constdata)
    OSDbg_MsgPoolSize                        0x080078b0   Data           2  os_dbg.o(.constdata)
    OSDbg_MsgQSize                           0x080078b2   Data           2  os_dbg.o(.constdata)
    OSDbg_Mutex                              0x080078b4   Data          48  os_dbg.o(.constdata)
    OSDbg_MutexEn                            0x080078e4   Data           1  os_dbg.o(.constdata)
    OSDbg_MutexDelEn                         0x080078e5   Data           1  os_dbg.o(.constdata)
    OSDbg_MutexPendAbortEn                   0x080078e6   Data           1  os_dbg.o(.constdata)
    OSDbg_MutexSize                          0x080078e8   Data           2  os_dbg.o(.constdata)
    OSDbg_ObjTypeChkEn                       0x080078ea   Data           1  os_dbg.o(.constdata)
    OSDbg_PendMultiEn                        0x080078eb   Data           1  os_dbg.o(.constdata)
    OSDbg_PendDataSize                       0x080078ec   Data           2  os_dbg.o(.constdata)
    OSDbg_PendListSize                       0x080078ee   Data           2  os_dbg.o(.constdata)
    OSDbg_PendObjSize                        0x080078f0   Data           2  os_dbg.o(.constdata)
    OSDbg_PrioMax                            0x080078f2   Data           2  os_dbg.o(.constdata)
    OSDbg_PrioTblSize                        0x080078f4   Data           2  os_dbg.o(.constdata)
    OSDbg_PtrSize                            0x080078f6   Data           2  os_dbg.o(.constdata)
    OSDbg_Q                                  0x080078f8   Data          48  os_dbg.o(.constdata)
    OSDbg_QEn                                0x08007928   Data           1  os_dbg.o(.constdata)
    OSDbg_QDelEn                             0x08007929   Data           1  os_dbg.o(.constdata)
    OSDbg_QFlushEn                           0x0800792a   Data           1  os_dbg.o(.constdata)
    OSDbg_QPendAbortEn                       0x0800792b   Data           1  os_dbg.o(.constdata)
    OSDbg_QSize                              0x0800792c   Data           2  os_dbg.o(.constdata)
    OSDbg_SchedRoundRobinEn                  0x0800792e   Data           1  os_dbg.o(.constdata)
    OSDbg_Sem                                0x08007930   Data          40  os_dbg.o(.constdata)
    OSDbg_SemEn                              0x08007958   Data           1  os_dbg.o(.constdata)
    OSDbg_SemDelEn                           0x08007959   Data           1  os_dbg.o(.constdata)
    OSDbg_SemPendAbortEn                     0x0800795a   Data           1  os_dbg.o(.constdata)
    OSDbg_SemSetEn                           0x0800795b   Data           1  os_dbg.o(.constdata)
    OSDbg_SemSize                            0x0800795c   Data           2  os_dbg.o(.constdata)
    OSDbg_RdyList                            0x0800795e   Data           2  os_dbg.o(.constdata)
    OSDbg_RdyListSize                        0x08007960   Data           4  os_dbg.o(.constdata)
    OSDbg_StkWidth                           0x08007964   Data           1  os_dbg.o(.constdata)
    OSDbg_StatTaskEn                         0x08007965   Data           1  os_dbg.o(.constdata)
    OSDbg_StatTaskStkChkEn                   0x08007966   Data           1  os_dbg.o(.constdata)
    OSDbg_TaskChangePrioEn                   0x08007967   Data           1  os_dbg.o(.constdata)
    OSDbg_TaskDelEn                          0x08007968   Data           1  os_dbg.o(.constdata)
    OSDbg_TaskQEn                            0x08007969   Data           1  os_dbg.o(.constdata)
    OSDbg_TaskQPendAbortEn                   0x0800796a   Data           1  os_dbg.o(.constdata)
    OSDbg_TaskProfileEn                      0x0800796b   Data           1  os_dbg.o(.constdata)
    OSDbg_TaskRegTblSize                     0x0800796c   Data           2  os_dbg.o(.constdata)
    OSDbg_TaskSemPendAbortEn                 0x0800796e   Data           1  os_dbg.o(.constdata)
    OSDbg_TaskSuspendEn                      0x0800796f   Data           1  os_dbg.o(.constdata)
    OSDbg_TCBSize                            0x08007970   Data           2  os_dbg.o(.constdata)
    OSDbg_TickListSize                       0x08007972   Data           2  os_dbg.o(.constdata)
    OSDbg_TimeDlyHMSMEn                      0x08007974   Data           1  os_dbg.o(.constdata)
    OSDbg_TimeDlyResumeEn                    0x08007975   Data           1  os_dbg.o(.constdata)
    OSDbg_TLS_TblSize                        0x08007976   Data           2  os_dbg.o(.constdata)
    OSDbg_Tmr                                0x08007978   Data          48  os_dbg.o(.constdata)
    OSDbg_TmrEn                              0x080079a8   Data           1  os_dbg.o(.constdata)
    OSDbg_TmrDelEn                           0x080079a9   Data           1  os_dbg.o(.constdata)
    OSDbg_TmrSize                            0x080079aa   Data           2  os_dbg.o(.constdata)
    OSDbg_VersionNbr                         0x080079ac   Data           2  os_dbg.o(.constdata)
    OSDbg_DataSize                           0x080079b0   Data           4  os_dbg.o(.constdata)
    APBAHBPrescTable                         0x080079b4   Data          16  stm32f4xx_hal_rcc.o(.constdata)
    Region$$Table$$Base                      0x08007b40   Number         0  anon$$obj.o(Region$$Table)
    Region$$Table$$Limit                     0x08007b60   Number         0  anon$$obj.o(Region$$Table)
    CPU_TS_TmrFreq_Hz                        0x20000000   Data           4  cpu_core.o(.data)
    CPU_IntDisMeasCtr                        0x20000004   Data           2  cpu_core.o(.data)
    CPU_IntDisNestCtr                        0x20000006   Data           2  cpu_core.o(.data)
    CPU_IntDisMeasStart_cnts                 0x20000008   Data           4  cpu_core.o(.data)
    CPU_IntDisMeasStop_cnts                  0x2000000c   Data           4  cpu_core.o(.data)
    CPU_IntDisMeasOvrhd_cnts                 0x20000010   Data           4  cpu_core.o(.data)
    CPU_IntDisMeasMaxCur_cnts                0x20000014   Data           4  cpu_core.o(.data)
    CPU_IntDisMeasMax_cnts                   0x20000018   Data           4  cpu_core.o(.data)
    Math_RandSeedCur                         0x2000001c   Data           4  lib_math.o(.data)
    Mem_SegHeadPtr                           0x20000020   Data           4  lib_mem.o(.data)
    OS_CPU_ExceptStkBase                     0x20000024   Data           4  os_cpu_c.o(.data)
    OSPrioTbl                                0x20000028   Data           4  os_prio.o(.data)
    OS_AppTaskCreateHookPtr                  0x2000002c   Data           4  os_var.o(.data)
    OS_AppTaskDelHookPtr                     0x20000030   Data           4  os_var.o(.data)
    OS_AppTaskReturnHookPtr                  0x20000034   Data           4  os_var.o(.data)
    OS_AppIdleTaskHookPtr                    0x20000038   Data           4  os_var.o(.data)
    OS_AppStatTaskHookPtr                    0x2000003c   Data           4  os_var.o(.data)
    OS_AppTaskSwHookPtr                      0x20000040   Data           4  os_var.o(.data)
    OS_AppTimeTickHookPtr                    0x20000044   Data           4  os_var.o(.data)
    OSIdleTaskCtr                            0x20000048   Data           4  os_var.o(.data)
    OSIntNestingCtr                          0x2000004c   Data           1  os_var.o(.data)
    OSIntDisTimeMax                          0x20000050   Data           4  os_var.o(.data)
    OSRunning                                0x20000054   Data           1  os_var.o(.data)
    OSFlagDbgListPtr                         0x20000058   Data           4  os_var.o(.data)
    OSFlagQty                                0x2000005c   Data           2  os_var.o(.data)
    OSMemDbgListPtr                          0x20000060   Data           4  os_var.o(.data)
    OSMemQty                                 0x20000064   Data           2  os_var.o(.data)
    OSMutexDbgListPtr                        0x20000068   Data           4  os_var.o(.data)
    OSMutexQty                               0x2000006c   Data           2  os_var.o(.data)
    OSPrioCur                                0x2000006e   Data           1  os_var.o(.data)
    OSPrioHighRdy                            0x2000006f   Data           1  os_var.o(.data)
    OSPrioSaved                              0x20000070   Data           1  os_var.o(.data)
    OSQDbgListPtr                            0x20000074   Data           4  os_var.o(.data)
    OSQQty                                   0x20000078   Data           2  os_var.o(.data)
    OSSchedLockNestingCtr                    0x2000007a   Data           1  os_var.o(.data)
    OSSemDbgListPtr                          0x2000007c   Data           4  os_var.o(.data)
    OSSemQty                                 0x20000080   Data           2  os_var.o(.data)
    OSStatResetFlag                          0x20000082   Data           1  os_var.o(.data)
    OSStatTaskCPUUsage                       0x20000084   Data           2  os_var.o(.data)
    OSStatTaskCPUUsageMax                    0x20000086   Data           2  os_var.o(.data)
    OSStatTaskCtr                            0x20000088   Data           4  os_var.o(.data)
    OSStatTaskCtrMax                         0x2000008c   Data           4  os_var.o(.data)
    OSStatTaskCtrRun                         0x20000090   Data           4  os_var.o(.data)
    OSStatTaskRdy                            0x20000094   Data           1  os_var.o(.data)
    OSStatTaskTimeMax                        0x20000098   Data           4  os_var.o(.data)
    OSTaskCtxSwCtr                           0x2000009c   Data           4  os_var.o(.data)
    OSTaskDbgListPtr                         0x200000a0   Data           4  os_var.o(.data)
    OSTaskQty                                0x200000a4   Data           2  os_var.o(.data)
    OSTaskRegNextAvailID                     0x200000a6   Data           1  os_var.o(.data)
    OSTickCtr                                0x200000a8   Data           4  os_var.o(.data)
    OSTickTaskTimeMax                        0x200000ac   Data           4  os_var.o(.data)
    OSTickListDly                            0x200000b0   Data           8  os_var.o(.data)
    OSTickListTimeout                        0x200000b8   Data           8  os_var.o(.data)
    OSTmrDbgListPtr                          0x200000c0   Data           4  os_var.o(.data)
    OSTmrListEntries                         0x200000c4   Data           2  os_var.o(.data)
    OSTmrListPtr                             0x200000c8   Data           4  os_var.o(.data)
    OSTmrQty                                 0x200000cc   Data           2  os_var.o(.data)
    OSTmrTaskTimeMax                         0x200000d0   Data           4  os_var.o(.data)
    OSTmrTickCtr                             0x200000d4   Data           4  os_var.o(.data)
    OSTmrUpdateCnt                           0x200000d8   Data           4  os_var.o(.data)
    OSTmrUpdateCtr                           0x200000dc   Data           4  os_var.o(.data)
    OSTCBCurPtr                              0x200000e0   Data           4  os_var.o(.data)
    OSTCBHighRdyPtr                          0x200000e4   Data           4  os_var.o(.data)
    SystemCoreClock                          0x200000ec   Data           4  system_stm32f4xx.o(.data)
    CPU_Name                                 0x200022d0   Data          16  cpu_core.o(.bss)
    Mem_Heap                                 0x200022e0   Data        1024  lib_mem.o(.bss)
    Mem_SegHeap                              0x200026e0   Data          20  lib_mem.o(.bss)
    OSCfg_IdleTaskStk                        0x200026f4   Data         512  os_cfg_app.o(.bss)
    OSCfg_ISRStk                             0x200028f4   Data         400  os_cfg_app.o(.bss)
    OSCfg_MsgPool                            0x20002a84   Data        1600  os_cfg_app.o(.bss)
    OSCfg_StatTaskStk                        0x200030c4   Data         400  os_cfg_app.o(.bss)
    OSCfg_TickTaskStk                        0x20003254   Data         512  os_cfg_app.o(.bss)
    OSCfg_TmrTaskStk                         0x20003454   Data         512  os_cfg_app.o(.bss)
    OSIdleTaskTCB                            0x20003654   Data         192  os_var.o(.bss)
    OSMsgPool                                0x20003714   Data          12  os_var.o(.bss)
    OSRdyList                                0x20003720   Data         384  os_var.o(.bss)
    OSStatTaskTCB                            0x200038a0   Data         192  os_var.o(.bss)
    OSTickTaskTCB                            0x20003960   Data         192  os_var.o(.bss)
    OSTmrMutex                               0x20003a20   Data          48  os_var.o(.bss)
    OSTmrTaskTCB                             0x20003a50   Data         192  os_var.o(.bss)
    __libspace_start                         0x20003b10   Data          96  libspace.o(.bss)
    __temporary_stack_top$libspace           0x20003b70   Data           0  libspace.o(.bss)



==============================================================================

Memory Map of the image

  Image Entry point : 0x08000189

  Load Region LR_IROM1 (Base: 0x08000000, Size: 0x00007c50, Max: 0x00100000, ABSOLUTE)

    Execution Region ER_IROM1 (Base: 0x08000000, Size: 0x00007b60, Max: 0x00100000, ABSOLUTE)

    Base Addr    Size         Type   Attr      Idx    E Section Name        Object

    0x08000000   0x00000188   Data   RO        13863    RESET               startup_stm32f407xx.o
    0x08000188   0x00000008   Code   RO        13981  * !!!main             c_w.l(__main.o)
    0x08000190   0x00000034   Code   RO        14587    !!!scatter          c_w.l(__scatter.o)
    0x080001c4   0x0000001a   Code   RO        14589    !!handler_copy      c_w.l(__scatter_copy.o)
    0x080001de   0x00000002   PAD
    0x080001e0   0x0000001c   Code   RO        14591    !!handler_zi        c_w.l(__scatter_zi.o)
    0x080001fc   0x00000002   Code   RO        14464    .ARM.Collect$$libinit$$00000000  c_w.l(libinit.o)
    0x080001fe   0x00000004   Code   RO        14153    .ARM.Collect$$libinit$$00000001  c_w.l(libinit2.o)
    0x08000202   0x00000000   Code   RO        14156    .ARM.Collect$$libinit$$00000004  c_w.l(libinit2.o)
    0x08000202   0x00000000   Code   RO        14159    .ARM.Collect$$libinit$$0000000A  c_w.l(libinit2.o)
    0x08000202   0x00000000   Code   RO        14161    .ARM.Collect$$libinit$$0000000C  c_w.l(libinit2.o)
    0x08000202   0x00000000   Code   RO        14163    .ARM.Collect$$libinit$$0000000E  c_w.l(libinit2.o)
    0x08000202   0x00000000   Code   RO        14166    .ARM.Collect$$libinit$$00000011  c_w.l(libinit2.o)
    0x08000202   0x00000000   Code   RO        14168    .ARM.Collect$$libinit$$00000013  c_w.l(libinit2.o)
    0x08000202   0x00000000   Code   RO        14170    .ARM.Collect$$libinit$$00000015  c_w.l(libinit2.o)
    0x08000202   0x00000000   Code   RO        14172    .ARM.Collect$$libinit$$00000017  c_w.l(libinit2.o)
    0x08000202   0x00000000   Code   RO        14174    .ARM.Collect$$libinit$$00000019  c_w.l(libinit2.o)
    0x08000202   0x00000000   Code   RO        14176    .ARM.Collect$$libinit$$0000001B  c_w.l(libinit2.o)
    0x08000202   0x00000000   Code   RO        14178    .ARM.Collect$$libinit$$0000001D  c_w.l(libinit2.o)
    0x08000202   0x00000000   Code   RO        14180    .ARM.Collect$$libinit$$0000001F  c_w.l(libinit2.o)
    0x08000202   0x00000000   Code   RO        14182    .ARM.Collect$$libinit$$00000021  c_w.l(libinit2.o)
    0x08000202   0x00000000   Code   RO        14184    .ARM.Collect$$libinit$$00000023  c_w.l(libinit2.o)
    0x08000202   0x00000000   Code   RO        14186    .ARM.Collect$$libinit$$00000025  c_w.l(libinit2.o)
    0x08000202   0x00000000   Code   RO        14190    .ARM.Collect$$libinit$$0000002C  c_w.l(libinit2.o)
    0x08000202   0x00000000   Code   RO        14192    .ARM.Collect$$libinit$$0000002E  c_w.l(libinit2.o)
    0x08000202   0x00000000   Code   RO        14194    .ARM.Collect$$libinit$$00000030  c_w.l(libinit2.o)
    0x08000202   0x00000000   Code   RO        14196    .ARM.Collect$$libinit$$00000032  c_w.l(libinit2.o)
    0x08000202   0x00000002   Code   RO        14197    .ARM.Collect$$libinit$$00000033  c_w.l(libinit2.o)
    0x08000204   0x00000002   Code   RO        14580    .ARM.Collect$$libshutdown$$00000000  c_w.l(libshutdown.o)
    0x08000206   0x00000000   Code   RO        14466    .ARM.Collect$$libshutdown$$00000002  c_w.l(libshutdown2.o)
    0x08000206   0x00000000   Code   RO        14468    .ARM.Collect$$libshutdown$$00000004  c_w.l(libshutdown2.o)
    0x08000206   0x00000000   Code   RO        14471    .ARM.Collect$$libshutdown$$00000007  c_w.l(libshutdown2.o)
    0x08000206   0x00000000   Code   RO        14474    .ARM.Collect$$libshutdown$$0000000A  c_w.l(libshutdown2.o)
    0x08000206   0x00000000   Code   RO        14476    .ARM.Collect$$libshutdown$$0000000C  c_w.l(libshutdown2.o)
    0x08000206   0x00000000   Code   RO        14479    .ARM.Collect$$libshutdown$$0000000F  c_w.l(libshutdown2.o)
    0x08000206   0x00000002   Code   RO        14480    .ARM.Collect$$libshutdown$$00000010  c_w.l(libshutdown2.o)
    0x08000208   0x00000000   Code   RO        14043    .ARM.Collect$$rtentry$$00000000  c_w.l(__rtentry.o)
    0x08000208   0x00000000   Code   RO        14274    .ARM.Collect$$rtentry$$00000002  c_w.l(__rtentry2.o)
    0x08000208   0x00000006   Code   RO        14286    .ARM.Collect$$rtentry$$00000004  c_w.l(__rtentry4.o)
    0x0800020e   0x00000000   Code   RO        14276    .ARM.Collect$$rtentry$$00000009  c_w.l(__rtentry2.o)
    0x0800020e   0x00000004   Code   RO        14277    .ARM.Collect$$rtentry$$0000000A  c_w.l(__rtentry2.o)
    0x08000212   0x00000000   Code   RO        14279    .ARM.Collect$$rtentry$$0000000C  c_w.l(__rtentry2.o)
    0x08000212   0x00000008   Code   RO        14280    .ARM.Collect$$rtentry$$0000000D  c_w.l(__rtentry2.o)
    0x0800021a   0x00000002   Code   RO        14489    .ARM.Collect$$rtexit$$00000000  c_w.l(rtexit.o)
    0x0800021c   0x00000000   Code   RO        14539    .ARM.Collect$$rtexit$$00000002  c_w.l(rtexit2.o)
    0x0800021c   0x00000004   Code   RO        14540    .ARM.Collect$$rtexit$$00000003  c_w.l(rtexit2.o)
    0x08000220   0x00000006   Code   RO        14541    .ARM.Collect$$rtexit$$00000004  c_w.l(rtexit2.o)
    0x08000226   0x00000002   PAD
    0x08000228   0x00000034   Code   RO         1128    .text               cpu_a.o
    0x0800025c   0x00000068   Code   RO        13864    .text               startup_stm32f407xx.o
    0x080002c4   0x00000006   Code   RO        13979    .text               c_w.l(heapauxi.o)
    0x080002ca   0x00000002   PAD
    0x080002cc   0x0000000c   Code   RO        14041    .text               c_w.l(sys_exit.o)
    0x080002d8   0x00000008   Code   RO        14056    .text               c_w.l(rt_errno_addr_intlibspace.o)
    0x080002e0   0x00000016   Code   RO        14058    .text               c_w.l(_rserrno.o)
    0x080002f6   0x00000002   PAD
    0x080002f8   0x00000008   Code   RO        14267    .text               c_w.l(libspace.o)
    0x08000300   0x00000002   Code   RO        14270    .text               c_w.l(use_no_semi.o)
    0x08000302   0x00000000   Code   RO        14272    .text               c_w.l(indicate_semi.o)
    0x08000302   0x0000004a   Code   RO        14339    .text               c_w.l(sys_stackheap_outer.o)
    0x0800034c   0x00000012   Code   RO        14441    .text               c_w.l(exit.o)
    0x0800035e   0x00000002   PAD
    0x08000360   0x00000118   Code   RO         1824    CODE                os_cpu_a.o
    0x08000478   0x00000090   Code   RO            4    i.AppObjCreate      app.o
    0x08000508   0x00000128   Code   RO            5    i.AppTaskCreate     app.o
    0x08000630   0x00000394   Code   RO            6    i.AppTaskEq0Fp      app.o
    0x080009c4   0x00000254   Code   RO            7    i.AppTaskEq1Fp      app.o
    0x08000c18   0x00000080   Code   RO            8    i.AppTaskObj0       app.o
    0x08000c98   0x0000007c   Code   RO            9    i.AppTaskObj1       app.o
    0x08000d14   0x0000004e   Code   RO           10    i.AppTaskStart      app.o
    0x08000d62   0x00000002   Code   RO          355    i.App_OS_IdleTaskHook  os_app_hooks.o
    0x08000d64   0x0000008c   Code   RO          357    i.App_OS_SetAllHooks  os_app_hooks.o
    0x08000df0   0x00000002   Code   RO          358    i.App_OS_StatTaskHook  os_app_hooks.o
    0x08000df2   0x00000002   Code   RO          359    i.App_OS_TaskCreateHook  os_app_hooks.o
    0x08000df4   0x00000002   Code   RO          360    i.App_OS_TaskDelHook  os_app_hooks.o
    0x08000df6   0x00000002   Code   RO          361    i.App_OS_TaskReturnHook  os_app_hooks.o
    0x08000df8   0x00000002   Code   RO          362    i.App_OS_TaskSwHook  os_app_hooks.o
    0x08000dfa   0x00000008   Code   RO          363    i.App_OS_TimeTickHook  os_app_hooks.o
    0x08000e02   0x0000000c   Code   RO          457    i.BSP_CPU_ClkFreq   bsp.o
    0x08000e0e   0x00000002   PAD
    0x08000e10   0x000000bc   Code   RO          458    i.BSP_Init          bsp.o
    0x08000ecc   0x00000008   Code   RO          530    i.BSP_IntDisAll     bsp_int.o
    0x08000ed4   0x00000004   Code   RO          560    i.BSP_IntHandlerDummy  bsp_int.o
    0x08000ed8   0x0000001c   Code   RO          616    i.BSP_IntInit       bsp_int.o
    0x08000ef4   0x0000003c   Code   RO          618    i.BSP_IntVectSet    bsp_int.o
    0x08000f30   0x00000038   Code   RO          459    i.BSP_LED_Init      bsp.o
    0x08000f68   0x00000014   Code   RO          462    i.BSP_LED_Toggle    bsp.o
    0x08000f7c   0x00000194   Code   RO         1106    i.BSP_PeriphEn      bsp_periph.o
    0x08001110   0x0000001c   Code   RO          463    i.BSP_Tick_Init     bsp.o
    0x0800112c   0x00000010   Code   RO         1187    i.CPU_Init          cpu_core.o
    0x0800113c   0x00000084   Code   RO         1188    i.CPU_IntDisMeasInit  cpu_core.o
    0x080011c0   0x0000001c   Code   RO         1189    i.CPU_IntDisMeasMaxCalc  cpu_core.o
    0x080011dc   0x0000002c   Code   RO         1190    i.CPU_IntDisMeasMaxCurGet  cpu_core.o
    0x08001208   0x0000002c   Code   RO         1191    i.CPU_IntDisMeasMaxCurReset  cpu_core.o
    0x08001234   0x0000002c   Code   RO         1192    i.CPU_IntDisMeasMaxGet  cpu_core.o
    0x08001260   0x00000034   Code   RO         1193    i.CPU_IntDisMeasStart  cpu_core.o
    0x08001294   0x00000054   Code   RO         1194    i.CPU_IntDisMeasStop  cpu_core.o
    0x080012e8   0x00000038   Code   RO         1195    i.CPU_NameClr       cpu_core.o
    0x08001320   0x00000008   Code   RO         1197    i.CPU_NameInit      cpu_core.o
    0x08001328   0x0000006c   Code   RO         1198    i.CPU_NameSet       cpu_core.o
    0x08001394   0x00000004   Code   RO         1200    i.CPU_SW_Exception  cpu_core.o
    0x08001398   0x00000014   Code   RO         1202    i.CPU_TS_Init       cpu_core.o
    0x080013ac   0x0000000c   Code   RO         1204    i.CPU_TS_TmrFreqSet  cpu_core.o
    0x080013b8   0x00000034   Code   RO         1081    i.CPU_TS_TmrInit    cpu_bsp.o
    0x080013ec   0x0000000c   Code   RO         1082    i.CPU_TS_TmrRd      cpu_bsp.o
    0x080013f8   0x00000208   Code   RO         4711    i.HAL_GPIO_Init     stm32f4xx_hal_gpio.o
    0x08001600   0x00000008   Code   RO         4714    i.HAL_GPIO_TogglePin  stm32f4xx_hal_gpio.o
    0x08001608   0x0000000c   Code   RO         4715    i.HAL_GPIO_WritePin  stm32f4xx_hal_gpio.o
    0x08001614   0x0000000c   Code   RO         2960    i.HAL_GetREVID      stm32f4xx_hal.o
    0x08001620   0x0000000c   Code   RO         2961    i.HAL_GetTick       stm32f4xx_hal.o
    0x0800162c   0x00000010   Code   RO         2962    i.HAL_IncTick       stm32f4xx_hal.o
    0x0800163c   0x0000003c   Code   RO         2963    i.HAL_Init          stm32f4xx_hal.o
    0x08001678   0x0000001c   Code   RO          464    i.HAL_InitTick      bsp.o
    0x08001694   0x00000002   Code   RO         5865    i.HAL_MspInit       stm32f4xx_hal_msp_template.o
    0x08001696   0x00000002   PAD
    0x08001698   0x00000028   Code   RO         3526    i.HAL_NVIC_SetPriorityGrouping  stm32f4xx_hal_cortex.o
    0x080016c0   0x000002b0   Code   RO         6704    i.HAL_RCC_ClockConfig  stm32f4xx_hal_rcc.o
    0x08001970   0x00000070   Code   RO         6705    i.HAL_RCC_DeInit    stm32f4xx_hal_rcc.o
    0x080019e0   0x00000038   Code   RO         6709    i.HAL_RCC_GetHCLKFreq  stm32f4xx_hal_rcc.o
    0x08001a18   0x000000b4   Code   RO         6713    i.HAL_RCC_GetSysClockFreq  stm32f4xx_hal_rcc.o
    0x08001acc   0x00000404   Code   RO         6716    i.HAL_RCC_OscConfig  stm32f4xx_hal_rcc.o
    0x08001ed0   0x00000014   Code   RO          465    i.HardFault_Handler  bsp.o
    0x08001ee4   0x0000000a   Code   RO         1459    i.Math_Init         lib_math.o
    0x08001eee   0x00000002   PAD
    0x08001ef0   0x00000040   Code   RO         1460    i.Math_Rand         lib_math.o
    0x08001f30   0x00000018   Code   RO         1461    i.Math_RandSeed     lib_math.o
    0x08001f48   0x00000034   Code   RO         1462    i.Math_RandSetSeed  lib_math.o
    0x08001f7c   0x00000012   Code   RO         1495    i.Mem_Clr           lib_mem.o
    0x08001f8e   0x00000002   PAD
    0x08001f90   0x00000048   Code   RO         1505    i.Mem_Init          lib_mem.o
    0x08001fd8   0x00000052   Code   RO         1518    i.Mem_SegCreate     lib_mem.o
    0x0800202a   0x00000002   PAD
    0x0800202c   0x00000020   Code   RO         1519    i.Mem_SegCreateCritical  lib_mem.o
    0x0800204c   0x00000054   Code   RO         1522    i.Mem_Set           lib_mem.o
    0x080020a0   0x00000002   Code   RO         1912    i.OSCfg_Init        os_cfg_app.o
    0x080020a2   0x00000002   PAD
    0x080020a4   0x00000068   Code   RO         2154    i.OSFlagCreate      os_flag.o
    0x0800210c   0x00000308   Code   RO         2155    i.OSFlagPend        os_flag.o
    0x08002414   0x00000040   Code   RO         2157    i.OSFlagPost        os_flag.o
    0x08002454   0x00000014   Code   RO         1827    i.OSIdleTaskHook    os_cpu_c.o
    0x08002468   0x0000014c   Code   RO         1935    i.OSInit            os_core.o
    0x080025b4   0x00000028   Code   RO         1828    i.OSInitHook        os_cpu_c.o
    0x080025dc   0x000000dc   Code   RO         1937    i.OSIntExit         os_core.o
    0x080026b8   0x0000006c   Code   RO         2304    i.OSMutexCreate     os_mutex.o
    0x08002724   0x000001ec   Code   RO         2305    i.OSMutexPend       os_mutex.o
    0x08002910   0x0000017c   Code   RO         2306    i.OSMutexPost       os_mutex.o
    0x08002a8c   0x0000006c   Code   RO         2443    i.OSQCreate         os_q.o
    0x08002af8   0x000001a0   Code   RO         2444    i.OSQPend           os_q.o
    0x08002c98   0x00000040   Code   RO         2446    i.OSQPost           os_q.o
    0x08002cd8   0x000000a4   Code   RO         1938    i.OSSched           os_core.o
    0x08002d7c   0x00000064   Code   RO         1939    i.OSSchedLock       os_core.o
    0x08002de0   0x00000088   Code   RO         1940    i.OSSchedUnlock     os_core.o
    0x08002e68   0x00000068   Code   RO         2503    i.OSSemCreate       os_sem.o
    0x08002ed0   0x00000188   Code   RO         2505    i.OSSemPend         os_sem.o
    0x08003058   0x0000003c   Code   RO         2507    i.OSSemPost         os_sem.o
    0x08003094   0x00000068   Code   RO         1941    i.OSStart           os_core.o
    0x080030fc   0x00000148   Code   RO         2575    i.OSStatReset       os_stat.o
    0x08003244   0x00000100   Code   RO         2576    i.OSStatTaskCPUUsageInit  os_stat.o
    0x08003344   0x00000014   Code   RO         1829    i.OSStatTaskHook    os_cpu_c.o
    0x08003358   0x00000144   Code   RO         2606    i.OSTaskCreate      os_task.o
    0x0800349c   0x00000018   Code   RO         1830    i.OSTaskCreateHook  os_cpu_c.o
    0x080034b4   0x00000036   Code   RO         2613    i.OSTaskResume      os_task.o
    0x080034ea   0x00000002   PAD
    0x080034ec   0x00000018   Code   RO         1832    i.OSTaskReturnHook  os_cpu_c.o
    0x08003504   0x000001c8   Code   RO         2614    i.OSTaskSemPend     os_task.o
    0x080036cc   0x00000024   Code   RO         2616    i.OSTaskSemPost     os_task.o
    0x080036f0   0x000000bc   Code   RO         2618    i.OSTaskStkChk      os_task.o
    0x080037ac   0x000002c4   Code   RO         1833    i.OSTaskStkInit     os_cpu_c.o
    0x08003a70   0x00000024   Code   RO         2619    i.OSTaskSuspend     os_task.o
    0x08003a94   0x000000ac   Code   RO         1834    i.OSTaskSwHook      os_cpu_c.o
    0x08003b40   0x000000b0   Code   RO         2807    i.OSTimeDly         os_time.o
    0x08003bf0   0x00000114   Code   RO         2808    i.OSTimeDlyHMSM     os_time.o
    0x08003d04   0x00000044   Code   RO         2811    i.OSTimeTick        os_time.o
    0x08003d48   0x00000014   Code   RO         1835    i.OSTimeTickHook    os_cpu_c.o
    0x08003d5c   0x00000040   Code   RO         1836    i.OS_CPU_SysTickHandler  os_cpu_c.o
    0x08003d9c   0x00000030   Code   RO         1837    i.OS_CPU_SysTickInit  os_cpu_c.o
    0x08003dcc   0x000001a8   Code   RO         2139    i.OS_Dbg_Init       os_dbg.o
    0x08003f74   0x0000003c   Code   RO         2158    i.OS_FlagBlock      os_flag.o
    0x08003fb0   0x00000030   Code   RO         2160    i.OS_FlagDbgListAdd  os_flag.o
    0x08003fe0   0x00000018   Code   RO         2162    i.OS_FlagInit       os_flag.o
    0x08003ff8   0x00000174   Code   RO         2163    i.OS_FlagPost       os_flag.o
    0x0800416c   0x00000064   Code   RO         2164    i.OS_FlagTaskRdy    os_flag.o
    0x080041d0   0x0000004c   Code   RO         1943    i.OS_IdleTask       os_core.o
    0x0800421c   0x00000070   Code   RO         1944    i.OS_IdleTaskInit   os_core.o
    0x0800428c   0x00000018   Code   RO         2236    i.OS_MemInit        os_mem.o
    0x080042a4   0x0000005c   Code   RO         2268    i.OS_MsgPoolInit    os_msg.o
    0x08004300   0x00000068   Code   RO         2270    i.OS_MsgQGet        os_msg.o
    0x08004368   0x0000000e   Code   RO         2271    i.OS_MsgQInit       os_msg.o
    0x08004376   0x00000002   PAD
    0x08004378   0x00000104   Code   RO         2272    i.OS_MsgQPut        os_msg.o
    0x0800447c   0x00000030   Code   RO         2308    i.OS_MutexDbgListAdd  os_mutex.o
    0x080044ac   0x00000008   Code   RO         2310    i.OS_MutexGrpAdd    os_mutex.o
    0x080044b4   0x0000002c   Code   RO         2312    i.OS_MutexGrpPrioFindHighest  os_mutex.o
    0x080044e0   0x0000001c   Code   RO         2313    i.OS_MutexGrpRemove  os_mutex.o
    0x080044fc   0x00000018   Code   RO         2314    i.OS_MutexInit      os_mutex.o
    0x08004514   0x00000068   Code   RO         1945    i.OS_Pend           os_core.o
    0x0800457c   0x00000028   Code   RO         1948    i.OS_PendDataInit   os_core.o
    0x080045a4   0x0000005c   Code   RO         1949    i.OS_PendDbgNameAdd  os_core.o
    0x08004600   0x00000024   Code   RO         1950    i.OS_PendDbgNameRemove  os_core.o
    0x08004624   0x0000003a   Code   RO         1951    i.OS_PendListChangePrio  os_core.o
    0x0800465e   0x0000000a   Code   RO         1952    i.OS_PendListInit   os_core.o
    0x08004668   0x00000066   Code   RO         1954    i.OS_PendListInsertPrio  os_core.o
    0x080046ce   0x00000034   Code   RO         1955    i.OS_PendListRemove  os_core.o
    0x08004702   0x00000042   Code   RO         1956    i.OS_PendListRemove1  os_core.o
    0x08004744   0x000000d6   Code   RO         1959    i.OS_Post           os_core.o
    0x0800481a   0x0000002c   Code   RO         1960    i.OS_Post1          os_core.o
    0x08004846   0x00000002   PAD
    0x08004848   0x00000028   Code   RO         2406    i.OS_PrioGetHighest  os_prio.o
    0x08004870   0x00000018   Code   RO         2407    i.OS_PrioInit       os_prio.o
    0x08004888   0x00000024   Code   RO         2408    i.OS_PrioInsert     os_prio.o
    0x080048ac   0x00000024   Code   RO         2409    i.OS_PrioRemove     os_prio.o
    0x080048d0   0x00000030   Code   RO         2448    i.OS_QDbgListAdd    os_q.o
    0x08004900   0x00000018   Code   RO         2450    i.OS_QInit          os_q.o
    0x08004918   0x000000ca   Code   RO         2451    i.OS_QPost          os_q.o
    0x080049e2   0x00000002   PAD
    0x080049e4   0x00000024   Code   RO         1961    i.OS_RdyListInit    os_core.o
    0x08004a08   0x0000002c   Code   RO         1962    i.OS_RdyListInsert  os_core.o
    0x08004a34   0x00000040   Code   RO         1963    i.OS_RdyListInsertHead  os_core.o
    0x08004a74   0x0000003c   Code   RO         1964    i.OS_RdyListInsertTail  os_core.o
    0x08004ab0   0x0000005c   Code   RO         1966    i.OS_RdyListRemove  os_core.o
    0x08004b0c   0x00000030   Code   RO         2510    i.OS_SemDbgListAdd  os_sem.o
    0x08004b3c   0x00000018   Code   RO         2512    i.OS_SemInit        os_sem.o
    0x08004b54   0x0000013e   Code   RO         2513    i.OS_SemPost        os_sem.o
    0x08004c92   0x00000002   PAD
    0x08004c94   0x00000324   Code   RO         2577    i.OS_StatTask       os_stat.o
    0x08004fb8   0x000000cc   Code   RO         2578    i.OS_StatTaskInit   os_stat.o
    0x08005084   0x0000002c   Code   RO         1967    i.OS_TaskBlock      os_core.o
    0x080050b0   0x000000ec   Code   RO         2620    i.OS_TaskChangePrio  os_task.o
    0x0800519c   0x00000030   Code   RO         2621    i.OS_TaskDbgListAdd  os_task.o
    0x080051cc   0x00000020   Code   RO         2623    i.OS_TaskInit       os_task.o
    0x080051ec   0x000000c4   Code   RO         2624    i.OS_TaskInitTCB    os_task.o
    0x080052b0   0x0000011c   Code   RO         2626    i.OS_TaskResume     os_task.o
    0x080053cc   0x00000024   Code   RO         2627    i.OS_TaskReturn     os_task.o
    0x080053f0   0x000001f0   Code   RO         2628    i.OS_TaskSemPost    os_task.o
    0x080055e0   0x00000138   Code   RO         2629    i.OS_TaskSuspend    os_task.o
    0x08005718   0x00000086   Code   RO         2761    i.OS_TickListInsert  os_tick.o
    0x0800579e   0x00000002   PAD
    0x080057a0   0x000000bc   Code   RO         2762    i.OS_TickListInsertDly  os_tick.o
    0x0800585c   0x00000058   Code   RO         2763    i.OS_TickListRemove  os_tick.o
    0x080058b4   0x000000a0   Code   RO         2764    i.OS_TickListUpdateDly  os_tick.o
    0x08005954   0x0000011c   Code   RO         2765    i.OS_TickListUpdateTimeout  os_tick.o
    0x08005a70   0x0000006c   Code   RO         2766    i.OS_TickTask       os_tick.o
    0x08005adc   0x000000c8   Code   RO         2767    i.OS_TickTaskInit   os_tick.o
    0x08005ba4   0x00000134   Code   RO         2852    i.OS_TmrInit        os_tmr.o
    0x08005cd8   0x00000018   Code   RO         2853    i.OS_TmrLock        os_tmr.o
    0x08005cf0   0x00000094   Code   RO         2854    i.OS_TmrTask        os_tmr.o
    0x08005d84   0x00000044   Code   RO         2855    i.OS_TmrUnlink      os_tmr.o
    0x08005dc8   0x00000014   Code   RO         2856    i.OS_TmrUnlock      os_tmr.o
    0x08005ddc   0x00000046   Code   RO         1684    i.Str_Copy_N        lib_str.o
    0x08005e22   0x0000001c   Code   RO         1689    i.Str_Len_N         lib_str.o
    0x08005e3e   0x00000002   PAD
    0x08005e40   0x00000064   Code   RO        13872    i.SystemInit        system_stm32f4xx.o
    0x08005ea4   0x00000030   Code   RO        14246    i.__ARM_fpclassify  m_wm.l(fpclassify.o)
    0x08005ed4   0x00000004   PAD
    0x08005ed8   0x000000c8   Code   RO        14003    i.__hardfp_cos      m_wm.l(cos.o)
    0x08005fa0   0x00000358   Code   RO        14015    i.__hardfp_exp      m_wm.l(exp.o)
    0x080062f8   0x000000c8   Code   RO        14029    i.__hardfp_sin      m_wm.l(sin.o)
    0x080063c0   0x00000438   Code   RO        14251    i.__ieee754_rem_pio2  m_wm.l(rred.o)
    0x080067f8   0x00000170   Code   RO        14229    i.__kernel_cos      m_wm.l(cos_i.o)
    0x08006968   0x000000f8   Code   RO        14248    i.__kernel_poly     m_wm.l(poly.o)
    0x08006a60   0x00000130   Code   RO        14256    i.__kernel_sin      m_wm.l(sin_i.o)
    0x08006b90   0x00000014   Code   RO        14233    i.__mathlib_dbl_infnan  m_wm.l(dunder.o)
    0x08006ba4   0x00000004   PAD
    0x08006ba8   0x00000020   Code   RO        14235    i.__mathlib_dbl_invalid  m_wm.l(dunder.o)
    0x08006bc8   0x00000020   Code   RO        14236    i.__mathlib_dbl_overflow  m_wm.l(dunder.o)
    0x08006be8   0x00000020   Code   RO        14238    i.__mathlib_dbl_underflow  m_wm.l(dunder.o)
    0x08006c08   0x00000018   Code   RO        14333    i.fabs              m_wm.l(fabs.o)
    0x08006c20   0x00000088   Code   RO           12    i.main              app.o
    0x08006ca8   0x00000018   Code   RO        14198    x$fpl$basic         fz_wm.l(basic.o)
    0x08006cc0   0x00000062   Code   RO        13983    x$fpl$d2f           fz_wm.l(d2f.o)
    0x08006d22   0x00000002   PAD
    0x08006d24   0x00000150   Code   RO        13985    x$fpl$dadd          fz_wm.l(daddsub_clz.o)
    0x08006e74   0x00000018   Code   RO        14200    x$fpl$dcmpinf       fz_wm.l(dcmpi.o)
    0x08006e8c   0x000002b0   Code   RO        13992    x$fpl$ddiv          fz_wm.l(ddiv.o)
    0x0800713c   0x0000005e   Code   RO        14202    x$fpl$dfix          fz_wm.l(dfix.o)
    0x0800719a   0x0000002e   Code   RO        14207    x$fpl$dflt          fz_wm.l(dflt_clz.o)
    0x080071c8   0x00000026   Code   RO        14206    x$fpl$dfltu         fz_wm.l(dflt_clz.o)
    0x080071ee   0x00000002   PAD
    0x080071f0   0x00000078   Code   RO        13995    x$fpl$dleqf         fz_wm.l(dleqf.o)
    0x08007268   0x00000154   Code   RO        13997    x$fpl$dmul          fz_wm.l(dmul.o)
    0x080073bc   0x0000009c   Code   RO        14212    x$fpl$dnaninf       fz_wm.l(dnaninf.o)
    0x08007458   0x0000000c   Code   RO        14214    x$fpl$dretinf       fz_wm.l(dretinf.o)
    0x08007464   0x0000006c   Code   RO        13999    x$fpl$drleqf        fz_wm.l(drleqf.o)
    0x080074d0   0x00000016   Code   RO        13986    x$fpl$drsb          fz_wm.l(daddsub_clz.o)
    0x080074e6   0x00000002   PAD
    0x080074e8   0x000001d4   Code   RO        13987    x$fpl$dsub          fz_wm.l(daddsub_clz.o)
    0x080076bc   0x00000056   Code   RO        14001    x$fpl$f2d           fz_wm.l(f2d.o)
    0x08007712   0x0000008c   Code   RO        14216    x$fpl$fnaninf       fz_wm.l(fnaninf.o)
    0x0800779e   0x0000000a   Code   RO        14329    x$fpl$fpinit        fz_wm.l(fpinit.o)
    0x080077a8   0x0000000a   Code   RO        14218    x$fpl$fretinf       fz_wm.l(fretinf.o)
    0x080077b2   0x00000000   Code   RO        14228    x$fpl$usenofp       fz_wm.l(usenofp.o)
    0x080077b2   0x00000002   PAD
    0x080077b4   0x00000094   Data   RO         1914    .constdata          os_cfg_app.o
    0x08007848   0x0000016c   Data   RO         2140    .constdata          os_dbg.o
    0x080079b4   0x00000010   Data   RO         6717    .constdata          stm32f4xx_hal_rcc.o
    0x080079c4   0x00000004   PAD
    0x080079c8   0x00000058   Data   RO        14018    .constdata          m_wm.l(exp.o)
    0x08007a20   0x00000030   Data   RO        14230    .constdata          m_wm.l(cos_i.o)
    0x08007a50   0x000000c8   Data   RO        14253    .constdata          m_wm.l(rred.o)
    0x08007b18   0x00000028   Data   RO        14257    .constdata          m_wm.l(sin_i.o)
    0x08007b40   0x00000020   Data   RO        14585    Region$$Table       anon$$obj.o


    Execution Region RW_IRAM1 (Base: 0x20000000, Size: 0x00004170, Max: 0x00020000, ABSOLUTE)

    Base Addr    Size         Type   Attr      Idx    E Section Name        Object

    0x20000000   0x0000001c   Data   RW         1208    .data               cpu_core.o
    0x2000001c   0x00000004   Data   RW         1463    .data               lib_math.o
    0x20000020   0x00000004   Data   RW         1524    .data               lib_mem.o
    0x20000024   0x00000004   Data   RW         1838    .data               os_cpu_c.o
    0x20000028   0x00000004   Data   RW         2410    .data               os_prio.o
    0x2000002c   0x000000bc   Data   RW         2932    .data               os_var.o
    0x200000e8   0x00000004   Data   RW         2969    .data               stm32f4xx_hal.o
    0x200000ec   0x00000004   Data   RW        13874    .data               system_stm32f4xx.o
    0x200000f0   0x00002098   Zero   RW           13    .bss                app.o
    0x20002188   0x00000148   Zero   RW          619    .bss                bsp_int.o
    0x200022d0   0x00000010   Zero   RW         1206    .bss                cpu_core.o
    0x200022e0   0x00000414   Zero   RW         1523    .bss                lib_mem.o
    0x200026f4   0x00000f60   Zero   RW         1913    .bss                os_cfg_app.o
    0x20003654   0x000004bc   Zero   RW         2931    .bss                os_var.o
    0x20003b10   0x00000060   Zero   RW        14268    .bss                c_w.l(libspace.o)
    0x20003b70   0x00000200   Zero   RW        13862    HEAP                startup_stm32f407xx.o
    0x20003d70   0x00000400   Zero   RW        13861    STACK               startup_stm32f407xx.o


==============================================================================

Image component sizes


      Code (inc. data)   RO Data    RW Data    ZI Data      Debug   Object Name

      2418        324          0          0       8344     348707   app.o
       352         32          0          0          0       4809   bsp.o
       100         10          0          0        328       2519   bsp_int.o
       404         90          0          0          0        595   bsp_periph.o
        52          0          0          0          0        308   cpu_a.o
        64         14          0          0          0        984   cpu_bsp.o
       652        102          0         28         16       9993   cpu_core.o
       150         14          0          4          0       3130   lib_math.o
       288         24          0          4       1044      15013   lib_mem.o
        98          0          0          0          0       1837   lib_str.o
       160         56          0          0          0      31208   os_app_hooks.o
         2          0        148          0       3936      19013   os_cfg_app.o
      2402        306          0          0          0      17006   os_core.o
       280         14          0          0          0        396   os_cpu_a.o
      1140        160          0          4          0      25713   os_cpu_c.o
       424        278        364          0          0       4669   os_dbg.o
      1548         60          0          0          0       7425   os_flag.o
        24         10          0          0          0        825   os_mem.o
       470         24          0          0          0       3329   os_msg.o
      1132         56          0          0          0       6222   os_mutex.o
       136         16          0          4          0       2742   os_prio.o
       862         48          0          0          0       5347   os_q.o
       946         48          0          0          0       5379   os_sem.o
      1592        196          0          0          0       3947   os_stat.o
      2734        128          0          0          0      11786   os_task.o
      1162         88          0          0          0       5735   os_tick.o
       520         40          0          0          0       2681   os_time.o
       568        142          0          0          0       3437   os_tmr.o
         0          0          0        188       1212      17686   os_var.o
       104         34        392          0       1536        876   startup_stm32f407xx.o
       100         20          0          4          0       3614   stm32f4xx_hal.o
        40          8          0          0          0      27390   stm32f4xx_hal_cortex.o
       540         48          0          0          0       3113   stm32f4xx_hal_gpio.o
         2          0          0          0          0        550   stm32f4xx_hal_msp_template.o
      2064         66         16          0          0       5510   stm32f4xx_hal_rcc.o
       100         18          0          4          0       1223   system_stm32f4xx.o

    ----------------------------------------------------------------------
     23656       2474        956        240      16416     604717   Object Totals
         0          0         32          0          0          0   (incl. Generated)
        26          0          4          0          0          0   (incl. Padding)

    ----------------------------------------------------------------------

      Code (inc. data)   RO Data    RW Data    ZI Data      Debug   Library Member Name

         8          0          0          0          0         68   __main.o
         0          0          0          0          0          0   __rtentry.o
        12          0          0          0          0          0   __rtentry2.o
         6          0          0          0          0          0   __rtentry4.o
        52          8          0          0          0          0   __scatter.o
        26          0          0          0          0          0   __scatter_copy.o
        28          0          0          0          0          0   __scatter_zi.o
        22          0          0          0          0        100   _rserrno.o
        18          0          0          0          0         80   exit.o
         6          0          0          0          0        152   heapauxi.o
         0          0          0          0          0          0   indicate_semi.o
         2          0          0          0          0          0   libinit.o
         6          0          0          0          0          0   libinit2.o
         2          0          0          0          0          0   libshutdown.o
         2          0          0          0          0          0   libshutdown2.o
         8          4          0          0         96         68   libspace.o
         8          4          0          0          0         68   rt_errno_addr_intlibspace.o
         2          0          0          0          0          0   rtexit.o
        10          0          0          0          0          0   rtexit2.o
        12          4          0          0          0         68   sys_exit.o
        74          0          0          0          0         80   sys_stackheap_outer.o
         2          0          0          0          0         68   use_no_semi.o
        24          0          0          0          0        164   basic.o
        98          4          0          0          0        140   d2f.o
       826         16          0          0          0        492   daddsub_clz.o
        24          0          0          0          0        116   dcmpi.o
       688        140          0          0          0        256   ddiv.o
        94          4          0          0          0        140   dfix.o
        84          0          0          0          0        232   dflt_clz.o
       120          4          0          0          0        140   dleqf.o
       340         12          0          0          0        152   dmul.o
       156          4          0          0          0        140   dnaninf.o
        12          0          0          0          0        116   dretinf.o
       108          0          0          0          0        128   drleqf.o
        86          4          0          0          0        132   f2d.o
       140          4          0          0          0        132   fnaninf.o
        10          0          0          0          0        116   fpinit.o
        10          0          0          0          0        116   fretinf.o
         0          0          0          0          0          0   usenofp.o
       200         20          0          0          0        164   cos.o
       368         46         48          0          0        200   cos_i.o
       116         24          0          0          0        496   dunder.o
       856        142         88          0          0        288   exp.o
        24          0          0          0          0        124   fabs.o
        48          0          0          0          0        124   fpclassify.o
       248          0          0          0          0        152   poly.o
      1080        142        200          0          0        188   rred.o
       200         20          0          0          0        164   sin.o
       304         24         40          0          0        208   sin_i.o

    ----------------------------------------------------------------------
      6596        630        376          0         96       5572   Library Totals
        26          0          0          0          0          0   (incl. Padding)

    ----------------------------------------------------------------------

      Code (inc. data)   RO Data    RW Data    ZI Data      Debug   Library Name

       306         20          0          0         96        752   c_w.l
      2820        192          0          0          0       2712   fz_wm.l
      3444        418        376          0          0       2108   m_wm.l

    ----------------------------------------------------------------------
      6596        630        376          0         96       5572   Library Totals

    ----------------------------------------------------------------------

==============================================================================


      Code (inc. data)   RO Data    RW Data    ZI Data      Debug   

     30252       3104       1332        240      16512     589829   Grand Totals
     30252       3104       1332        240      16512     589829   ELF Image Totals
     30252       3104       1332        240          0          0   ROM Totals

==============================================================================

    Total RO  Size (Code + RO Data)                31584 (  30.84kB)
    Total RW  Size (RW Data + ZI Data)             16752 (  16.36kB)
    Total ROM Size (Code + RO Data + RW Data)      31824 (  31.08kB)

==============================================================================

