Component: ARM Compiler 5.06 update 1 (build 61) Tool: armlink [4d35a8]

==============================================================================

Section Cross References

    app.o(i.AppObjCreate) refers to os_sem.o(i.OSSemCreate) for OSSemCreate
    app.o(i.AppObjCreate) refers to os_mutex.o(i.OSMutexCreate) for OSMutexCreate
    app.o(i.AppObjCreate) refers to os_q.o(i.OSQCreate) for OSQCreate
    app.o(i.AppObjCreate) refers to os_flag.o(i.OSFlagCreate) for OSFlagCreate
    app.o(i.AppObjCreate) refers to app.o(.bss) for AppTaskObjSem
    app.o(i.AppTaskCreate) refers to os_task.o(i.OSTaskCreate) for OSTaskCreate
    app.o(i.AppTaskCreate) refers to app.o(.bss) for AppTaskObj0Stk
    app.o(i.AppTaskCreate) refers to app.o(i.AppTaskObj0) for AppTaskObj0
    app.o(i.AppTaskCreate) refers to app.o(i.AppTaskObj1) for AppTaskObj1
    app.o(i.AppTaskCreate) refers to app.o(i.AppTaskEq0Fp) for AppTaskEq0Fp
    app.o(i.AppTaskCreate) refers to app.o(i.AppTaskEq1Fp) for AppTaskEq1Fp
    app.o(i.AppTaskObj0) refers to bsp.o(i.BSP_LED_Toggle) for BSP_LED_Toggle
    app.o(i.AppTaskObj0) refers to os_sem.o(i.OSSemPost) for OSSemPost
    app.o(i.AppTaskObj0) refers to os_mutex.o(i.OSMutexPend) for OSMutexPend
    app.o(i.AppTaskObj0) refers to os_time.o(i.OSTimeDlyHMSM) for OSTimeDlyHMSM
    app.o(i.AppTaskObj0) refers to os_mutex.o(i.OSMutexPost) for OSMutexPost
    app.o(i.AppTaskObj0) refers to os_q.o(i.OSQPost) for OSQPost
    app.o(i.AppTaskObj0) refers to os_flag.o(i.OSFlagPost) for OSFlagPost
    app.o(i.AppTaskObj0) refers to app.o(.bss) for AppTaskObjSem
    app.o(i.AppTaskObj1) refers to os_sem.o(i.OSSemPend) for OSSemPend
    app.o(i.AppTaskObj1) refers to os_mutex.o(i.OSMutexPend) for OSMutexPend
    app.o(i.AppTaskObj1) refers to os_mutex.o(i.OSMutexPost) for OSMutexPost
    app.o(i.AppTaskObj1) refers to os_q.o(i.OSQPend) for OSQPend
    app.o(i.AppTaskObj1) refers to os_flag.o(i.OSFlagPend) for OSFlagPend
    app.o(i.AppTaskObj1) refers to os_time.o(i.OSTimeDlyHMSM) for OSTimeDlyHMSM
    app.o(i.AppTaskObj1) refers to app.o(.bss) for AppTaskObjSem
    app.o(i.AppTaskStart) refers to bsp.o(i.BSP_Init) for BSP_Init
    app.o(i.AppTaskStart) refers to cpu_core.o(i.CPU_Init) for CPU_Init
    app.o(i.AppTaskStart) refers to os_stat.o(i.OSStatTaskCPUUsageInit) for OSStatTaskCPUUsageInit
    app.o(i.AppTaskStart) refers to cpu_core.o(i.CPU_IntDisMeasMaxCurReset) for CPU_IntDisMeasMaxCurReset
    app.o(i.AppTaskStart) refers to app.o(i.AppObjCreate) for AppObjCreate
    app.o(i.AppTaskStart) refers to app.o(i.AppTaskCreate) for AppTaskCreate
    app.o(i.AppTaskStart) refers to os_time.o(i.OSTimeDlyHMSM) for OSTimeDlyHMSM
    app.o(i.AppTrace) refers to _printf_percent.o(.ARM.Collect$$_printf_percent$$00000000) for _printf_percent
    app.o(i.AppTrace) refers to _printf_s.o(.ARM.Collect$$_printf_percent$$00000014) for _printf_s
    app.o(i.AppTrace) refers to _printf_str.o(.text) for _printf_str
    app.o(i.AppTrace) refers to vsnprintf.o(.text) for vsnprintf
    app.o(i.AppTrace) refers to os_sem.o(i.OSSemPend) for OSSemPend
    app.o(i.AppTrace) refers to __2printf.o(.text) for __2printf
    app.o(i.AppTrace) refers to os_sem.o(i.OSSemPost) for OSSemPost
    app.o(i.AppTrace) refers to app.o(.bss) for AppTraceSem
    app.o(i.main) refers to stm32f4xx_hal.o(i.HAL_Init) for HAL_Init
    app.o(i.main) refers to lib_mem.o(i.Mem_Init) for Mem_Init
    app.o(i.main) refers to lib_math.o(i.Math_Init) for Math_Init
    app.o(i.main) refers to cpu_core.o(i.CPU_NameSet) for CPU_NameSet
    app.o(i.main) refers to bsp_int.o(i.BSP_IntDisAll) for BSP_IntDisAll
    app.o(i.main) refers to os_core.o(i.OSInit) for OSInit
    app.o(i.main) refers to os_app_hooks.o(i.App_OS_SetAllHooks) for App_OS_SetAllHooks
    app.o(i.main) refers to os_task.o(i.OSTaskCreate) for OSTaskCreate
    app.o(i.main) refers to os_core.o(i.OSStart) for OSStart
    app.o(i.main) refers to app.o(.bss) for AppTaskStartStk
    app.o(i.main) refers to app.o(i.AppTaskStart) for AppTaskStart
    os_app_hooks.o(i.App_OS_ClrAllHooks) refers to cpu_a.o(.text) for CPU_SR_Save
    os_app_hooks.o(i.App_OS_ClrAllHooks) refers to cpu_core.o(i.CPU_IntDisMeasStart) for CPU_IntDisMeasStart
    os_app_hooks.o(i.App_OS_ClrAllHooks) refers to cpu_core.o(i.CPU_IntDisMeasStop) for CPU_IntDisMeasStop
    os_app_hooks.o(i.App_OS_ClrAllHooks) refers to os_var.o(.data) for OS_AppTaskCreateHookPtr
    os_app_hooks.o(i.App_OS_SetAllHooks) refers to cpu_a.o(.text) for CPU_SR_Save
    os_app_hooks.o(i.App_OS_SetAllHooks) refers to cpu_core.o(i.CPU_IntDisMeasStart) for CPU_IntDisMeasStart
    os_app_hooks.o(i.App_OS_SetAllHooks) refers to cpu_core.o(i.CPU_IntDisMeasStop) for CPU_IntDisMeasStop
    os_app_hooks.o(i.App_OS_SetAllHooks) refers to os_app_hooks.o(i.App_OS_TaskCreateHook) for App_OS_TaskCreateHook
    os_app_hooks.o(i.App_OS_SetAllHooks) refers to os_var.o(.data) for OS_AppTaskCreateHookPtr
[...]
    i.OS_RdyListInit                         0x0800438c   Section        0  os_core.o(i.OS_RdyListInit)
    i.OS_RdyListInsert                       0x080043b0   Section        0  os_core.o(i.OS_RdyListInsert)
    i.OS_RdyListInsertHead                   0x080043dc   Section        0  os_core.o(i.OS_RdyListInsertHead)
    i.OS_RdyListInsertTail                   0x0800441c   Section        0  os_core.o(i.OS_RdyListInsertTail)
    i.OS_RdyListRemove                       0x08004458   Section        0  os_core.o(i.OS_RdyListRemove)
    i.OS_SemDbgListAdd                       0x080044b4   Section        0  os_sem.o(i.OS_SemDbgListAdd)
    i.OS_SemInit                             0x080044e4   Section        0  os_sem.o(i.OS_SemInit)
    i.OS_SemPost                             0x080044fc   Section        0  os_sem.o(i.OS_SemPost)
    i.OS_StatTask                            0x0800463c   Section        0  os_stat.o(i.OS_StatTask)
    i.OS_StatTaskInit                        0x08004960   Section        0  os_stat.o(i.OS_StatTaskInit)
    i.OS_TaskBlock                           0x08004a2c   Section        0  os_core.o(i.OS_TaskBlock)
    i.OS_TaskChangePrio                      0x08004a58   Section        0  os_task.o(i.OS_TaskChangePrio)
    i.OS_TaskDbgListAdd                      0x08004b44   Section        0  os_task.o(i.OS_TaskDbgListAdd)
    i.OS_TaskInit                            0x08004b74   Section        0  os_task.o(i.OS_TaskInit)
    i.OS_TaskInitTCB                         0x08004b94   Section        0  os_task.o(i.OS_TaskInitTCB)
    i.OS_TaskResume                          0x08004c58   Section        0  os_task.o(i.OS_TaskResume)
    i.OS_TaskReturn                          0x08004d74   Section        0  os_task.o(i.OS_TaskReturn)
    i.OS_TaskSemPost                         0x08004d98   Section        0  os_task.o(i.OS_TaskSemPost)
    i.OS_TaskSuspend                         0x08004f88   Section        0  os_task.o(i.OS_TaskSuspend)
    i.OS_TickListInsert                      0x080050c0   Section        0  os_tick.o(i.OS_TickListInsert)
    i.OS_TickListInsertDly                   0x08005148   Section        0  os_tick.o(i.OS_TickListInsertDly)
    i.OS_TickListRemove                      0x08005204   Section        0  os_tick.o(i.OS_TickListRemove)
    i.OS_TickListUpdateDly                   0x0800525c   Section        0  os_tick.o(i.OS_TickListUpdateDly)
    OS_TickListUpdateDly                     0x0800525d   Thumb Code   154  os_tick.o(i.OS_TickListUpdateDly)
    i.OS_TickListUpdateTimeout               0x080052fc   Section        0  os_tick.o(i.OS_TickListUpdateTimeout)
    OS_TickListUpdateTimeout                 0x080052fd   Thumb Code   280  os_tick.o(i.OS_TickListUpdateTimeout)
    i.OS_TickTask                            0x08005418   Section        0  os_tick.o(i.OS_TickTask)
    i.OS_TickTaskInit                        0x08005484   Section        0  os_tick.o(i.OS_TickTaskInit)
    i.OS_TmrInit                             0x0800554c   Section        0  os_tmr.o(i.OS_TmrInit)
    i.OS_TmrLock                             0x08005680   Section        0  os_tmr.o(i.OS_TmrLock)
    OS_TmrLock                               0x08005681   Thumb Code    20  os_tmr.o(i.OS_TmrLock)
    i.OS_TmrTask                             0x08005698   Section        0  os_tmr.o(i.OS_TmrTask)
    i.OS_TmrUnlink                           0x0800572c   Section        0  os_tmr.o(i.OS_TmrUnlink)
    i.OS_TmrUnlock                           0x08005770   Section        0  os_tmr.o(i.OS_TmrUnlock)
    OS_TmrUnlock                             0x08005771   Thumb Code    14  os_tmr.o(i.OS_TmrUnlock)
    i.Str_Copy_N                             0x08005784   Section        0  lib_str.o(i.Str_Copy_N)
    i.Str_Len_N                              0x080057ca   Section        0  lib_str.o(i.Str_Len_N)
    i.SystemInit                             0x080057e8   Section        0  system_stm32f4xx.o(i.SystemInit)
    i.main                                   0x0800584c   Section        0  app.o(i.main)
    x$fpl$fpinit                             0x080058d4   Section       10  fpinit.o(x$fpl$fpinit)
    $v0                                      0x080058d4   Number         0  fpinit.o(x$fpl$fpinit)
    .constdata                               0x080058e0   Section      148  os_cfg_app.o(.constdata)
    .constdata                               0x08005974   Section      364  os_dbg.o(.constdata)
    .constdata                               0x08005ae0   Section       16  stm32f4xx_hal_rcc.o(.constdata)
    .data                                    0x20000000   Section       28  cpu_core.o(.data)
    .data                                    0x2000001c   Section        4  lib_math.o(.data)
    .data                                    0x20000020   Section        4  lib_mem.o(.data)
    .data                                    0x20000024   Section        4  os_cpu_c.o(.data)
    .data                                    0x20000028   Section        4  os_prio.o(.data)
    .data                                    0x2000002c   Section      188  os_var.o(.data)
    .data                                    0x200000e8   Section        4  stm32f4xx_hal.o(.data)
    uwTick                                   0x200000e8   Data           4  stm32f4xx_hal.o(.data)
    .data                                    0x200000ec   Section        4  system_stm32f4xx.o(.data)
    .bss                                     0x200000f0   Section     8344  app.o(.bss)
    AppTaskStartTCB                          0x200000f0   Data         192  app.o(.bss)
    AppTaskStartStk                          0x200001b0   Data        1024  app.o(.bss)
    AppTaskObj0TCB                           0x200005b0   Data         192  app.o(.bss)
    AppTaskObj0Stk                           0x20000670   Data        1024  app.o(.bss)
    AppTaskObj1TCB                           0x20000a70   Data         192  app.o(.bss)
    AppTaskObj1Stk                           0x20000b30   Data        1024  app.o(.bss)
    AppTaskEq0FpTCB                          0x20000f30   Data         192  app.o(.bss)
    AppTaskEq0FpStk                          0x20000ff0   Data        2048  app.o(.bss)
    AppTaskEq1FpTCB                          0x200017f0   Data         192  app.o(.bss)
    AppTaskEq1FpStk                          0x200018b0   Data        2048  app.o(.bss)
    AppTraceSem                              0x200020b0   Data          40  app.o(.bss)
    AppTaskObjSem                            0x200020d8   Data          40  app.o(.bss)
    AppTaskObjMutex                          0x20002100   Data          48  app.o(.bss)
    AppTaskObjQ                              0x20002130   Data          48  app.o(.bss)
    AppTaskObjFlag                           0x20002160   Data          40  app.o(.bss)
    .bss                                     0x20002188   Section      328  bsp_int.o(.bss)
    BSP_IntVectTbl                           0x20002188   Data         328  bsp_int.o(.bss)
    .bss                                     0x200022d0   Section       16  cpu_core.o(.bss)
    .bss                                     0x200022e0   Section     1044  lib_mem.o(.bss)
    .bss                                     0x200026f4   Section     3936  os_cfg_app.o(.bss)
    .bss                                     0x20003654   Section     1212  os_var.o(.bss)
    .bss                                     0x20003b10   Section       96  libspace.o(.bss)
    HEAP                                     0x20003b70   Section      512  startup_stm32f407xx.o(HEAP)
    Heap_Mem                                 0x20003b70   Data         512  startup_stm32f407xx.o(HEAP)
    STACK                                    0x20003d70   Section     1024  startup_stm32f407xx.o(STACK)
    Stack_Mem                                0x20003d70   Data        1024  startup_stm32f407xx.o(STACK)
    __initial_sp                             0x20004170   Data           0  startup_stm32f407xx.o(STACK)

    Global Symbols

    Symbol Name                              Value     Ov Type        Size  Object(Section)

    BuildAttributes$$THM_ISAv4$E$P$D$K$B$S$7EM$VFPi3$EXTD16$VFPS$VFMA$PE$A:L22UL41UL21$X:L11$S22US41US21$IEEE1$IW$USESV6$~STKCKD$USESV7$~SHL$OTIME$ROPI$IEEEJ$EBA8$UX$STANDARDLIB$REQ8$PRES8$EABIv2 0x00000000   Number         0  anon$$obj.o ABSOLUTE
    __ARM_use_no_argv                        0x00000000   Number         0  app.o ABSOLUTE
    _printf_flags                            0x00000000   Number         0  printf_stubs.o ABSOLUTE
    _printf_return_value                     0x00000000   Number         0  printf_stubs.o ABSOLUTE
    _printf_sizespec                         0x00000000   Number         0  printf_stubs.o ABSOLUTE
    _printf_widthprec                        0x00000000   Number         0  printf_stubs.o ABSOLUTE
    __ARM_exceptions_init                     - Undefined Weak Reference
    __alloca_initialize                       - Undefined Weak Reference
    __arm_preinit_                            - Undefined Weak Reference
    __cpp_initialize__aeabi_                  - Undefined Weak Reference
    __cxa_finalize                            - Undefined Weak Reference
    __sigvec_lookup                           - Undefined Weak Reference
    __user_heap_extent                        - Undefined Weak Reference
    _atexit_init                              - Undefined Weak Reference
    _call_atexit_fns                          - Undefined Weak Reference
    _clock_init                               - Undefined Weak Reference
    _fp_trap_init                             - Undefined Weak Reference
    _fp_trap_shutdown                         - Undefined Weak Reference
    _get_lc_collate                           - Undefined Weak Reference
    _get_lc_monetary                          - Undefined Weak Reference
    _get_lc_time                              - Undefined Weak Reference
    _getenv_init                              - Undefined Weak Reference
    _handle_redirection                       - Undefined Weak Reference
    _mutex_acquire                            - Undefined Weak Reference
    _mutex_free                               - Undefined Weak Reference
    _mutex_release                            - Undefined Weak Reference
    _printf_mbtowc                            - Undefined Weak Reference
    _printf_wc                                - Undefined Weak Reference
    _signal_finish                            - Undefined Weak Reference
    _signal_init                              - Undefined Weak Reference
    __Vectors_Size                           0x00000188   Number         0  startup_stm32f407xx.o ABSOLUTE
    __Vectors                                0x08000000   Data           4  startup_stm32f407xx.o(RESET)
    __Vectors_End                            0x08000188   Data           0  startup_stm32f407xx.o(RESET)
    __main                                   0x08000189   Thumb Code     8  __main.o(!!!main)
    __scatterload                            0x08000191   Thumb Code     0  __scatter.o(!!!scatter)
    __scatterload_rt2                        0x08000191   Thumb Code    44  __scatter.o(!!!scatter)
    __scatterload_rt2_thumb_only             0x08000191   Thumb Code     0  __scatter.o(!!!scatter)
    __scatterload_null                       0x0800019f   Thumb Code     0  __scatter.o(!!!scatter)
    __scatterload_copy                       0x080001c5   Thumb Code    26  __scatter_copy.o(!!handler_copy)
    __scatterload_zeroinit                   0x080001e1   Thumb Code    28  __scatter_zi.o(!!handler_zi)
    __rt_lib_init                            0x080001fd   Thumb Code     0  libinit.o(.ARM.Collect$$libinit$$00000000)
    __rt_lib_init_fp_1                       0x080001ff   Thumb Code     0  libinit2.o(.ARM.Collect$$libinit$$00000001)
    __rt_lib_init_alloca_1                   0x08000203   Thumb Code     0  libinit2.o(.ARM.Collect$$libinit$$0000002E)
    __rt_lib_init_argv_1                     0x08000203   Thumb Code     0  libinit2.o(.ARM.Collect$$libinit$$0000002C)
    __rt_lib_init_atexit_1                   0x08000203   Thumb Code     0  libinit2.o(.ARM.Collect$$libinit$$0000001B)
    __rt_lib_init_clock_1                    0x08000203   Thumb Code     0  libinit2.o(.ARM.Collect$$libinit$$00000021)
    __rt_lib_init_cpp_1                      0x08000203   Thumb Code     0  libinit2.o(.ARM.Collect$$libinit$$00000032)
    __rt_lib_init_exceptions_1               0x08000203   Thumb Code     0  libinit2.o(.ARM.Collect$$libinit$$00000030)
    __rt_lib_init_fp_trap_1                  0x08000203   Thumb Code     0  libinit2.o(.ARM.Collect$$libinit$$0000001F)
    __rt_lib_init_getenv_1                   0x08000203   Thumb Code     0  libinit2.o(.ARM.Collect$$libinit$$00000023)
    __rt_lib_init_heap_1                     0x08000203   Thumb Code     0  libinit2.o(.ARM.Collect$$libinit$$0000000A)
    __rt_lib_init_lc_collate_1               0x08000203   Thumb Code     0  libinit2.o(.ARM.Collect$$libinit$$00000011)
    __rt_lib_init_lc_ctype_1                 0x08000203   Thumb Code     0  libinit2.o(.ARM.Collect$$libinit$$00000013)
    __rt_lib_init_lc_monetary_1              0x08000203   Thumb Code     0  libinit2.o(.ARM.Collect$$libinit$$00000015)
    __rt_lib_init_lc_numeric_1               0x08000203   Thumb Code     0  libinit2.o(.ARM.Collect$$libinit$$00000017)
    __rt_lib_init_lc_time_1                  0x08000203   Thumb Code     0  libinit2.o(.ARM.Collect$$libinit$$00000019)
    __rt_lib_init_preinit_1                  0x08000203   Thumb Code     0  libinit2.o(.ARM.Collect$$libinit$$00000004)
    __rt_lib_init_rand_1                     0x08000203   Thumb Code     0  libinit2.o(.ARM.Collect$$libinit$$0000000E)
    __rt_lib_init_return                     0x08000203   Thumb Code     0  libinit2.o(.ARM.Collect$$libinit$$00000033)
    __rt_lib_init_signal_1                   0x08000203   Thumb Code     0  libinit2.o(.ARM.Collect$$libinit$$0000001D)
    __rt_lib_init_stdio_1                    0x08000203   Thumb Code     0  libinit2.o(.ARM.Collect$$libinit$$00000025)
    __rt_lib_init_user_alloc_1               0x08000203   Thumb Code     0  libinit2.o(.ARM.Collect$$libinit$$0000000C)
    __rt_lib_shutdown                        0x08000205   Thumb Code     0  libshutdown.o(.ARM.Collect$$libshutdown$$00000000)
    __rt_lib_shutdown_cpp_1                  0x08000207   Thumb Code     0  libshutdown2.o(.ARM.Collect$$libshutdown$$00000002)
    __rt_lib_shutdown_fp_trap_1              0x08000207   Thumb Code     0  libshutdown2.o(.ARM.Collect$$libshutdown$$00000007)
    __rt_lib_shutdown_heap_1                 0x08000207   Thumb Code     0  libshutdown2.o(.ARM.Collect$$libshutdown$$0000000F)
    __rt_lib_shutdown_return                 0x08000207   Thumb Code     0  libshutdown2.o(.ARM.Collect$$libshutdown$$00000010)
    __rt_lib_shutdown_signal_1               0x08000207   Thumb Code     0  libshutdown2.o(.ARM.Collect$$libshutdown$$0000000A)
    __rt_lib_shutdown_stdio_1                0x08000207   Thumb Code     0  libshutdown2.o(.ARM.Collect$$libshutdown$$00000004)
    __rt_lib_shutdown_user_alloc_1           0x08000207   Thumb Code     0  libshutdown2.o(.ARM.Collect$$libshutdown$$0000000C)
    __rt_entry                               0x08000209   Thumb Code     0  __rtentry.o(.ARM.Collect$$rtentry$$00000000)
    __rt_entry_presh_1                       0x08000209   Thumb Code     0  __rtentry2.o(.ARM.Collect$$rtentry$$00000002)
    __rt_entry_sh                            0x08000209   Thumb Code     0  __rtentry4.o(.ARM.Collect$$rtentry$$00000004)
    __rt_entry_li                            0x0800020f   Thumb Code     0  __rtentry2.o(.ARM.Collect$$rtentry$$0000000A)
    __rt_entry_postsh_1                      0x0800020f   Thumb Code     0  __rtentry2.o(.ARM.Collect$$rtentry$$00000009)
    __rt_entry_main                          0x08000213   Thumb Code     0  __rtentry2.o(.ARM.Collect$$rtentry$$0000000D)
    __rt_entry_postli_1                      0x08000213   Thumb Code     0  __rtentry2.o(.ARM.Collect$$rtentry$$0000000C)
    __rt_exit                                0x0800021b   Thumb Code     0  rtexit.o(.ARM.Collect$$rtexit$$00000000)
    __rt_exit_ls                             0x0800021d   Thumb Code     0  rtexit2.o(.ARM.Collect$$rtexit$$00000003)
    __rt_exit_prels_1                        0x0800021d   Thumb Code     0  rtexit2.o(.ARM.Collect$$rtexit$$00000002)
    __rt_exit_exit                           0x08000221   Thumb Code     0  rtexit2.o(.ARM.Collect$$rtexit$$00000004)
    CPU_IntDis                               0x08000229   Thumb Code     0  cpu_a.o(.text)
    CPU_IntEn                                0x0800022d   Thumb Code     0  cpu_a.o(.text)
    CPU_SR_Save                              0x08000231   Thumb Code     0  cpu_a.o(.text)
    CPU_SR_Restore                           0x08000239   Thumb Code     0  cpu_a.o(.text)
    CPU_WaitForInt                           0x0800023f   Thumb Code     0  cpu_a.o(.text)
    CPU_WaitForExcept                        0x08000243   Thumb Code     0  cpu_a.o(.text)
    CPU_CntLeadZeros                         0x08000247   Thumb Code     0  cpu_a.o(.text)
    CPU_CntTrailZeros                        0x0800024d   Thumb Code     0  cpu_a.o(.text)
    CPU_RevBits                              0x08000257   Thumb Code     0  cpu_a.o(.text)
    Reset_Handler                            0x0800025d   Thumb Code    40  startup_stm32f407xx.o(.text)
    NMI_Handler                              0x08000285   Thumb Code     2  startup_stm32f407xx.o(.text)
    MemManage_Handler                        0x08000289   Thumb Code     2  startup_stm32f407xx.o(.text)
    BusFault_Handler                         0x0800028b   Thumb Code     2  startup_stm32f407xx.o(.text)
    UsageFault_Handler                       0x0800028d   Thumb Code     2  startup_stm32f407xx.o(.text)
    SVC_Handler                              0x0800028f   Thumb Code     2  startup_stm32f407xx.o(.text)
    DebugMon_Handler                         0x08000291   Thumb Code     2  startup_stm32f407xx.o(.text)
    ADC_IRQHandler                           0x08000297   Thumb Code     0  startup_stm32f407xx.o(.text)
    CAN1_RX0_IRQHandler                      0x08000297   Thumb Code     0  startup_stm32f407xx.o(.text)
    CAN1_RX1_IRQHandler                      0x08000297   Thumb Code     0  startup_stm32f407xx.o(.text)
    CAN1_SCE_IRQHandler                      0x08000297   Thumb Code     0  startup_stm32f407xx.o(.text)
    CAN1_TX_IRQHandler                       0x08000297   Thumb Code     0  startup_stm32f407xx.o(.text)
    CAN2_RX0_IRQHandler                      0x08000297   Thumb Code     0  startup_stm32f407xx.o(.text)
    CAN2_RX1_IRQHandler                      0x08000297   Thumb Code     0  startup_stm32f407xx.o(.text)
    CAN2_SCE_IRQHandler                      0x08000297   Thumb Code     0  startup_stm32f407xx.o(.text)
    CAN2_TX_IRQHandler                       0x08000297   Thumb Code     0  startup_stm32f407xx.o(.text)
    DCMI_IRQHandler                          0x08000297   Thumb Code     0  startup_stm32f407xx.o(.text)
    DMA1_Stream0_IRQHandler                  0x08000297   Thumb Code     0  startup_stm32f407xx.o(.text)
    DMA1_Stream1_IRQHandler                  0x08000297   Thumb Code     0  startup_stm32f407xx.o(.text)
    DMA1_Stream2_IRQHandler                  0x08000297   Thumb Code     0  startup_stm32f407xx.o(.text)
    DMA1_Stream3_IRQHandler                  0x08000297   Thumb Code     0  startup_stm32f407xx.o(.text)
    DMA1_Stream4_IRQHandler                  0x08000297   Thumb Code     0  startup_stm32f407xx.o(.text)
    DMA1_Stream5_IRQHandler                  0x08000297   Thumb Code     0  startup_stm32f407xx.o(.text)
    DMA1_Stream6_IRQHandler                  0x08000297   Thumb Code     0  startup_stm32f407xx.o(.text)
    DMA1_Stream7_IRQHandler                  0x08000297   Thumb Code     0  startup_stm32f407xx.o(.text)
    DMA2_Stream0_IRQHandler                  0x08000297   Thumb Code     0  startup_stm32f407xx.o(.text)
    DMA2_Stream1_IRQHandler                  0x08000297   Thumb Code     0  startup_stm32f407xx.o(.text)
    DMA2_Stream2_IRQHandler                  0x08000297   Thumb Code     0  startup_stm32f407xx.o(.text)
    DMA2_Stream3_IRQHandler                  0x08000297   Thumb Code     0  startup_stm32f407xx.o(.text)
    DMA2_Stream4_IRQHandler                  0x08000297   Thumb Code     0  startup_stm32f407xx.o(.text)
    DMA2_Stream5_IRQHandler                  0x08000297   Thumb Code     0  startup_stm32f407xx.o(.text)
    DMA2_Stream6_IRQHandler                  0x08000297   Thumb Code     0  startup_stm32f407xx.o(.text)
    DMA2_Stream7_IRQHandler                  0x08000297   Thumb Code     0  startup_stm32f407xx.o(.text)
    ETH_IRQHandler                           0x08000297   Thumb Code     0  startup_stm32f407xx.o(.text)
    ETH_WKUP_IRQHandler                      0x08000297   Thumb Code     0  startup_stm32f407xx.o(.text)
    EXTI0_IRQHandler                         0x08000297   Thumb Code     0  startup_stm32f407xx.o(.text)
    EXTI15_10_IRQHandler                     0x08000297   Thumb Code     0  startup_stm32f407xx.o(.text)
    EXTI1_IRQHandler                         0x08000297   Thumb Code     0  startup_stm32f407xx.o(.text)
    EXTI2_IRQHandler                         0x08000297   Thumb Code     0  startup_stm32f407xx.o(.text)
    EXTI3_IRQHandler                         0x08000297   Thumb Code     0  startup_stm32f407xx.o(.text)
    EXTI4_IRQHandler                         0x08000297   Thumb Code     0  startup_stm32f407xx.o(.text)
    EXTI9_5_IRQHandler                       0x08000297   Thumb Code     0  startup_stm32f407xx.o(.text)
    FLASH_IRQHandler                         0x08000297   Thumb Code     0  startup_stm32f407xx.o(.text)
    FMC_IRQHandler                           0x08000297   Thumb Code     0  startup_stm32f407xx.o(.text)
    FPU_IRQHandler                           0x08000297   Thumb Code     0  startup_stm32f407xx.o(.text)
    HASH_RNG_IRQHandler                      0x08000297   Thumb Code     0  startup_stm32f407xx.o(.text)
    I2C1_ER_IRQHandler                       0x08000297   Thumb Code     0  startup_stm32f407xx.o(.text)
    I2C1_EV_IRQHandler                       0x08000297   Thumb Code     0  startup_stm32f407xx.o(.text)
    I2C2_ER_IRQHandler                       0x08000297   Thumb Code     0  startup_stm32f407xx.o(.text)
    I2C2_EV_IRQHandler                       0x08000297   Thumb Code     0  startup_stm32f407xx.o(.text)
    I2C3_ER_IRQHandler                       0x08000297   Thumb Code     0  startup_stm32f407xx.o(.text)
    I2C3_EV_IRQHandler                       0x08000297   Thumb Code     0  startup_stm32f407xx.o(.text)
    OTG_FS_IRQHandler                        0x08000297   Thumb Code     0  startup_stm32f407xx.o(.text)
    OTG_FS_WKUP_IRQHandler                   0x08000297   Thumb Code     0  startup_stm32f407xx.o(.text)
    OTG_HS_EP1_IN_IRQHandler                 0x08000297   Thumb Code     0  startup_stm32f407xx.o(.text)
    OTG_HS_EP1_OUT_IRQHandler                0x08000297   Thumb Code     0  startup_stm32f407xx.o(.text)
    OTG_HS_IRQHandler                        0x08000297   Thumb Code     0  startup_stm32f407xx.o(.text)
    OTG_HS_WKUP_IRQHandler                   0x08000297   Thumb Code     0  startup_stm32f407xx.o(.text)
    PVD_IRQHandler                           0x08000297   Thumb Code     0  startup_stm32f407xx.o(.text)
    RCC_IRQHandler                           0x08000297   Thumb Code     0  startup_stm32f407xx.o(.text)
    RTC_Alarm_IRQHandler                     0x08000297   Thumb Code     0  startup_stm32f407xx.o(.text)
    RTC_WKUP_IRQHandler                      0x08000297   Thumb Code     0  startup_stm32f407xx.o(.text)
    SDIO_IRQHandler                          0x08000297   Thumb Code     0  startup_stm32f407xx.o(.text)
    SPI1_IRQHandler                          0x08000297   Thumb Code     0  startup_stm32f407xx.o(.text)
    SPI2_IRQHandler                          0x08000297   Thumb Code     0  startup_stm32f407xx.o(.text)
    SPI3_IRQHandler                          0x08000297   Thumb Code     0  startup_stm32f407xx.o(.text)
    TAMP_STAMP_IRQHandler                    0x08000297   Thumb Code     0  startup_stm32f407xx.o(.text)
    TIM1_BRK_TIM9_IRQHandler                 0x08000297   Thumb Code     0  startup_stm32f407xx.o(.text)
    TIM1_CC_IRQHandler                       0x08000297   Thumb Code     0  startup_stm32f407xx.o(.text)
    TIM1_TRG_COM_TIM11_IRQHandler            0x08000297   Thumb Code     0  startup_stm32f407xx.o(.text)
    TIM1_UP_TIM10_IRQHandler                 0x08000297   Thumb Code     0  startup_stm32f407xx.o(.text)
    TIM2_IRQHandler                          0x08000297   Thumb Code     0  startup_stm32f407xx.o(.text)
    TIM3_IRQHandler                          0x08000297   Thumb Code     0  startup_stm32f407xx.o(.text)
    TIM4_IRQHandler                          0x08000297   Thumb Code     0  startup_stm32f407xx.o(.text)
    TIM5_IRQHandler                          0x08000297   Thumb Code     0  startup_stm32f407xx.o(.text)
    TIM6_DAC_IRQHandler                      0x08000297   Thumb Code     0  startup_stm32f407xx.o(.text)
    TIM7_IRQHandler                          0x08000297   Thumb Code     0  startup_stm32f407xx.o(.text)
    TIM8_BRK_TIM12_IRQHandler                0x08000297   Thumb Code     0  startup_stm32f407xx.o(.text)
    TIM8_CC_IRQHandler                       0x08000297   Thumb Code     0  startup_stm32f407xx.o(.text)
    TIM8_TRG_COM_TIM14_IRQHandler            0x08000297   Thumb Code     0  startup_stm32f407xx.o(.text)
    TIM8_UP_TIM13_IRQHandler                 0x08000297   Thumb Code     0  startup_stm32f407xx.o(.text)
    UART4_IRQHandler                         0x08000297   Thumb Code     0  startup_stm32f407xx.o(.text)
    UART5_IRQHandler                         0x08000297   Thumb Code     0  startup_stm32f407xx.o(.text)
    USART1_IRQHandler                        0x08000297   Thumb Code     0  startup_stm32f407xx.o(.text)
    USART2_IRQHandler                        0x08000297   Thumb Code     0  startup_stm32f407xx.o(.text)
    USART3_IRQHandler                        0x08000297   Thumb Code     0  startup_stm32f407xx.o(.text)
    USART6_IRQHandler                        0x08000297   Thumb Code     0  startup_stm32f407xx.o(.text)
    WWDG_IRQHandler                          0x08000297   Thumb Code     0  startup_stm32f407xx.o(.text)
    __user_initial_stackheap                 0x08000299   Thumb Code     0  startup_stm32f407xx.o(.text)
    __use_two_region_memory                  0x080002c5   Thumb Code     2  heapauxi.o(.text)
    __rt_heap_escrow                         0x080002c7   Thumb Code     2  heapauxi.o(.text)
    __rt_heap_expand                         0x080002c9   Thumb Code     2  heapauxi.o(.text)
    _sys_exit                                0x080002cd   Thumb Code     8  sys_exit.o(.text)
    __user_libspace                          0x080002d9   Thumb Code     8  libspace.o(.text)
    __user_perproc_libspace                  0x080002d9   Thumb Code     0  libspace.o(.text)
    __user_perthread_libspace                0x080002d9   Thumb Code     0  libspace.o(.text)
    __I$use$semihosting                      0x080002e1   Thumb Code     0  use_no_semi.o(.text)
    __use_no_semihosting_swi                 0x080002e1   Thumb Code     2  use_no_semi.o(.text)
    __semihosting_library_function           0x080002e3   Thumb Code     0  indicate_semi.o(.text)
    __user_setup_stackheap                   0x080002e3   Thumb Code    74  sys_stackheap_outer.o(.text)
    exit                                     0x0800032d   Thumb Code    18  exit.o(.text)
    OS_CPU_FP_Reg_Push                       0x08000341   Thumb Code     0  os_cpu_a.o(CODE)
    OS_CPU_FP_Reg_Pop                        0x0800035b   Thumb Code     0  os_cpu_a.o(CODE)
    OSStartHighRdy                           0x0800036d   Thumb Code     0  os_cpu_a.o(CODE)
    OSCtxSw                                  0x080003e9   Thumb Code     0  os_cpu_a.o(CODE)
    OSIntCtxSw                               0x080003f3   Thumb Code     0  os_cpu_a.o(CODE)
    OS_CPU_PendSVHandler                     0x080003fd   Thumb Code     0  os_cpu_a.o(CODE)
    App_OS_IdleTaskHook                      0x08000763   Thumb Code     2  os_app_hooks.o(i.App_OS_IdleTaskHook)
    App_OS_SetAllHooks                       0x08000765   Thumb Code    84  os_app_hooks.o(i.App_OS_SetAllHooks)
    App_OS_StatTaskHook                      0x080007f1   Thumb Code     2  os_app_hooks.o(i.App_OS_StatTaskHook)
    App_OS_TaskCreateHook                    0x080007f3   Thumb Code     2  os_app_hooks.o(i.App_OS_TaskCreateHook)
    App_OS_TaskDelHook                       0x080007f5   Thumb Code     2  os_app_hooks.o(i.App_OS_TaskDelHook)
    App_OS_TaskReturnHook                    0x080007f7   Thumb Code     2  os_app_hooks.o(i.App_OS_TaskReturnHook)
    App_OS_TaskSwHook                        0x080007f9   Thumb Code     2  os_app_hooks.o(i.App_OS_TaskSwHook)
    App_OS_TimeTickHook                      0x080007fb   Thumb Code     8  os_app_hooks.o(i.App_OS_TimeTickHook)
    BSP_CPU_ClkFreq                          0x08000803   Thumb Code    12  bsp.o(i.BSP_CPU_ClkFreq)
    BSP_Init                                 0x08000811   Thumb Code   176  bsp.o(i.BSP_Init)
    BSP_IntDisAll                            0x080008cd   Thumb Code     8  bsp_int.o(i.BSP_IntDisAll)
    BSP_IntInit                              0x080008d9   Thumb Code    22  bsp_int.o(i.BSP_IntInit)
    BSP_IntVectSet                           0x080008f5   Thumb Code    56  bsp_int.o(i.BSP_IntVectSet)
    BSP_LED_Toggle                           0x08000969   Thumb Code    16  bsp.o(i.BSP_LED_Toggle)
    BSP_PeriphEn                             0x0800097d   Thumb Code   398  bsp_periph.o(i.BSP_PeriphEn)
    BSP_Tick_Init                            0x08000b11   Thumb Code    24  bsp.o(i.BSP_Tick_Init)
    CPU_Init                                 0x08000b2d   Thumb Code    16  cpu_core.o(i.CPU_Init)
    CPU_IntDisMeasMaxCurGet                  0x08000bdd   Thumb Code    40  cpu_core.o(i.CPU_IntDisMeasMaxCurGet)
    CPU_IntDisMeasMaxCurReset                0x08000c09   Thumb Code    40  cpu_core.o(i.CPU_IntDisMeasMaxCurReset)
    CPU_IntDisMeasMaxGet                     0x08000c35   Thumb Code    40  cpu_core.o(i.CPU_IntDisMeasMaxGet)
    CPU_IntDisMeasStart                      0x08000c61   Thumb Code    38  cpu_core.o(i.CPU_IntDisMeasStart)
    CPU_IntDisMeasStop                       0x08000c95   Thumb Code    62  cpu_core.o(i.CPU_IntDisMeasStop)
    CPU_NameClr                              0x08000ce9   Thumb Code    50  cpu_core.o(i.CPU_NameClr)
    CPU_NameSet                              0x08000d29   Thumb Code   104  cpu_core.o(i.CPU_NameSet)
    CPU_SW_Exception                         0x08000d95   Thumb Code     4  cpu_core.o(i.CPU_SW_Exception)
    CPU_TS_TmrFreqSet                        0x08000dad   Thumb Code     6  cpu_core.o(i.CPU_TS_TmrFreqSet)
    CPU_TS_TmrInit                           0x08000db9   Thumb Code    44  cpu_bsp.o(i.CPU_TS_TmrInit)
    CPU_TS_TmrRd                             0x08000ded   Thumb Code     6  cpu_bsp.o(i.CPU_TS_TmrRd)
    HAL_GPIO_Init                            0x08000df9   Thumb Code   472  stm32f4xx_hal_gpio.o(i.HAL_GPIO_Init)
    HAL_GPIO_TogglePin                       0x08001001   Thumb Code     8  stm32f4xx_hal_gpio.o(i.HAL_GPIO_TogglePin)
    HAL_GPIO_WritePin                        0x08001009   Thumb Code    12  stm32f4xx_hal_gpio.o(i.HAL_GPIO_WritePin)
    HAL_GetREVID                             0x08001015   Thumb Code     8  stm32f4xx_hal.o(i.HAL_GetREVID)
    HAL_GetTick                              0x08001021   Thumb Code     6  stm32f4xx_hal.o(i.HAL_GetTick)
    HAL_IncTick                              0x0800102d   Thumb Code    12  stm32f4xx_hal.o(i.HAL_IncTick)
    HAL_Init                                 0x0800103d   Thumb Code    54  stm32f4xx_hal.o(i.HAL_Init)
    HAL_InitTick                             0x08001079   Thumb Code    24  bsp.o(i.HAL_InitTick)
    HAL_MspInit                              0x08001095   Thumb Code     2  stm32f4xx_hal_msp_template.o(i.HAL_MspInit)
    HAL_NVIC_SetPriorityGrouping             0x08001099   Thumb Code    32  stm32f4xx_hal_cortex.o(i.HAL_NVIC_SetPriorityGrouping)
    HAL_RCC_ClockConfig                      0x080010c1   Thumb Code   680  stm32f4xx_hal_rcc.o(i.HAL_RCC_ClockConfig)
    HAL_RCC_DeInit                           0x08001371   Thumb Code    96  stm32f4xx_hal_rcc.o(i.HAL_RCC_DeInit)
    HAL_RCC_GetHCLKFreq                      0x080013e1   Thumb Code    42  stm32f4xx_hal_rcc.o(i.HAL_RCC_GetHCLKFreq)
    HAL_RCC_GetSysClockFreq                  0x08001419   Thumb Code   168  stm32f4xx_hal_rcc.o(i.HAL_RCC_GetSysClockFreq)
    HAL_RCC_OscConfig                        0x080014cd   Thumb Code  1028  stm32f4xx_hal_rcc.o(i.HAL_RCC_OscConfig)
    HardFault_Handler                        0x080018d1   Thumb Code    16  bsp.o(i.HardFault_Handler)
    Math_Init                                0x080018e5   Thumb Code    10  lib_math.o(i.Math_Init)
    Math_RandSetSeed                         0x080018f1   Thumb Code    48  lib_math.o(i.Math_RandSetSeed)
    Mem_Clr                                  0x08001925   Thumb Code    18  lib_mem.o(i.Mem_Clr)
    Mem_Init                                 0x08001939   Thumb Code    52  lib_mem.o(i.Mem_Init)
    Mem_SegCreate                            0x08001981   Thumb Code    82  lib_mem.o(i.Mem_SegCreate)
    Mem_Set                                  0x080019f5   Thumb Code    84  lib_mem.o(i.Mem_Set)
    OSCfg_Init                               0x08001a49   Thumb Code     2  os_cfg_app.o(i.OSCfg_Init)
    OSFlagCreate                             0x08001a4d   Thumb Code    96  os_flag.o(i.OSFlagCreate)
    OSFlagPend                               0x08001ab5   Thumb Code   762  os_flag.o(i.OSFlagPend)
    OSFlagPost                               0x08001dbd   Thumb Code    58  os_flag.o(i.OSFlagPost)
    OSIdleTaskHook                           0x08001dfd   Thumb Code    16  os_cpu_c.o(i.OSIdleTaskHook)
    OSInit                                   0x08001e11   Thumb Code   258  os_core.o(i.OSInit)
    OSInitHook                               0x08001f5d   Thumb Code    28  os_cpu_c.o(i.OSInitHook)
    OSIntExit                                0x08001f85   Thumb Code   188  os_core.o(i.OSIntExit)
    OSMutexCreate                            0x08002061   Thumb Code    98  os_mutex.o(i.OSMutexCreate)
    OSMutexPend                              0x080020cd   Thumb Code   480  os_mutex.o(i.OSMutexPend)
    OSMutexPost                              0x080022b9   Thumb Code   366  os_mutex.o(i.OSMutexPost)
    OSQCreate                                0x08002435   Thumb Code   100  os_q.o(i.OSQCreate)
    OSQPend                                  0x080024a1   Thumb Code   402  os_q.o(i.OSQPend)
    OSQPost                                  0x08002641   Thumb Code    58  os_q.o(i.OSQPost)
    OSSched                                  0x08002681   Thumb Code   134  os_core.o(i.OSSched)
    OSSchedLock                              0x08002725   Thumb Code    92  os_core.o(i.OSSchedLock)
    OSSchedUnlock                            0x08002789   Thumb Code   128  os_core.o(i.OSSchedUnlock)
    OSSemCreate                              0x08002811   Thumb Code    96  os_sem.o(i.OSSemCreate)
    OSSemPend                                0x08002879   Thumb Code   378  os_sem.o(i.OSSemPend)
    OSSemPost                                0x08002a01   Thumb Code    54  os_sem.o(i.OSSemPost)
    OSStart                                  0x08002a3d   Thumb Code    78  os_core.o(i.OSStart)
    OSStatReset                              0x08002aa5   Thumb Code   294  os_stat.o(i.OSStatReset)
    OSStatTaskCPUUsageInit                   0x08002bed   Thumb Code   228  os_stat.o(i.OSStatTaskCPUUsageInit)
    OSStatTaskHook                           0x08002ced   Thumb Code    16  os_cpu_c.o(i.OSStatTaskHook)
    OSTaskCreate                             0x08002d01   Thumb Code   312  os_task.o(i.OSTaskCreate)
    OSTaskCreateHook                         0x08002e45   Thumb Code    20  os_cpu_c.o(i.OSTaskCreateHook)
    OSTaskResume                             0x08002e5d   Thumb Code    54  os_task.o(i.OSTaskResume)
    OSTaskReturnHook                         0x08002e95   Thumb Code    20  os_cpu_c.o(i.OSTaskReturnHook)
    OSTaskSemPend                            0x08002ead   Thumb Code   448  os_task.o(i.OSTaskSemPend)
    OSTaskSemPost                            0x08003075   Thumb Code    36  os_task.o(i.OSTaskSemPost)
    OSTaskStkChk                             0x08003099   Thumb Code   184  os_task.o(i.OSTaskStkChk)
    OSTaskStkInit                            0x08003155   Thumb Code   600  os_cpu_c.o(i.OSTaskStkInit)
    OSTaskSuspend                            0x08003419   Thumb Code    32  os_task.o(i.OSTaskSuspend)
    OSTaskSwHook                             0x0800343d   Thumb Code   160  os_cpu_c.o(i.OSTaskSwHook)
    OSTimeDly                                0x080034e9   Thumb Code   168  os_time.o(i.OSTimeDly)
    OSTimeDlyHMSM                            0x08003599   Thumb Code   262  os_time.o(i.OSTimeDlyHMSM)
    OSTimeTick                               0x080036ad   Thumb Code    50  os_time.o(i.OSTimeTick)
    OSTimeTickHook                           0x080036f1   Thumb Code    16  os_cpu_c.o(i.OSTimeTickHook)
    OS_CPU_SysTickHandler                    0x08003705   Thumb Code    60  os_cpu_c.o(i.OS_CPU_SysTickHandler)
    OS_CPU_SysTickInit                       0x08003745   Thumb Code    44  os_cpu_c.o(i.OS_CPU_SysTickInit)
    OS_Dbg_Init                              0x08003775   Thumb Code   146  os_dbg.o(i.OS_Dbg_Init)
    OS_FlagBlock                             0x0800391d   Thumb Code    56  os_flag.o(i.OS_FlagBlock)
    OS_FlagDbgListAdd                        0x08003959   Thumb Code    38  os_flag.o(i.OS_FlagDbgListAdd)
    OS_FlagInit                              0x08003989   Thumb Code    14  os_flag.o(i.OS_FlagInit)
    OS_FlagPost                              0x080039a1   Thumb Code   372  os_flag.o(i.OS_FlagPost)
    OS_FlagTaskRdy                           0x08003b15   Thumb Code   100  os_flag.o(i.OS_FlagTaskRdy)
    OS_IdleTask                              0x08003b79   Thumb Code    66  os_core.o(i.OS_IdleTask)
    OS_IdleTaskInit                          0x08003bc5   Thumb Code    66  os_core.o(i.OS_IdleTaskInit)
    OS_MemInit                               0x08003c35   Thumb Code    14  os_mem.o(i.OS_MemInit)
    OS_MsgPoolInit                           0x08003c4d   Thumb Code    80  os_msg.o(i.OS_MsgPoolInit)
    OS_MsgQGet                               0x08003ca9   Thumb Code    98  os_msg.o(i.OS_MsgQGet)
    OS_MsgQInit                              0x08003d11   Thumb Code    14  os_msg.o(i.OS_MsgQInit)
    OS_MsgQPut                               0x08003d21   Thumb Code   254  os_msg.o(i.OS_MsgQPut)
    OS_MutexDbgListAdd                       0x08003e25   Thumb Code    38  os_mutex.o(i.OS_MutexDbgListAdd)
    OS_MutexGrpAdd                           0x08003e55   Thumb Code     8  os_mutex.o(i.OS_MutexGrpAdd)
    OS_MutexGrpPrioFindHighest               0x08003e5d   Thumb Code    44  os_mutex.o(i.OS_MutexGrpPrioFindHighest)
    OS_MutexGrpRemove                        0x08003e89   Thumb Code    28  os_mutex.o(i.OS_MutexGrpRemove)
    OS_MutexInit                             0x08003ea5   Thumb Code    14  os_mutex.o(i.OS_MutexInit)
    OS_Pend                                  0x08003ebd   Thumb Code   100  os_core.o(i.OS_Pend)
    OS_PendDataInit                          0x08003f25   Thumb Code    40  os_core.o(i.OS_PendDataInit)
    OS_PendDbgNameAdd                        0x08003f4d   Thumb Code    66  os_core.o(i.OS_PendDbgNameAdd)
    OS_PendDbgNameRemove                     0x08003fa9   Thumb Code    30  os_core.o(i.OS_PendDbgNameRemove)
    OS_PendListChangePrio                    0x08003fcd   Thumb Code    58  os_core.o(i.OS_PendListChangePrio)
    OS_PendListInit                          0x08004007   Thumb Code    10  os_core.o(i.OS_PendListInit)
    OS_PendListInsertPrio                    0x08004011   Thumb Code   102  os_core.o(i.OS_PendListInsertPrio)
    OS_PendListRemove                        0x08004077   Thumb Code    52  os_core.o(i.OS_PendListRemove)
    OS_PendListRemove1                       0x080040ab   Thumb Code    66  os_core.o(i.OS_PendListRemove1)
    OS_Post                                  0x080040ed   Thumb Code   214  os_core.o(i.OS_Post)
    OS_Post1                                 0x080041c3   Thumb Code    44  os_core.o(i.OS_Post1)
    OS_PrioGetHighest                        0x080041f1   Thumb Code    36  os_prio.o(i.OS_PrioGetHighest)
    OS_PrioInit                              0x08004219   Thumb Code    20  os_prio.o(i.OS_PrioInit)
    OS_PrioInsert                            0x08004231   Thumb Code    32  os_prio.o(i.OS_PrioInsert)
    OS_PrioRemove                            0x08004255   Thumb Code    32  os_prio.o(i.OS_PrioRemove)
    OS_QDbgListAdd                           0x08004279   Thumb Code    38  os_q.o(i.OS_QDbgListAdd)
    OS_QInit                                 0x080042a9   Thumb Code    14  os_q.o(i.OS_QInit)
    OS_QPost                                 0x080042c1   Thumb Code   202  os_q.o(i.OS_QPost)
    OS_RdyListInit                           0x0800438d   Thumb Code    32  os_core.o(i.OS_RdyListInit)
    OS_RdyListInsert                         0x080043b1   Thumb Code    40  os_core.o(i.OS_RdyListInsert)
    OS_RdyListInsertHead                     0x080043dd   Thumb Code    58  os_core.o(i.OS_RdyListInsertHead)
    OS_RdyListInsertTail                     0x0800441d   Thumb Code    56  os_core.o(i.OS_RdyListInsertTail)
    OS_RdyListRemove                         0x08004459   Thumb Code    86  os_core.o(i.OS_RdyListRemove)
    OS_SemDbgListAdd                         0x080044b5   Thumb Code    38  os_sem.o(i.OS_SemDbgListAdd)
    OS_SemInit                               0x080044e5   Thumb Code    14  os_sem.o(i.OS_SemInit)
    OS_SemPost                               0x080044fd   Thumb Code   318  os_sem.o(i.OS_SemPost)
    OS_StatTask                              0x0800463d   Thumb Code   738  os_stat.o(i.OS_StatTask)
    OS_StatTaskInit                          0x08004961   Thumb Code   136  os_stat.o(i.OS_StatTaskInit)
    OS_TaskBlock                             0x08004a2d   Thumb Code    40  os_core.o(i.OS_TaskBlock)
    OS_TaskChangePrio                        0x08004a59   Thumb Code   232  os_task.o(i.OS_TaskChangePrio)
    OS_TaskDbgListAdd                        0x08004b45   Thumb Code    42  os_task.o(i.OS_TaskDbgListAdd)
    OS_TaskInit                              0x08004b75   Thumb Code    18  os_task.o(i.OS_TaskInit)
    OS_TaskInitTCB                           0x08004b95   Thumb Code   182  os_task.o(i.OS_TaskInitTCB)
    OS_TaskResume                            0x08004c59   Thumb Code   284  os_task.o(i.OS_TaskResume)
    OS_TaskReturn                            0x08004d75   Thumb Code    26  os_task.o(i.OS_TaskReturn)
    OS_TaskSemPost                           0x08004d99   Thumb Code   492  os_task.o(i.OS_TaskSemPost)
    OS_TaskSuspend                           0x08004f89   Thumb Code   304  os_task.o(i.OS_TaskSuspend)
    OS_TickListInsert                        0x080050c1   Thumb Code   134  os_tick.o(i.OS_TickListInsert)
    OS_TickListInsertDly                     0x08005149   Thumb Code   180  os_tick.o(i.OS_TickListInsertDly)
    OS_TickListRemove                        0x08005205   Thumb Code    88  os_tick.o(i.OS_TickListRemove)
    OS_TickTask                              0x08005419   Thumb Code    98  os_tick.o(i.OS_TickTask)
    OS_TickTaskInit                          0x08005485   Thumb Code   140  os_tick.o(i.OS_TickTaskInit)
    OS_TmrInit                               0x0800554d   Thumb Code   200  os_tmr.o(i.OS_TmrInit)
    OS_TmrTask                               0x08005699   Thumb Code   134  os_tmr.o(i.OS_TmrTask)
    OS_TmrUnlink                             0x0800572d   Thumb Code    58  os_tmr.o(i.OS_TmrUnlink)
    Str_Copy_N                               0x08005785   Thumb Code    70  lib_str.o(i.Str_Copy_N)
    Str_Len_N                                0x080057cb   Thumb Code    28  lib_str.o(i.Str_Len_N)
    SystemInit                               0x080057e9   Thumb Code    82  system_stm32f4xx.o(i.SystemInit)
    main                                     0x0800584d   Thumb Code    96  app.o(i.main)
    _fp_init                                 0x080058d5   Thumb Code    10  fpinit.o(x$fpl$fpinit)
    __fplib_config_fpu_vfp                   0x080058dd   Thumb Code     0  fpinit.o(x$fpl$fpinit)
    __fplib_config_pureend_doubles           0x080058dd   Thumb Code     0  fpinit.o(x$fpl$fpinit)
    OSCfg_IdleTaskStkBasePtr                 0x080058e0   Data           4  os_cfg_app.o(.constdata)
    OSCfg_IdleTaskStkLimit                   0x080058e4   Data           4  os_cfg_app.o(.constdata)
    OSCfg_IdleTaskStkSize                    0x080058e8   Data           4  os_cfg_app.o(.constdata)
    OSCfg_IdleTaskStkSizeRAM                 0x080058ec   Data           4  os_cfg_app.o(.constdata)
    OSCfg_IntQBasePtr                        0x080058f0   Data           4  os_cfg_app.o(.constdata)
    OSCfg_IntQSize                           0x080058f4   Data           2  os_cfg_app.o(.constdata)
    OSCfg_IntQSizeRAM                        0x080058f8   Data           4  os_cfg_app.o(.constdata)
    OSCfg_IntQTaskStkBasePtr                 0x080058fc   Data           4  os_cfg_app.o(.constdata)
    OSCfg_IntQTaskStkLimit                   0x08005900   Data           4  os_cfg_app.o(.constdata)
    OSCfg_IntQTaskStkSize                    0x08005904   Data           4  os_cfg_app.o(.constdata)
    OSCfg_IntQTaskStkSizeRAM                 0x08005908   Data           4  os_cfg_app.o(.constdata)
    OSCfg_ISRStkBasePtr                      0x0800590c   Data           4  os_cfg_app.o(.constdata)
    OSCfg_ISRStkSize                         0x08005910   Data           4  os_cfg_app.o(.constdata)
    OSCfg_ISRStkSizeRAM                      0x08005914   Data           4  os_cfg_app.o(.constdata)
    OSCfg_MsgPoolSize                        0x08005918   Data           2  os_cfg_app.o(.constdata)
    OSCfg_MsgPoolSizeRAM                     0x0800591c   Data           4  os_cfg_app.o(.constdata)
    OSCfg_MsgPoolBasePtr                     0x08005920   Data           4  os_cfg_app.o(.constdata)
    OSCfg_StatTaskPrio                       0x08005924   Data           1  os_cfg_app.o(.constdata)
    OSCfg_StatTaskRate_Hz                    0x08005928   Data           4  os_cfg_app.o(.constdata)
    OSCfg_StatTaskStkBasePtr                 0x0800592c   Data           4  os_cfg_app.o(.constdata)
    OSCfg_StatTaskStkLimit                   0x08005930   Data           4  os_cfg_app.o(.constdata)
    OSCfg_StatTaskStkSize                    0x08005934   Data           4  os_cfg_app.o(.constdata)
    OSCfg_StatTaskStkSizeRAM                 0x08005938   Data           4  os_cfg_app.o(.constdata)
    OSCfg_StkSizeMin                         0x0800593c   Data           4  os_cfg_app.o(.constdata)
    OSCfg_TickRate_Hz                        0x08005940   Data           4  os_cfg_app.o(.constdata)
    OSCfg_TickTaskPrio                       0x08005944   Data           1  os_cfg_app.o(.constdata)
    OSCfg_TickTaskStkBasePtr                 0x08005948   Data           4  os_cfg_app.o(.constdata)
    OSCfg_TickTaskStkLimit                   0x0800594c   Data           4  os_cfg_app.o(.constdata)
    OSCfg_TickTaskStkSize                    0x08005950   Data           4  os_cfg_app.o(.constdata)
    OSCfg_TickTaskStkSizeRAM                 0x08005954   Data           4  os_cfg_app.o(.constdata)
    OSCfg_TmrTaskPrio                        0x08005958   Data           1  os_cfg_app.o(.constdata)
    OSCfg_TmrTaskRate_Hz                     0x0800595c   Data           4  os_cfg_app.o(.constdata)
    OSCfg_TmrTaskStkBasePtr                  0x08005960   Data           4  os_cfg_app.o(.constdata)
    OSCfg_TmrTaskStkLimit                    0x08005964   Data           4  os_cfg_app.o(.constdata)
    OSCfg_TmrTaskStkSize                     0x08005968   Data           4  os_cfg_app.o(.constdata)
    OSCfg_TmrTaskStkSizeRAM                  0x0800596c   Data           4  os_cfg_app.o(.constdata)
    OSCfg_DataSizeRAM                        0x08005970   Data           4  os_cfg_app.o(.constdata)
    OSDbg_DbgEn                              0x08005974   Data           1  os_dbg.o(.constdata)
    OSDbg_ArgChkEn                           0x08005975   Data           1  os_dbg.o(.constdata)
    OSDbg_AppHooksEn                         0x08005976   Data           1  os_dbg.o(.constdata)
    OSDbg_EndiannessTest                     0x08005978   Data           4  os_dbg.o(.constdata)
    OSDbg_CalledFromISRChkEn                 0x0800597c   Data           1  os_dbg.o(.constdata)
    OSDbg_FlagEn                             0x0800597d   Data           1  os_dbg.o(.constdata)
    OSDbg_FlagGrp                            0x08005980   Data          40  os_dbg.o(.constdata)
    OSDbg_FlagDelEn                          0x080059a8   Data           1  os_dbg.o(.constdata)
    OSDbg_FlagModeClrEn                      0x080059a9   Data           1  os_dbg.o(.constdata)
    OSDbg_FlagPendAbortEn                    0x080059aa   Data           1  os_dbg.o(.constdata)
    OSDbg_FlagGrpSize                        0x080059ac   Data           2  os_dbg.o(.constdata)
    OSDbg_FlagWidth                          0x080059ae   Data           2  os_dbg.o(.constdata)
    OSDbg_IntQ                               0x080059b0   Data           2  os_dbg.o(.constdata)
    OSDbg_ISRPostDeferredEn                  0x080059b2   Data           1  os_dbg.o(.constdata)
    OSDbg_Mem                                0x080059b4   Data          32  os_dbg.o(.constdata)
    OSDbg_MemEn                              0x080059d4   Data           1  os_dbg.o(.constdata)
    OSDbg_MemSize                            0x080059d6   Data           2  os_dbg.o(.constdata)
    OSDbg_MsgEn                              0x080059d8   Data           1  os_dbg.o(.constdata)
    OSDbg_MsgSize                            0x080059da   Data           2  os_dbg.o(.constdata)
    OSDbg_MsgPoolSize                        0x080059dc   Data           2  os_dbg.o(.constdata)
    OSDbg_MsgQSize                           0x080059de   Data           2  os_dbg.o(.constdata)
    OSDbg_Mutex                              0x080059e0   Data          48  os_dbg.o(.constdata)
    OSDbg_MutexEn                            0x08005a10   Data           1  os_dbg.o(.constdata)
    OSDbg_MutexDelEn                         0x08005a11   Data           1  os_dbg.o(.constdata)
    OSDbg_MutexPendAbortEn                   0x08005a12   Data           1  os_dbg.o(.constdata)
    OSDbg_MutexSize                          0x08005a14   Data           2  os_dbg.o(.constdata)
    OSDbg_ObjTypeChkEn                       0x08005a16   Data           1  os_dbg.o(.constdata)
    OSDbg_PendMultiEn                        0x08005a17   Data           1  os_dbg.o(.constdata)
    OSDbg_PendDataSize                       0x08005a18   Data           2  os_dbg.o(.constdata)
    OSDbg_PendListSize                       0x08005a1a   Data           2  os_dbg.o(.constdata)
    OSDbg_PendObjSize                        0x08005a1c   Data           2  os_dbg.o(.constdata)
    OSDbg_PrioMax                            0x08005a1e   Data           2  os_dbg.o(.constdata)
    OSDbg_PrioTblSize                        0x08005a20   Data           2  os_dbg.o(.constdata)
    OSDbg_PtrSize                            0x08005a22   Data           2  os_dbg.o(.constdata)
    OSDbg_Q                                  0x08005a24   Data          48  os_dbg.o(.constdata)
    OSDbg_QEn                                0x08005a54   Data           1  os_dbg.o(.constdata)
    OSDbg_QDelEn                             0x08005a55   Data           1  os_dbg.o(.constdata)
    OSDbg_QFlushEn                           0x08005a56   Data           1  os_dbg.o(.constdata)
    OSDbg_QPendAbortEn                       0x08005a57   Data           1  os_dbg.o(.constdata)
    OSDbg_QSize                              0x08005a58   Data           2  os_dbg.o(.constdata)
    OSDbg_SchedRoundRobinEn                  0x08005a5a   Data           1  os_dbg.o(.constdata)
    OSDbg_Sem                                0x08005a5c   Data          40  os_dbg.o(.constdata)
    OSDbg_SemEn                              0x08005a84   Data           1  os_dbg.o(.constdata)
    OSDbg_SemDelEn                           0x08005a85   Data           1  os_dbg.o(.constdata)
    OSDbg_SemPendAbortEn                     0x08005a86   Data           1  os_dbg.o(.constdata)
    OSDbg_SemSetEn                           0x08005a87   Data           1  os_dbg.o(.constdata)
    OSDbg_SemSize                            0x08005a88   Data           2  os_dbg.o(.constdata)
    OSDbg_RdyList                            0x08005a8a   Data           2  os_dbg.o(.constdata)
    OSDbg_RdyListSize                        0x08005a8c   Data           4  os_dbg.o(.constdata)
    OSDbg_StkWidth                           0x08005a90   Data           1  os_dbg.o(.constdata)
    OSDbg_StatTaskEn                         0x08005a91   Data           1  os_dbg.o(.constdata)
    OSDbg_StatTaskStkChkEn                   0x08005a92   Data           1  os_dbg.o(.constdata)
    OSDbg_TaskChangePrioEn                   0x08005a93   Data           1  os_dbg.o(.constdata)
    OSDbg_TaskDelEn                          0x08005a94   Data           1  os_dbg.o(.constdata)
    OSDbg_TaskQEn                            0x08005a95   Data           1  os_dbg.o(.constdata)
    OSDbg_TaskQPendAbortEn                   0x08005a96   Data           1  os_dbg.o(.constdata)
    OSDbg_TaskProfileEn                      0x08005a97   Data           1  os_dbg.o(.constdata)
    OSDbg_TaskRegTblSize                     0x08005a98   Data           2  os_dbg.o(.constdata)
    OSDbg_TaskSemPendAbortEn                 0x08005a9a   Data           1  os_dbg.o(.constdata)
    OSDbg_TaskSuspendEn                      0x08005a9b   Data           1  os_dbg.o(.constdata)
    OSDbg_TCBSize                            0x08005a9c   Data           2  os_dbg.o(.constdata)
    OSDbg_TickListSize                       0x08005a9e   Data           2  os_dbg.o(.constdata)
    OSDbg_TimeDlyHMSMEn                      0x08005aa0   Data           1  os_dbg.o(.constdata)
    OSDbg_TimeDlyResumeEn                    0x08005aa1   Data           1  os_dbg.o(.constdata)
    OSDbg_TLS_TblSize                        0x08005aa2   Data           2  os_dbg.o(.constdata)
    OSDbg_Tmr                                0x08005aa4   Data          48  os_dbg.o(.constdata)
    OSDbg_TmrEn                              0x08005ad4   Data           1  os_dbg.o(.constdata)
    OSDbg_TmrDelEn                           0x08005ad5   Data           1  os_dbg.o(.constdata)
    OSDbg_TmrSize                            0x08005ad6   Data           2  os_dbg.o(.constdata)
    OSDbg_VersionNbr                         0x08005ad8   Data           2  os_dbg.o(.constdata)
    OSDbg_DataSize                           0x08005adc   Data           4  os_dbg.o(.constdata)
    APBAHBPrescTable                         0x08005ae0   Data          16  stm32f4xx_hal_rcc.o(.constdata)
    Region$$Table$$Base                      0x08005af0   Number         0  anon$$obj.o(Region$$Table)
    Region$$Table$$Limit                     0x08005b10   Number         0  anon$$obj.o(Region$$Table)
    CPU_TS_TmrFreq_Hz                        0x20000000   Data           4  cpu_core.o(.data)
    CPU_IntDisMeasCtr                        0x20000004   Data           2  cpu_core.o(.data)
    CPU_IntDisNestCtr                        0x20000006   Data           2  cpu_core.o(.data)
    CPU_IntDisMeasStart_cnts                 0x20000008   Data           4  cpu_core.o(.data)
    CPU_IntDisMeasStop_cnts                  0x2000000c   Data           4  cpu_core.o(.data)
    CPU_IntDisMeasOvrhd_cnts                 0x20000010   Data           4  cpu_core.o(.data)
    CPU_IntDisMeasMaxCur_cnts                0x20000014   Data           4  cpu_core.o(.data)
    CPU_IntDisMeasMax_cnts                   0x20000018   Data           4  cpu_core.o(.data)
    Math_RandSeedCur                         0x2000001c   Data           4  lib_math.o(.data)
    Mem_SegHeadPtr                           0x20000020   Data           4  lib_mem.o(.data)
    OS_CPU_ExceptStkBase                     0x20000024   Data           4  os_cpu_c.o(.data)
    OSPrioTbl                                0x20000028   Data           4  os_prio.o(.data)
    OS_AppTaskCreateHookPtr                  0x2000002c   Data           4  os_var.o(.data)
    OS_AppTaskDelHookPtr                     0x20000030   Data           4  os_var.o(.data)
    OS_AppTaskReturnHookPtr                  0x20000034   Data           4  os_var.o(.data)
    OS_AppIdleTaskHookPtr                    0x20000038   Data           4  os_var.o(.data)
    OS_AppStatTaskHookPtr                    0x2000003c   Data           4  os_var.o(.data)
    OS_AppTaskSwHookPtr                      0x20000040   Data           4  os_var.o(.data)
    OS_AppTimeTickHookPtr                    0x20000044   Data           4  os_var.o(.data)
    OSIdleTaskCtr                            0x20000048   Data           4  os_var.o(.data)
    OSIntNestingCtr                          0x2000004c   Data           1  os_var.o(.data)
    OSIntDisTimeMax                          0x20000050   Data           4  os_var.o(.data)
    OSRunning                                0x20000054   Data           1  os_var.o(.data)
    OSFlagDbgListPtr                         0x20000058   Data           4  os_var.o(.data)
    OSFlagQty                                0x2000005c   Data           2  os_var.o(.data)
    OSMemDbgListPtr                          0x20000060   Data           4  os_var.o(.data)
    OSMemQty                                 0x20000064   Data           2  os_var.o(.data)
    OSMutexDbgListPtr                        0x20000068   Data           4  os_var.o(.data)
    OSMutexQty                               0x2000006c   Data           2  os_var.o(.data)
    OSPrioCur                                0x2000006e   Data           1  os_var.o(.data)
    OSPrioHighRdy                            0x2000006f   Data           1  os_var.o(.data)
    OSPrioSaved                              0x20000070   Data           1  os_var.o(.data)
    OSQDbgListPtr                            0x20000074   Data           4  os_var.o(.data)
    OSQQty                                   0x20000078   Data           2  os_var.o(.data)
    OSSchedLockNestingCtr                    0x2000007a   Data           1  os_var.o(.data)
    OSSemDbgListPtr                          0x2000007c   Data           4  os_var.o(.data)
    OSSemQty                                 0x20000080   Data           2  os_var.o(.data)
    OSStatResetFlag                          0x20000082   Data           1  os_var.o(.data)
    OSStatTaskCPUUsage                       0x20000084   Data           2  os_var.o(.data)
    OSStatTaskCPUUsageMax                    0x20000086   Data           2  os_var.o(.data)
    OSStatTaskCtr                            0x20000088   Data           4  os_var.o(.data)
    OSStatTaskCtrMax                         0x2000008c   Data           4  os_var.o(.data)
    OSStatTaskCtrRun                         0x20000090   Data           4  os_var.o(.data)
    OSStatTaskRdy                            0x20000094   Data           1  os_var.o(.data)
    OSStatTaskTimeMax                        0x20000098   Data           4  os_var.o(.data)
    OSTaskCtxSwCtr                           0x2000009c   Data           4  os_var.o(.data)
    OSTaskDbgListPtr                         0x200000a0   Data           4  os_var.o(.data)
    OSTaskQty                                0x200000a4   Data           2  os_var.o(.data)
    OSTaskRegNextAvailID                     0x200000a6   Data           1  os_var.o(.data)
    OSTickCtr                                0x200000a8   Data           4  os_var.o(.data)
    OSTickTaskTimeMax                        0x200000ac   Data           4  os_var.o(.data)
    OSTickListDly                            0x200000b0   Data           8  os_var.o(.data)
    OSTickListTimeout                        0x200000b8   Data           8  os_var.o(.data)
    OSTmrDbgListPtr                          0x200000c0   Data           4  os_var.o(.data)
    OSTmrListEntries                         0x200000c4   Data           2  os_var.o(.data)
    OSTmrListPtr                             0x200000c8   Data           4  os_var.o(.data)
    OSTmrQty                                 0x200000cc   Data           2  os_var.o(.data)
    OSTmrTaskTimeMax                         0x200000d0   Data           4  os_var.o(.data)
    OSTmrTickCtr                             0x200000d4   Data           4  os_var.o(.data)
    OSTmrUpdateCnt                           0x200000d8   Data           4  os_var.o(.data)
    OSTmrUpdateCtr                           0x200000dc   Data           4  os_var.o(.data)
    OSTCBCurPtr                              0x200000e0   Data           4  os_var.o(.data)
    OSTCBHighRdyPtr                          0x200000e4   Data           4  os_var.o(.data)
    SystemCoreClock                          0x200000ec   Data           4  system_stm32f4xx.o(.data)
    CPU_Name                                 0x200022d0   Data          16  cpu_core.o(.bss)
    Mem_Heap                                 0x200022e0   Data        1024  lib_mem.o(.bss)
    Mem_SegHeap                              0x200026e0   Data          20  lib_mem.o(.bss)
    OSCfg_IdleTaskStk                        0x200026f4   Data         512  os_cfg_app.o(.bss)
    OSCfg_ISRStk                             0x200028f4   Data         400  os_cfg_app.o(.bss)
    OSCfg_MsgPool                            0x20002a84   Data        1600  os_cfg_app.o(.bss)
    OSCfg_StatTaskStk                        0x200030c4   Data         400  os_cfg_app.o(.bss)
    OSCfg_TickTaskStk                        0x20003254   Data         512  os_cfg_app.o(.bss)
    OSCfg_TmrTaskStk                         0x20003454   Data         512  os_cfg_app.o(.bss)
    OSIdleTaskTCB                            0x20003654   Data         192  os_var.o(.bss)
    OSMsgPool                                0x20003714   Data          12  os_var.o(.bss)
    OSRdyList                                0x20003720   Data         384  os_var.o(.bss)
    OSStatTaskTCB                            0x200038a0   Data         192  os_var.o(.bss)
    OSTickTaskTCB                            0x20003960   Data         192  os_var.o(.bss)
    OSTmrMutex                               0x20003a20   Data          48  os_var.o(.bss)
    OSTmrTaskTCB                             0x20003a50   Data         192  os_var.o(.bss)
    __libspace_start                         0x20003b10   Data          96  libspace.o(.bss)
    __temporary_stack_top$libspace           0x20003b70   Data           0  libspace.o(.bss)



==============================================================================

Memory Map of the image

  Image Entry point : 0x08000189

  Load Region LR_IROM1 (Base: 0x08000000, Size: 0x00005c00, Max: 0x00100000, ABSOLUTE)

    Execution Region ER_IROM1 (Base: 0x08000000, Size: 0x00005b10, Max: 0x00100000, ABSOLUTE)

    Base Addr    Size         Type   Attr      Idx    E Section Name        Object

    0x08000000   0x00000188   Data   RO        14957    RESET               startup_stm32f407xx.o
    0x08000188   0x00000008   Code   RO        15077  * !!!main             c_w.l(__main.o)
    0x08000190   0x00000034   Code   RO        15564    !!!scatter          c_w.l(__scatter.o)
    0x080001c4   0x0000001a   Code   RO        15566    !!handler_copy      c_w.l(__scatter_copy.o)
    0x080001de   0x00000002   PAD
    0x080001e0   0x0000001c   Code   RO        15568    !!handler_zi        c_w.l(__scatter_zi.o)
    0x080001fc   0x00000002   Code   RO        15438    .ARM.Collect$$libinit$$00000000  c_w.l(libinit.o)
    0x080001fe   0x00000004   Code   RO        15189    .ARM.Collect$$libinit$$00000001  c_w.l(libinit2.o)
    0x08000202   0x00000000   Code   RO        15192    .ARM.Collect$$libinit$$00000004  c_w.l(libinit2.o)
    0x08000202   0x00000000   Code   RO        15195    .ARM.Collect$$libinit$$0000000A  c_w.l(libinit2.o)
    0x08000202   0x00000000   Code   RO        15197    .ARM.Collect$$libinit$$0000000C  c_w.l(libinit2.o)
    0x08000202   0x00000000   Code   RO        15199    .ARM.Collect$$libinit$$0000000E  c_w.l(libinit2.o)
    0x08000202   0x00000000   Code   RO        15202    .ARM.Collect$$libinit$$00000011  c_w.l(libinit2.o)
    0x08000202   0x00000000   Code   RO        15204    .ARM.Collect$$libinit$$00000013  c_w.l(libinit2.o)
    0x08000202   0x00000000   Code   RO        15206    .ARM.Collect$$libinit$$00000015  c_w.l(libinit2.o)
    0x08000202   0x00000000   Code   RO        15208    .ARM.Collect$$libinit$$00000017  c_w.l(libinit2.o)
    0x08000202   0x00000000   Code   RO        15210    .ARM.Collect$$libinit$$00000019  c_w.l(libinit2.o)
    0x08000202   0x00000000   Code   RO        15212    .ARM.Collect$$libinit$$0000001B  c_w.l(libinit2.o)
    0x08000202   0x00000000   Code   RO        15214    .ARM.Collect$$libinit$$0000001D  c_w.l(libinit2.o)
    0x08000202   0x00000000   Code   RO        15216    .ARM.Collect$$libinit$$0000001F  c_w.l(libinit2.o)
    0x08000202   0x00000000   Code   RO        15218    .ARM.Collect$$libinit$$00000021  c_w.l(libinit2.o)
    0x08000202   0x00000000   Code   RO        15220    .ARM.Collect$$libinit$$00000023  c_w.l(libinit2.o)
    0x08000202   0x00000000   Code   RO        15222    .ARM.Collect$$libinit$$00000025  c_w.l(libinit2.o)
    0x08000202   0x00000000   Code   RO        15226    .ARM.Collect$$libinit$$0000002C  c_w.l(libinit2.o)
    0x08000202   0x00000000   Code   RO        15228    .ARM.Collect$$libinit$$0000002E  c_w.l(libinit2.o)
    0x08000202   0x00000000   Code   RO        15230    .ARM.Collect$$libinit$$00000030  c_w.l(libinit2.o)
    0x08000202   0x00000000   Code   RO        15232    .ARM.Collect$$libinit$$00000032  c_w.l(libinit2.o)
    0x08000202   0x00000002   Code   RO        15233    .ARM.Collect$$libinit$$00000033  c_w.l(libinit2.o)
    0x08000204   0x00000002   Code   RO        15557    .ARM.Collect$$libshutdown$$00000000  c_w.l(libshutdown.o)
    0x08000206   0x00000000   Code   RO        15440    .ARM.Collect$$libshutdown$$00000002  c_w.l(libshutdown2.o)
    0x08000206   0x00000000   Code   RO        15442    .ARM.Collect$$libshutdown$$00000004  c_w.l(libshutdown2.o)
    0x08000206   0x00000000   Code   RO        15445    .ARM.Collect$$libshutdown$$00000007  c_w.l(libshutdown2.o)
    0x08000206   0x00000000   Code   RO        15448    .ARM.Collect$$libshutdown$$0000000A  c_w.l(libshutdown2.o)
    0x08000206   0x00000000   Code   RO        15450    .ARM.Collect$$libshutdown$$0000000C  c_w.l(libshutdown2.o)
    0x08000206   0x00000000   Code   RO        15453    .ARM.Collect$$libshutdown$$0000000F  c_w.l(libshutdown2.o)
    0x08000206   0x00000002   Code   RO        15454    .ARM.Collect$$libshutdown$$00000010  c_w.l(libshutdown2.o)
    0x08000208   0x00000000   Code   RO        15081    .ARM.Collect$$rtentry$$00000000  c_w.l(__rtentry.o)
    0x08000208   0x00000000   Code   RO        15254    .ARM.Collect$$rtentry$$00000002  c_w.l(__rtentry2.o)
    0x08000208   0x00000006   Code   RO        15266    .ARM.Collect$$rtentry$$00000004  c_w.l(__rtentry4.o)
    0x0800020e   0x00000000   Code   RO        15256    .ARM.Collect$$rtentry$$00000009  c_w.l(__rtentry2.o)
    0x0800020e   0x00000004   Code   RO        15257    .ARM.Collect$$rtentry$$0000000A  c_w.l(__rtentry2.o)
    0x08000212   0x00000000   Code   RO        15259    .ARM.Collect$$rtentry$$0000000C  c_w.l(__rtentry2.o)
    0x08000212   0x00000008   Code   RO        15260    .ARM.Collect$$rtentry$$0000000D  c_w.l(__rtentry2.o)
    0x0800021a   0x00000002   Code   RO        15466    .ARM.Collect$$rtexit$$00000000  c_w.l(rtexit.o)
    0x0800021c   0x00000000   Code   RO        15516    .ARM.Collect$$rtexit$$00000002  c_w.l(rtexit2.o)
    0x0800021c   0x00000004   Code   RO        15517    .ARM.Collect$$rtexit$$00000003  c_w.l(rtexit2.o)
    0x08000220   0x00000006   Code   RO        15518    .ARM.Collect$$rtexit$$00000004  c_w.l(rtexit2.o)
    0x08000226   0x00000002   PAD
    0x08000228   0x00000034   Code   RO         1128    .text               cpu_a.o
    0x0800025c   0x00000068   Code   RO        14958    .text               startup_stm32f407xx.o
    0x080002c4   0x00000006   Code   RO        15075    .text               c_w.l(heapauxi.o)
    0x080002ca   0x00000002   PAD
    0x080002cc   0x0000000c   Code   RO        15079    .text               c_w.l(sys_exit.o)
    0x080002d8   0x00000008   Code   RO        15247    .text               c_w.l(libspace.o)
    0x080002e0   0x00000002   Code   RO        15250    .text               c_w.l(use_no_semi.o)
    0x080002e2   0x00000000   Code   RO        15252    .text               c_w.l(indicate_semi.o)
    0x080002e2   0x0000004a   Code   RO        15313    .text               c_w.l(sys_stackheap_outer.o)
    0x0800032c   0x00000012   Code   RO        15415    .text               c_w.l(exit.o)
    0x0800033e   0x00000002   PAD
    0x08000340   0x00000118   Code   RO         1824    CODE                os_cpu_a.o
    0x08000458   0x00000090   Code   RO            4    i.AppObjCreate      app.o
    0x080004e8   0x00000128   Code   RO            5    i.AppTaskCreate     app.o
    0x08000610   0x00000004   Code   RO            6    i.AppTaskEq0Fp      app.o
    0x08000614   0x00000004   Code   RO            7    i.AppTaskEq1Fp      app.o
    0x08000618   0x00000080   Code   RO            8    i.AppTaskObj0       app.o
    0x08000698   0x0000007c   Code   RO            9    i.AppTaskObj1       app.o
    0x08000714   0x0000004e   Code   RO           10    i.AppTaskStart      app.o
    0x08000762   0x00000002   Code   RO          355    i.App_OS_IdleTaskHook  os_app_hooks.o
    0x08000764   0x0000008c   Code   RO          357    i.App_OS_SetAllHooks  os_app_hooks.o
    0x080007f0   0x00000002   Code   RO          358    i.App_OS_StatTaskHook  os_app_hooks.o
    0x080007f2   0x00000002   Code   RO          359    i.App_OS_TaskCreateHook  os_app_hooks.o
    0x080007f4   0x00000002   Code   RO          360    i.App_OS_TaskDelHook  os_app_hooks.o
    0x080007f6   0x00000002   Code   RO          361    i.App_OS_TaskReturnHook  os_app_hooks.o
    0x080007f8   0x00000002   Code   RO          362    i.App_OS_TaskSwHook  os_app_hooks.o
    0x080007fa   0x00000008   Code   RO          363    i.App_OS_TimeTickHook  os_app_hooks.o
    0x08000802   0x0000000c   Code   RO          457    i.BSP_CPU_ClkFreq   bsp.o
    0x0800080e   0x00000002   PAD
    0x08000810   0x000000bc   Code   RO          458    i.BSP_Init          bsp.o
    0x080008cc   0x00000008   Code   RO          530    i.BSP_IntDisAll     bsp_int.o
    0x080008d4   0x00000004   Code   RO          560    i.BSP_IntHandlerDummy  bsp_int.o
    0x080008d8   0x0000001c   Code   RO          616    i.BSP_IntInit       bsp_int.o
    0x080008f4   0x0000003c   Code   RO          618    i.BSP_IntVectSet    bsp_int.o
    0x08000930   0x00000038   Code   RO          459    i.BSP_LED_Init      bsp.o
    0x08000968   0x00000014   Code   RO          462    i.BSP_LED_Toggle    bsp.o
    0x0800097c   0x00000194   Code   RO         1106    i.BSP_PeriphEn      bsp_periph.o
    0x08000b10   0x0000001c   Code   RO          463    i.BSP_Tick_Init     bsp.o
    0x08000b2c   0x00000010   Code   RO         1187    i.CPU_Init          cpu_core.o
    0x08000b3c   0x00000084   Code   RO         1188    i.CPU_IntDisMeasInit  cpu_core.o
    0x08000bc0   0x0000001c   Code   RO         1189    i.CPU_IntDisMeasMaxCalc  cpu_core.o
    0x08000bdc   0x0000002c   Code   RO         1190    i.CPU_IntDisMeasMaxCurGet  cpu_core.o
    0x08000c08   0x0000002c   Code   RO         1191    i.CPU_IntDisMeasMaxCurReset  cpu_core.o
    0x08000c34   0x0000002c   Code   RO         1192    i.CPU_IntDisMeasMaxGet  cpu_core.o
    0x08000c60   0x00000034   Code   RO         1193    i.CPU_IntDisMeasStart  cpu_core.o
    0x08000c94   0x00000054   Code   RO         1194    i.CPU_IntDisMeasStop  cpu_core.o
    0x08000ce8   0x00000038   Code   RO         1195    i.CPU_NameClr       cpu_core.o
    0x08000d20   0x00000008   Code   RO         1197    i.CPU_NameInit      cpu_core.o
    0x08000d28   0x0000006c   Code   RO         1198    i.CPU_NameSet       cpu_core.o
    0x08000d94   0x00000004   Code   RO         1200    i.CPU_SW_Exception  cpu_core.o
    0x08000d98   0x00000014   Code   RO         1202    i.CPU_TS_Init       cpu_core.o
    0x08000dac   0x0000000c   Code   RO         1204    i.CPU_TS_TmrFreqSet  cpu_core.o
    0x08000db8   0x00000034   Code   RO         1081    i.CPU_TS_TmrInit    cpu_bsp.o
    0x08000dec   0x0000000c   Code   RO         1082    i.CPU_TS_TmrRd      cpu_bsp.o
    0x08000df8   0x00000208   Code   RO         4723    i.HAL_GPIO_Init     stm32f4xx_hal_gpio.o
    0x08001000   0x00000008   Code   RO         4726    i.HAL_GPIO_TogglePin  stm32f4xx_hal_gpio.o
    0x08001008   0x0000000c   Code   RO         4727    i.HAL_GPIO_WritePin  stm32f4xx_hal_gpio.o
    0x08001014   0x0000000c   Code   RO         2972    i.HAL_GetREVID      stm32f4xx_hal.o
    0x08001020   0x0000000c   Code   RO         2973    i.HAL_GetTick       stm32f4xx_hal.o
    0x0800102c   0x00000010   Code   RO         2974    i.HAL_IncTick       stm32f4xx_hal.o
    0x0800103c   0x0000003c   Code   RO         2975    i.HAL_Init          stm32f4xx_hal.o
    0x08001078   0x0000001c   Code   RO          464    i.HAL_InitTick      bsp.o
    0x08001094   0x00000002   Code   RO         5877    i.HAL_MspInit       stm32f4xx_hal_msp_template.o
    0x08001096   0x00000002   PAD
    0x08001098   0x00000028   Code   RO         3538    i.HAL_NVIC_SetPriorityGrouping  stm32f4xx_hal_cortex.o
    0x080010c0   0x000002b0   Code   RO         6716    i.HAL_RCC_ClockConfig  stm32f4xx_hal_rcc.o
    0x08001370   0x00000070   Code   RO         6717    i.HAL_RCC_DeInit    stm32f4xx_hal_rcc.o
    0x080013e0   0x00000038   Code   RO         6721    i.HAL_RCC_GetHCLKFreq  stm32f4xx_hal_rcc.o
    0x08001418   0x000000b4   Code   RO         6725    i.HAL_RCC_GetSysClockFreq  stm32f4xx_hal_rcc.o
    0x080014cc   0x00000404   Code   RO         6728    i.HAL_RCC_OscConfig  stm32f4xx_hal_rcc.o
    0x080018d0   0x00000014   Code   RO          465    i.HardFault_Handler  bsp.o
    0x080018e4   0x0000000a   Code   RO         1459    i.Math_Init         lib_math.o
    0x080018ee   0x00000002   PAD
    0x080018f0   0x00000034   Code   RO         1462    i.Math_RandSetSeed  lib_math.o
    0x08001924   0x00000012   Code   RO         1495    i.Mem_Clr           lib_mem.o
    0x08001936   0x00000002   PAD
    0x08001938   0x00000048   Code   RO         1505    i.Mem_Init          lib_mem.o
    0x08001980   0x00000052   Code   RO         1518    i.Mem_SegCreate     lib_mem.o
    0x080019d2   0x00000002   PAD
    0x080019d4   0x00000020   Code   RO         1519    i.Mem_SegCreateCritical  lib_mem.o
    0x080019f4   0x00000054   Code   RO         1522    i.Mem_Set           lib_mem.o
    0x08001a48   0x00000002   Code   RO         1912    i.OSCfg_Init        os_cfg_app.o
    0x08001a4a   0x00000002   PAD
    0x08001a4c   0x00000068   Code   RO         2154    i.OSFlagCreate      os_flag.o
    0x08001ab4   0x00000308   Code   RO         2155    i.OSFlagPend        os_flag.o
    0x08001dbc   0x00000040   Code   RO         2157    i.OSFlagPost        os_flag.o
    0x08001dfc   0x00000014   Code   RO         1827    i.OSIdleTaskHook    os_cpu_c.o
    0x08001e10   0x0000014c   Code   RO         1935    i.OSInit            os_core.o
    0x08001f5c   0x00000028   Code   RO         1828    i.OSInitHook        os_cpu_c.o
    0x08001f84   0x000000dc   Code   RO         1937    i.OSIntExit         os_core.o
    0x08002060   0x0000006c   Code   RO         2304    i.OSMutexCreate     os_mutex.o
    0x080020cc   0x000001ec   Code   RO         2305    i.OSMutexPend       os_mutex.o
    0x080022b8   0x0000017c   Code   RO         2306    i.OSMutexPost       os_mutex.o
    0x08002434   0x0000006c   Code   RO         2443    i.OSQCreate         os_q.o
    0x080024a0   0x000001a0   Code   RO         2446    i.OSQPend           os_q.o
    0x08002640   0x00000040   Code   RO         2448    i.OSQPost           os_q.o
    0x08002680   0x000000a4   Code   RO         1938    i.OSSched           os_core.o
    0x08002724   0x00000064   Code   RO         1939    i.OSSchedLock       os_core.o
    0x08002788   0x00000088   Code   RO         1940    i.OSSchedUnlock     os_core.o
    0x08002810   0x00000068   Code   RO         2515    i.OSSemCreate       os_sem.o
    0x08002878   0x00000188   Code   RO         2517    i.OSSemPend         os_sem.o
    0x08002a00   0x0000003c   Code   RO         2519    i.OSSemPost         os_sem.o
    0x08002a3c   0x00000068   Code   RO         1941    i.OSStart           os_core.o
    0x08002aa4   0x00000148   Code   RO         2587    i.OSStatReset       os_stat.o
    0x08002bec   0x00000100   Code   RO         2588    i.OSStatTaskCPUUsageInit  os_stat.o
    0x08002cec   0x00000014   Code   RO         1829    i.OSStatTaskHook    os_cpu_c.o
    0x08002d00   0x00000144   Code   RO         2618    i.OSTaskCreate      os_task.o
    0x08002e44   0x00000018   Code   RO         1830    i.OSTaskCreateHook  os_cpu_c.o
    0x08002e5c   0x00000036   Code   RO         2625    i.OSTaskResume      os_task.o
    0x08002e92   0x00000002   PAD
    0x08002e94   0x00000018   Code   RO         1832    i.OSTaskReturnHook  os_cpu_c.o
    0x08002eac   0x000001c8   Code   RO         2626    i.OSTaskSemPend     os_task.o
    0x08003074   0x00000024   Code   RO         2628    i.OSTaskSemPost     os_task.o
    0x08003098   0x000000bc   Code   RO         2630    i.OSTaskStkChk      os_task.o
    0x08003154   0x000002c4   Code   RO         1833    i.OSTaskStkInit     os_cpu_c.o
    0x08003418   0x00000024   Code   RO         2631    i.OSTaskSuspend     os_task.o
    0x0800343c   0x000000ac   Code   RO         1834    i.OSTaskSwHook      os_cpu_c.o
    0x080034e8   0x000000b0   Code   RO         2819    i.OSTimeDly         os_time.o
    0x08003598   0x00000114   Code   RO         2820    i.OSTimeDlyHMSM     os_time.o
    0x080036ac   0x00000044   Code   RO         2823    i.OSTimeTick        os_time.o
    0x080036f0   0x00000014   Code   RO         1835    i.OSTimeTickHook    os_cpu_c.o
    0x08003704   0x00000040   Code   RO         1836    i.OS_CPU_SysTickHandler  os_cpu_c.o
    0x08003744   0x00000030   Code   RO         1837    i.OS_CPU_SysTickInit  os_cpu_c.o
    0x08003774   0x000001a8   Code   RO         2139    i.OS_Dbg_Init       os_dbg.o
    0x0800391c   0x0000003c   Code   RO         2158    i.OS_FlagBlock      os_flag.o
    0x08003958   0x00000030   Code   RO         2160    i.OS_FlagDbgListAdd  os_flag.o
    0x08003988   0x00000018   Code   RO         2162    i.OS_FlagInit       os_flag.o
    0x080039a0   0x00000174   Code   RO         2163    i.OS_FlagPost       os_flag.o
    0x08003b14   0x00000064   Code   RO         2164    i.OS_FlagTaskRdy    os_flag.o
    0x08003b78   0x0000004c   Code   RO         1943    i.OS_IdleTask       os_core.o
    0x08003bc4   0x00000070   Code   RO         1944    i.OS_IdleTaskInit   os_core.o
    0x08003c34   0x00000018   Code   RO         2236    i.OS_MemInit        os_mem.o
    0x08003c4c   0x0000005c   Code   RO         2268    i.OS_MsgPoolInit    os_msg.o
    0x08003ca8   0x00000068   Code   RO         2270    i.OS_MsgQGet        os_msg.o
    0x08003d10   0x0000000e   Code   RO         2271    i.OS_MsgQInit       os_msg.o
    0x08003d1e   0x00000002   PAD
    0x08003d20   0x00000104   Code   RO         2272    i.OS_MsgQPut        os_msg.o
    0x08003e24   0x00000030   Code   RO         2308    i.OS_MutexDbgListAdd  os_mutex.o
    0x08003e54   0x00000008   Code   RO         2310    i.OS_MutexGrpAdd    os_mutex.o
    0x08003e5c   0x0000002c   Code   RO         2312    i.OS_MutexGrpPrioFindHighest  os_mutex.o
    0x08003e88   0x0000001c   Code   RO         2313    i.OS_MutexGrpRemove  os_mutex.o
    0x08003ea4   0x00000018   Code   RO         2314    i.OS_MutexInit      os_mutex.o
    0x08003ebc   0x00000068   Code   RO         1945    i.OS_Pend           os_core.o
    0x08003f24   0x00000028   Code   RO         1948    i.OS_PendDataInit   os_core.o
    0x08003f4c   0x0000005c   Code   RO         1949    i.OS_PendDbgNameAdd  os_core.o
    0x08003fa8   0x00000024   Code   RO         1950    i.OS_PendDbgNameRemove  os_core.o
    0x08003fcc   0x0000003a   Code   RO         1951    i.OS_PendListChangePrio  os_core.o
    0x08004006   0x0000000a   Code   RO         1952    i.OS_PendListInit   os_core.o
    0x08004010   0x00000066   Code   RO         1954    i.OS_PendListInsertPrio  os_core.o
    0x08004076   0x00000034   Code   RO         1955    i.OS_PendListRemove  os_core.o
    0x080040aa   0x00000042   Code   RO         1956    i.OS_PendListRemove1  os_core.o
    0x080040ec   0x000000d6   Code   RO         1959    i.OS_Post           os_core.o
    0x080041c2   0x0000002c   Code   RO         1960    i.OS_Post1          os_core.o
    0x080041ee   0x00000002   PAD
    0x080041f0   0x00000028   Code   RO         2406    i.OS_PrioGetHighest  os_prio.o
    0x08004218   0x00000018   Code   RO         2407    i.OS_PrioInit       os_prio.o
    0x08004230   0x00000024   Code   RO         2408    i.OS_PrioInsert     os_prio.o
    0x08004254   0x00000024   Code   RO         2409    i.OS_PrioRemove     os_prio.o
    0x08004278   0x00000030   Code   RO         2450    i.OS_QDbgListAdd    os_q.o
    0x080042a8   0x00000018   Code   RO         2452    i.OS_QInit          os_q.o
    0x080042c0   0x000000ca   Code   RO         2453    i.OS_QPost          os_q.o
    0x0800438a   0x00000002   PAD
    0x0800438c   0x00000024   Code   RO         1961    i.OS_RdyListInit    os_core.o
    0x080043b0   0x0000002c   Code   RO         1962    i.OS_RdyListInsert  os_core.o
    0x080043dc   0x00000040   Code   RO         1963    i.OS_RdyListInsertHead  os_core.o
    0x0800441c   0x0000003c   Code   RO         1964    i.OS_RdyListInsertTail  os_core.o
    0x08004458   0x0000005c   Code   RO         1966    i.OS_RdyListRemove  os_core.o
    0x080044b4   0x00000030   Code   RO         2522    i.OS_SemDbgListAdd  os_sem.o
    0x080044e4   0x00000018   Code   RO         2524    i.OS_SemInit        os_sem.o
    0x080044fc   0x0000013e   Code   RO         2525    i.OS_SemPost        os_sem.o
    0x0800463a   0x00000002   PAD
    0x0800463c   0x00000324   Code   RO         2589    i.OS_StatTask       os_stat.o
    0x08004960   0x000000cc   Code   RO         2590    i.OS_StatTaskInit   os_stat.o
    0x08004a2c   0x0000002c   Code   RO         1967    i.OS_TaskBlock      os_core.o
    0x08004a58   0x000000ec   Code   RO         2632    i.OS_TaskChangePrio  os_task.o
    0x08004b44   0x00000030   Code   RO         2633    i.OS_TaskDbgListAdd  os_task.o
    0x08004b74   0x00000020   Code   RO         2635    i.OS_TaskInit       os_task.o
    0x08004b94   0x000000c4   Code   RO         2636    i.OS_TaskInitTCB    os_task.o
    0x08004c58   0x0000011c   Code   RO         2638    i.OS_TaskResume     os_task.o
    0x08004d74   0x00000024   Code   RO         2639    i.OS_TaskReturn     os_task.o
    0x08004d98   0x000001f0   Code   RO         2640    i.OS_TaskSemPost    os_task.o
    0x08004f88   0x00000138   Code   RO         2641    i.OS_TaskSuspend    os_task.o
    0x080050c0   0x00000086   Code   RO         2773    i.OS_TickListInsert  os_tick.o
    0x08005146   0x00000002   PAD
    0x08005148   0x000000bc   Code   RO         2774    i.OS_TickListInsertDly  os_tick.o
    0x08005204   0x00000058   Code   RO         2775    i.OS_TickListRemove  os_tick.o
    0x0800525c   0x000000a0   Code   RO         2776    i.OS_TickListUpdateDly  os_tick.o
    0x080052fc   0x0000011c   Code   RO         2777    i.OS_TickListUpdateTimeout  os_tick.o
    0x08005418   0x0000006c   Code   RO         2778    i.OS_TickTask       os_tick.o
    0x08005484   0x000000c8   Code   RO         2779    i.OS_TickTaskInit   os_tick.o
    0x0800554c   0x00000134   Code   RO         2864    i.OS_TmrInit        os_tmr.o
    0x08005680   0x00000018   Code   RO         2865    i.OS_TmrLock        os_tmr.o
    0x08005698   0x00000094   Code   RO         2866    i.OS_TmrTask        os_tmr.o
    0x0800572c   0x00000044   Code   RO         2867    i.OS_TmrUnlink      os_tmr.o
    0x08005770   0x00000014   Code   RO         2868    i.OS_TmrUnlock      os_tmr.o
    0x08005784   0x00000046   Code   RO         1684    i.Str_Copy_N        lib_str.o
    0x080057ca   0x0000001c   Code   RO         1689    i.Str_Len_N         lib_str.o
    0x080057e6   0x00000002   PAD
    0x080057e8   0x00000064   Code   RO        14966    i.SystemInit        system_stm32f4xx.o
    0x0800584c   0x00000088   Code   RO           12    i.main              app.o
    0x080058d4   0x0000000a   Code   RO        15309    x$fpl$fpinit        fz_wm.l(fpinit.o)
    0x080058de   0x00000002   PAD
    0x080058e0   0x00000094   Data   RO         1914    .constdata          os_cfg_app.o
    0x08005974   0x0000016c   Data   RO         2140    .constdata          os_dbg.o
    0x08005ae0   0x00000010   Data   RO         6729    .constdata          stm32f4xx_hal_rcc.o
    0x08005af0   0x00000020   Data   RO        15562    Region$$Table       anon$$obj.o


    Execution Region RW_IRAM1 (Base: 0x20000000, Size: 0x00004170, Max: 0x00020000, ABSOLUTE)

    Base Addr    Size         Type   Attr      Idx    E Section Name        Object

    0x20000000   0x0000001c   Data   RW         1208    .data               cpu_core.o
    0x2000001c   0x00000004   Data   RW         1463    .data               lib_math.o
    0x20000020   0x00000004   Data   RW         1524    .data               lib_mem.o
    0x20000024   0x00000004   Data   RW         1838    .data               os_cpu_c.o
    0x20000028   0x00000004   Data   RW         2410    .data               os_prio.o
    0x2000002c   0x000000bc   Data   RW         2944    .data               os_var.o
    0x200000e8   0x00000004   Data   RW         2981    .data               stm32f4xx_hal.o
    0x200000ec   0x00000004   Data   RW        14968    .data               system_stm32f4xx.o
    0x200000f0   0x00002098   Zero   RW           13    .bss                app.o
    0x20002188   0x00000148   Zero   RW          619    .bss                bsp_int.o
    0x200022d0   0x00000010   Zero   RW         1206    .bss                cpu_core.o
    0x200022e0   0x00000414   Zero   RW         1523    .bss                lib_mem.o
    0x200026f4   0x00000f60   Zero   RW         1913    .bss                os_cfg_app.o
    0x20003654   0x000004bc   Zero   RW         2943    .bss                os_var.o
    0x20003b10   0x00000060   Zero   RW        15248    .bss                c_w.l(libspace.o)
    0x20003b70   0x00000200   Zero   RW        14956    HEAP                startup_stm32f407xx.o
    0x20003d70   0x00000400   Zero   RW        14955    STACK               startup_stm32f407xx.o


==============================================================================

Image component sizes


      Code (inc. data)   RO Data    RW Data    ZI Data      Debug   Object Name

       914        244          0          0       8344     346943   app.o
       352         32          0          0          0       4809   bsp.o
       100         10          0          0        328       2519   bsp_int.o
       404         90          0          0          0        595   bsp_periph.o
        52          0          0          0          0        308   cpu_a.o
        64         14          0          0          0        984   cpu_bsp.o
       652        102          0         28         16       9993   cpu_core.o
        62          4          0          4          0       2022   lib_math.o
       288         24          0          4       1044      15013   lib_mem.o
        98          0          0          0          0       1837   lib_str.o
       160         56          0          0          0      31208   os_app_hooks.o
         2          0        148          0       3936      19013   os_cfg_app.o
      2402        306          0          0          0      17006   os_core.o
       280         14          0          0          0        396   os_cpu_a.o
      1140        160          0          4          0      25713   os_cpu_c.o
       424        278        364          0          0       4669   os_dbg.o
      1548         60          0          0          0       7425   os_flag.o
        24         10          0          0          0        825   os_mem.o
       470         24          0          0          0       3329   os_msg.o
      1132         56          0          0          0       6222   os_mutex.o
       136         16          0          4          0       2742   os_prio.o
       862         48          0          0          0       5347   os_q.o
       946         48          0          0          0       5379   os_sem.o
      1592        196          0          0          0       3947   os_stat.o
      2734        128          0          0          0      11786   os_task.o
      1162         88          0          0          0       5735   os_tick.o
       520         40          0          0          0       2681   os_time.o
       568        142          0          0          0       3437   os_tmr.o
         0          0          0        188       1212      17686   os_var.o
       104         34        392          0       1536        876   startup_stm32f407xx.o
       100         20          0          4          0       3614   stm32f4xx_hal.o
        40          8          0          0          0      27390   stm32f4xx_hal_cortex.o
       540         48          0          0          0       3113   stm32f4xx_hal_gpio.o
         2          0          0          0          0        550   stm32f4xx_hal_msp_template.o
      2064         66         16          0          0       5510   stm32f4xx_hal_rcc.o
       100         18          0          4          0       1223   system_stm32f4xx.o

    ----------------------------------------------------------------------
     22064       2384        952        240      16416     601845   Object Totals
         0          0         32          0          0          0   (incl. Generated)
        26          0          0          0          0          0   (incl. Padding)

    ----------------------------------------------------------------------

      Code (inc. data)   RO Data    RW Data    ZI Data      Debug   Library Member Name

         8          0          0          0          0         68   __main.o
         0          0          0          0          0          0   __rtentry.o
        12          0          0          0          0          0   __rtentry2.o
         6          0          0          0          0          0   __rtentry4.o
        52          8          0          0          0          0   __scatter.o
        26          0          0          0          0          0   __scatter_copy.o
        28          0          0          0          0          0   __scatter_zi.o
        18          0          0          0          0         80   exit.o
         6          0          0          0          0        152   heapauxi.o
         0          0          0          0          0          0   indicate_semi.o
         2          0          0          0          0          0   libinit.o
         6          0          0          0          0          0   libinit2.o
         2          0          0          0          0          0   libshutdown.o
         2          0          0          0          0          0   libshutdown2.o
         8          4          0          0         96         68   libspace.o
         2          0          0          0          0          0   rtexit.o
        10          0          0          0          0          0   rtexit2.o
        12          4          0          0          0         68   sys_exit.o
        74          0          0          0          0         80   sys_stackheap_outer.o
         2          0          0          0          0         68   use_no_semi.o
        10          0          0          0          0        116   fpinit.o

    ----------------------------------------------------------------------
       296         16          0          0         96        700   Library Totals
        10          0          0          0          0          0   (incl. Padding)

    ----------------------------------------------------------------------

      Code (inc. data)   RO Data    RW Data    ZI Data      Debug   Library Name

       276         16          0          0         96        584   c_w.l
        10          0          0          0          0        116   fz_wm.l

    ----------------------------------------------------------------------
       296         16          0          0         96        700   Library Totals

    ----------------------------------------------------------------------

==============================================================================


      Code (inc. data)   RO Data    RW Data    ZI Data      Debug   

     22360       2400        952        240      16512     585489   Grand Totals
     22360       2400        952        240      16512     585489   ELF Image Totals
     22360       2400        952        240          0          0   ROM Totals

==============================================================================

    Total RO  Size (Code + RO Data)                23312 (  22.77kB)
    Total RW  Size (RW Data + ZI Data)             16752 (  16.36kB)
    Total ROM Size (Code + RO Data + RW Data)      23552 (  23.00kB)

==============================================================================

